10.143.2.25 - - [23/Jan/2022:08:41:28 +0000] "GET /imp/themes/default/graphics/checkbox_off.png HTTP/1.1" 200 646 "https://mail.smith.russellmitchell.com/imp/themes/default/dynamic/screen.css" "Mozilla/5.0 (X11; Linux x86_64) AppleWebKit/537.36 (KHTML, like Gecko) HeadlessChrome/97.0.4692.71 Safari/537.36"
10.143.2.25 - - [23/Jan/2022:08:41:28 +0000] "GET /imp/themes/default/graphics/ico_message_off.png HTTP/1.1" 200 774 "https://mail.smith.russellmitchell.com/imp/themes/default/dynamic/screen.css" "Mozilla/5.0 (X11; Linux x86_64) AppleWebKit/537.36 (KHTML, like Gecko) HeadlessChrome/97.0.4692.71 Safari/537.36"
10.143.2.25 - - [23/Jan/2022:08:41:28 +0000] "GET /imp/themes/default/graphics/reload.gif HTTP/1.1" 200 13946 "https://mail.smith.russellmitchell.com/imp/themes/default/dynamic/screen.css" "Mozilla/5.0 (X11; Linux x86_64) AppleWebKit/537.36 (KHTML, like Gecko) HeadlessChrome/97.0.4692.71 Safari/537.36"
10.143.2.25 - - [23/Jan/2022:08:41:28 +0000] "POST /services/ajax.php/imp/dynamicInit HTTP/1.1" 200 2979 "https://mail.smith.russellmitchell.com/imp/dynamic.php?page=mailbox" "Mozilla/5.0 (X11; Linux x86_64) AppleWebKit/537.36 (KHTML, like Gecko) HeadlessChrome/97.0.4692.71 Safari/537.36"
10.143.2.25 - - [23/Jan/2022:08:41:28 +0000] "GET /imp/themes/default/graphics/sbcursor_top.png HTTP/1.1" 200 432 "https://mail.smith.russellmitchell.com/imp/themes/default/dynamic/screen.css" "Mozilla/5.0 (X11; Linux x86_64) AppleWebKit/537.36 (KHTML, like Gecko) HeadlessChrome/97.0.4692.71 Safari/537.36"
10.143.2.25 - - [23/Jan/2022:08:41:28 +0000] "GET /imp/themes/default/graphics/scroller_back.png HTTP/1.1" 200 397 "https://mail.smith.russellmitchell.com/imp/themes/default/dynamic/screen.css" "Mozilla/5.0 (X11; Linux x86_64) AppleWebKit/537.36 (KHTML, like Gecko) HeadlessChrome/97.0.4692.71 Safari/537.36"
10.143.2.25 - - [23/Jan/2022:08:41:28 +0000] "GET /imp/themes/default/graphics/scroller.png HTTP/1.1" 200 401 "https://mail.smith.russellmitchell.com/imp/themes/default/dynamic/screen.css" "Mozilla/5.0 (X11; Linux x86_64) AppleWebKit/537.36 (KHTML, like Gecko) HeadlessChrome/97.0.4692.71 Safari/537.36"
10.143.2.25 - - [23/Jan/2022:08:41:28 +0000] "GET /imp/themes/default/graphics/sbcursor_bottom.png HTTP/1.1" 200 437 "https://mail.smith.russellmitchell.com/imp/themes/default/dynamic/screen.css" "Mozilla/5.0 (X11; Linux x86_64) AppleWebKit/537.36 (KHTML, like Gecko) HeadlessChrome/97.0.4692.71 Safari/537.36"
10.143.2.25 - - [23/Jan/2022:08:41:28 +0000] "GET /imp/themes/default/graphics/flags/unseen.png HTTP/1.1" 200 511 "https://mail.smith.russellmitchell.com/imp/themes/default/screen.css" "Mozilla/5.0 (X11; Linux x86_64) AppleWebKit/537.36 (KHTML, like Gecko) HeadlessChrome/97.0.4692.71 Safari/537.36"
10.143.2.25 - - [23/Jan/2022:08:41:28 +0000] "GET /imp/themes/default/graphics/flags/personal.png HTTP/1.1" 200 491 "https://mail.smith.russellmitchell.com/imp/themes/default/screen.css" "Mozilla/5.0 (X11; Linux x86_64) AppleWebKit/537.36 (KHTML, like Gecko) HeadlessChrome/97.0.4692.71 Safari/537.36"
10.143.2.25 - - [23/Jan/2022:08:41:28 +0000] "GET /imp/themes/default/graphics/flags/answered.png HTTP/1.1" 200 437 "https://mail.smith.russellmitchell.com/imp/themes/default/screen.css" "Mozilla/5.0 (X11; Linux x86_64) AppleWebKit/537.36 (KHTML, like Gecko) HeadlessChrome/97.0.4692.71 Safari/537.36"
10.143.2.25 - - [23/Jan/2022:08:41:28 +0000] "GET /imp/themes/default/graphics/flags/deleted.png HTTP/1.1" 200 480 "https://mail.smith.russellmitchell.com/imp/themes/default/screen.css" "Mozilla/5.0 (X11; Linux x86_64) AppleWebKit/537.36 (KHTML, like Gecko) HeadlessChrome/97.0.4692.71 Safari/537.36"
10.143.2.25 - - [23/Jan/2022:08:41:28 +0000] "GET /imp/themes/default/graphics/folders/inbox.png HTTP/1.1" 200 748 "https://mail.smith.russellmitchell.com/imp/themes/default/screen.css" "Mozilla/5.0 (X11; Linux x86_64) AppleWebKit/537.36 (KHTML, like Gecko) HeadlessChrome/97.0.4692.71 Safari/537.36"
10.143.2.25 - - [23/Jan/2022:08:41:28 +0000] "GET /imp/themes/default/graphics/folders/spam.png HTTP/1.1" 200 795 "https://mail.smith.russellmitchell.com/imp/themes/default/screen.css" "Mozilla/5.0 (X11; Linux x86_64) AppleWebKit/537.36 (KHTML, like Gecko) HeadlessChrome/97.0.4692.71 Safari/537.36"
10.143.2.25 - - [23/Jan/2022:08:41:28 +0000] "GET /imp/themes/default/graphics/folders/drafts.png HTTP/1.1" 200 788 "https://mail.smith.russellmitchell.com/imp/themes/default/screen.css" "Mozilla/5.0 (X11; Linux x86_64) AppleWebKit/537.36 (KHTML, like Gecko) HeadlessChrome/97.0.4692.71 Safari/537.36"
10.143.2.25 - - [23/Jan/2022:08:41:28 +0000] "GET /imp/themes/default/graphics/folders/folder.png HTTP/1.1" 200 516 "https://mail.smith.russellmitchell.com/imp/themes/default/dynamic/screen.css" "Mozilla/5.0 (X11; Linux x86_64) AppleWebKit/537.36 (KHTML, like Gecko) HeadlessChrome/97.0.4692.71 Safari/537.36"
10.143.2.25 - - [23/Jan/2022:08:41:28 +0000] "GET /imp/themes/default/graphics/folders/plus.png HTTP/1.1" 200 657 "https://mail.smith.russellmitchell.com/imp/themes/default/dynamic/screen.css" "Mozilla/5.0 (X11; Linux x86_64) AppleWebKit/537.36 (KHTML, like Gecko) HeadlessChrome/97.0.4692.71 Safari/537.36"
10.143.2.25 - - [23/Jan/2022:08:41:28 +0000] "GET /imp/themes/default/graphics/favicon.ico HTTP/1.1" 200 2064 "https://mail.smith.russellmitchell.com/imp/dynamic.php?page=mailbox" "Mozilla/5.0 (X11; Linux x86_64) AppleWebKit/537.36 (KHTML, like Gecko) HeadlessChrome/97.0.4692.71 Safari/537.36"
10.143.2.25 - - [23/Jan/2022:08:41:47 +0000] "GET /imp/dynamic.php?page=compose&type=new&token=j_Zv5AivOVHFrb7W5a4GE7I&uniq=1642927307749 HTTP/1.1" 200 6263 "https://mail.smith.russellmitchell.com/imp/dynamic.php?page=mailbox" "Mozilla/5.0 (X11; Linux x86_64) AppleWebKit/537.36 (KHTML, like Gecko) HeadlessChrome/97.0.4692.71 Safari/537.36"
10.143.2.25 - - [23/Jan/2022:08:41:47 +0000] "GET /imp/themes/default/mime.css HTTP/1.1" 200 494 "https://mail.smith.russellmitchell.com/imp/dynamic.php?page=compose&type=new&token=j_Zv5AivOVHFrb7W5a4GE7I&uniq=1642927307749" "Mozilla/5.0 (X11; Linux x86_64) AppleWebKit/537.36 (KHTML, like Gecko) HeadlessChrome/97.0.4692.71 Safari/537.36"
10.143.2.25 - - [23/Jan/2022:08:41:47 +0000] "GET /imp/themes/default/screen.css HTTP/1.1" 200 3354 "https://mail.smith.russellmitchell.com/imp/dynamic.php?page=compose&type=new&token=j_Zv5AivOVHFrb7W5a4GE7I&uniq=1642927307749" "Mozilla/5.0 (X11; Linux x86_64) AppleWebKit/537.36 (KHTML, like Gecko) HeadlessChrome/97.0.4692.71 Safari/537.36"
10.143.2.25 - - [23/Jan/2022:08:41:47 +0000] "GET /imp/js/compose-base.js?v=b2b582864b8fa969bd5860bc72f0d3da HTTP/1.1" 200 2250 "https://mail.smith.russellmitchell.com/imp/dynamic.php?page=compose&type=new&token=j_Zv5AivOVHFrb7W5a4GE7I&uniq=1642927307749" "Mozilla/5.0 (X11; Linux x86_64) AppleWebKit/537.36 (KHTML, like Gecko) HeadlessChrome/97.0.4692.71 Safari/537.36"
10.143.2.25 - - [23/Jan/2022:08:41:47 +0000] "GET /imp/js/compose-dimp.js?v=b2b582864b8fa969bd5860bc72f0d3da HTTP/1.1" 200 10715 "https://mail.smith.russellmitchell.com/imp/dynamic.php?page=compose&type=new&token=j_Zv5AivOVHFrb7W5a4GE7I&uniq=1642927307749" "Mozilla/5.0 (X11; Linux x86_64) AppleWebKit/537.36 (KHTML, like Gecko) HeadlessChrome/97.0.4692.71 Safari/537.36"
10.143.2.25 - - [23/Jan/2022:08:41:47 +0000] "GET /imp/js/editor.js?v=b2b582864b8fa969bd5860bc72f0d3da HTTP/1.1" 200 1083 "https://mail.smith.russellmitchell.com/imp/dynamic.php?page=compose&type=new&token=j_Zv5AivOVHFrb7W5a4GE7I&uniq=1642927307749" "Mozilla/5.0 (X11; Linux x86_64) AppleWebKit/537.36 (KHTML, like Gecko) HeadlessChrome/97.0.4692.71 Safari/537.36"
10.143.2.25 - - [23/Jan/2022:08:41:47 +0000] "GET /js/autocomplete.js?v=d0d0749382c4cc649651134fc974b2e8 HTTP/1.1" 200 3195 "https://mail.smith.russellmitchell.com/imp/dynamic.php?page=compose&type=new&token=j_Zv5AivOVHFrb7W5a4GE7I&uniq=1642927307749" "Mozilla/5.0 (X11; Linux x86_64) AppleWebKit/537.36 (KHTML, like Gecko) HeadlessChrome/97.0.4692.71 Safari/537.36"
10.143.2.25 - - [23/Jan/2022:08:41:47 +0000] "GET /js/liquidmetal.js?v=d0d0749382c4cc649651134fc974b2e8 HTTP/1.1" 200 1775 "https://mail.smith.russellmitchell.com/imp/dynamic.php?page=compose&type=new&token=j_Zv5AivOVHFrb7W5a4GE7I&uniq=1642927307749" "Mozilla/5.0 (X11; Linux x86_64) AppleWebKit/537.36 (KHTML, like Gecko) HeadlessChrome/97.0.4692.71 Safari/537.36"
10.143.2.25 - - [23/Jan/2022:08:41:47 +0000] "GET /imp/themes/default/dynamic/screen.css HTTP/1.1" 200 5959 "https://mail.smith.russellmitchell.com/imp/dynamic.php?page=compose&type=new&token=j_Zv5AivOVHFrb7W5a4GE7I&uniq=1642927307749" "Mozilla/5.0 (X11; Linux x86_64) AppleWebKit/537.36 (KHTML, like Gecko) HeadlessChrome/97.0.4692.71 Safari/537.36"
10.143.2.25 - - [23/Jan/2022:08:41:47 +0000] "GET /imp/js/prettyautocomplete.js?v=b2b582864b8fa969bd5860bc72f0d3da HTTP/1.1" 200 3182 "https://mail.smith.russellmitchell.com/imp/dynamic.php?page=compose&type=new&token=j_Zv5AivOVHFrb7W5a4GE7I&uniq=1642927307749" "Mozilla/5.0 (X11; Linux x86_64) AppleWebKit/537.36 (KHTML, like Gecko) HeadlessChrome/97.0.4692.71 Safari/537.36"
10.143.2.25 - - [23/Jan/2022:08:41:47 +0000] "GET /js/keynavlist.js?v=d0d0749382c4cc649651134fc974b2e8 HTTP/1.1" 200 3492 "https://mail.smith.russellmitchell.com/imp/dynamic.php?page=compose&type=new&token=j_Zv5AivOVHFrb7W5a4GE7I&uniq=1642927307749" "Mozilla/5.0 (X11; Linux x86_64) AppleWebKit/537.36 (KHTML, like Gecko) HeadlessChrome/97.0.4692.71 Safari/537.36"
10.143.2.25 - - [23/Jan/2022:08:41:47 +0000] "GET /imp/js/ckeditor/imagepoll.js?v=b2b582864b8fa969bd5860bc72f0d3da HTTP/1.1" 200 1742 "https://mail.smith.russellmitchell.com/imp/dynamic.php?page=compose&type=new&token=j_Zv5AivOVHFrb7W5a4GE7I&uniq=1642927307749" "Mozilla/5.0 (X11; Linux x86_64) AppleWebKit/537.36 (KHTML, like Gecko) HeadlessChrome/97.0.4692.71 Safari/537.36"
10.143.2.25 - - [23/Jan/2022:08:41:47 +0000] "GET /js/ckeditor/ckeditor_basic.js HTTP/1.1" 200 3409 "https://mail.smith.russellmitchell.com/imp/dynamic.php?page=compose&type=new&token=j_Zv5AivOVHFrb7W5a4GE7I&uniq=1642927307749" "Mozilla/5.0 (X11; Linux x86_64) AppleWebKit/537.36 (KHTML, like Gecko) HeadlessChrome/97.0.4692.71 Safari/537.36"
10.143.2.25 - - [23/Jan/2022:08:41:47 +0000] "GET /imp/js/draghandler.js?v=b2b582864b8fa969bd5860bc72f0d3da HTTP/1.1" 200 4292 "https://mail.smith.russellmitchell.com/imp/dynamic.php?page=compose&type=new&token=j_Zv5AivOVHFrb7W5a4GE7I&uniq=1642927307749" "Mozilla/5.0 (X11; Linux x86_64) AppleWebKit/537.36 (KHTML, like Gecko) HeadlessChrome/97.0.4692.71 Safari/537.36"
10.143.2.25 - - [23/Jan/2022:08:41:47 +0000] "GET /imp/js/ckeditor/imageupload.js?v=b2b582864b8fa969bd5860bc72f0d3da HTTP/1.1" 200 1814 "https://mail.smith.russellmitchell.com/imp/dynamic.php?page=compose&type=new&token=j_Zv5AivOVHFrb7W5a4GE7I&uniq=1642927307749" "Mozilla/5.0 (X11; Linux x86_64) AppleWebKit/537.36 (KHTML, like Gecko) HeadlessChrome/97.0.4692.71 Safari/537.36"
10.143.2.25 - - [23/Jan/2022:08:41:48 +0000] "GET /imp/themes/default/graphics/close.png HTTP/1.1" 200 795 "https://mail.smith.russellmitchell.com/imp/themes/default/screen.css" "Mozilla/5.0 (X11; Linux x86_64) AppleWebKit/537.36 (KHTML, like Gecko) HeadlessChrome/97.0.4692.71 Safari/537.36"
10.143.2.25 - - [23/Jan/2022:08:41:48 +0000] "GET /imp/themes/default/graphics/forward.png HTTP/1.1" 200 558 "https://mail.smith.russellmitchell.com/imp/themes/default/dynamic/screen.css" "Mozilla/5.0 (X11; Linux x86_64) AppleWebKit/537.36 (KHTML, like Gecko) HeadlessChrome/97.0.4692.71 Safari/537.36"
10.143.2.25 - - [23/Jan/2022:08:41:48 +0000] "GET /imp/themes/default/graphics/drafts.png HTTP/1.1" 200 786 "https://mail.smith.russellmitchell.com/imp/themes/default/dynamic/screen.css" "Mozilla/5.0 (X11; Linux x86_64) AppleWebKit/537.36 (KHTML, like Gecko) HeadlessChrome/97.0.4692.71 Safari/537.36"
10.143.2.25 - - [23/Jan/2022:08:41:48 +0000] "GET /imp/themes/default/graphics/attachment.png HTTP/1.1" 200 851 "https://mail.smith.russellmitchell.com/imp/themes/default/dynamic/screen.css" "Mozilla/5.0 (X11; Linux x86_64) AppleWebKit/537.36 (KHTML, like Gecko) HeadlessChrome/97.0.4692.71 Safari/537.36"
10.143.2.25 - - [23/Jan/2022:08:42:22 +0000] "GET /imp/themes/default/graphics/delete-small.png HTTP/1.1" 200 1005 "https://mail.smith.russellmitchell.com/imp/dynamic.php?page=compose&type=new&token=j_Zv5AivOVHFrb7W5a4GE7I&uniq=1642927307749" "Mozilla/5.0 (X11; Linux x86_64) AppleWebKit/537.36 (KHTML, like Gecko) HeadlessChrome/97.0.4692.71 Safari/537.36"
10.143.3.65 - - [23/Jan/2022:08:42:56 +0000] "POST /services/ajax.php/horde/topbarUpdate HTTP/1.1" 200 2819 "https://mail.smith.russellmitchell.com/imp/dynamic.php?page=mailbox" "Mozilla/5.0 (X11; Ubuntu; Linux x86_64; rv:86.0) Gecko/20100101 Firefox/86.0"
10.143.2.91 - - [23/Jan/2022:08:43:14 +0000] "GET /mnemo/ HTTP/1.1" 200 6021 "https://mail.smith.russellmitchell.com/nag/list.php" "Mozilla/5.0 (X11; Ubuntu; Linux x86_64; rv:86.0) Gecko/20100101 Firefox/86.0"
10.143.3.65 - - [23/Jan/2022:08:43:21 +0000] "POST /services/ajax.php/imp/sendMessage HTTP/1.1" 200 1083 "https://mail.smith.russellmitchell.com/imp/dynamic.php?page=compose&type=new&token=pVT1OReTFt1VCA3W227DFao&uniq=1642927260455" "Mozilla/5.0 (X11; Ubuntu; Linux x86_64; rv:86.0) Gecko/20100101 Firefox/86.0"
10.143.3.65 - - [23/Jan/2022:08:43:22 +0000] "POST /services/ajax.php/imp/showMessage HTTP/1.1" 200 3401 "https://mail.smith.russellmitchell.com/imp/dynamic.php?page=mailbox" "Mozilla/5.0 (X11; Ubuntu; Linux x86_64; rv:86.0) Gecko/20100101 Firefox/86.0"
10.143.2.91 - - [23/Jan/2022:08:43:30 +0000] "GET /mnemo/memo.php?memo=_rpaClBwkFcGSB8JnKCs1Fq&memolist=YOdbWzc5mhWP1cgte8MB37Q&actionID=modify_memo HTTP/1.1" 200 6967 "https://mail.smith.russellmitchell.com/mnemo/" "Mozilla/5.0 (X11; Ubuntu; Linux x86_64; rv:86.0) Gecko/20100101 Firefox/86.0"
10.143.3.65 - - [23/Jan/2022:08:43:36 +0000] "GET /imp/dynamic.php?page=message&buid=38&mailbox=SU5CT1g&token=pVT1OReTFt1VCA3W227DFao&uniq=1642927416554 HTTP/1.1" 200 7954 "https://mail.smith.russellmitchell.com/imp/dynamic.php?page=mailbox" "Mozilla/5.0 (X11; Ubuntu; Linux x86_64; rv:86.0) Gecko/20100101 Firefox/86.0"
10.143.3.65 - - [23/Jan/2022:08:43:37 +0000] "GET /imp/themes/default/graphics/message_source.png HTTP/1.1" 200 424 "https://mail.smith.russellmitchell.com/imp/themes/default/dynamic/screen.css" "Mozilla/5.0 (X11; Ubuntu; Linux x86_64; rv:86.0) Gecko/20100101 Firefox/86.0"
10.143.2.25 - - [23/Jan/2022:08:43:43 +0000] "POST /services/ajax.php/imp/sendMessage HTTP/1.1" 200 1087 "https://mail.smith.russellmitchell.com/imp/dynamic.php?page=compose&type=new&token=j_Zv5AivOVHFrb7W5a4GE7I&uniq=1642927307749" "Mozilla/5.0 (X11; Linux x86_64) AppleWebKit/537.36 (KHTML, like Gecko) HeadlessChrome/97.0.4692.71 Safari/537.36"
10.143.2.25 - - [23/Jan/2022:08:43:44 +0000] "GET /imp/dynamic.php?page=compose&type=new&token=j_Zv5AivOVHFrb7W5a4GE7I&uniq=1642927424792 HTTP/1.1" 200 5682 "https://mail.smith.russellmitchell.com/imp/dynamic.php?page=mailbox" "Mozilla/5.0 (X11; Linux x86_64) AppleWebKit/537.36 (KHTML, like Gecko) HeadlessChrome/97.0.4692.71 Safari/537.36"
10.143.2.25 - - [23/Jan/2022:08:43:44 +0000] "GET /imp/themes/default/mime.css HTTP/1.1" 200 494 "https://mail.smith.russellmitchell.com/imp/dynamic.php?page=compose&type=new&token=j_Zv5AivOVHFrb7W5a4GE7I&uniq=1642927424792" "Mozilla/5.0 (X11; Linux x86_64) AppleWebKit/537.36 (KHTML, like Gecko) HeadlessChrome/97.0.4692.71 Safari/537.36"
10.143.2.25 - - [23/Jan/2022:08:43:44 +0000] "GET /imp/themes/default/screen.css HTTP/1.1" 200 3354 "https://mail.smith.russellmitchell.com/imp/dynamic.php?page=compose&type=new&token=j_Zv5AivOVHFrb7W5a4GE7I&uniq=1642927424792" "Mozilla/5.0 (X11; Linux x86_64) AppleWebKit/537.36 (KHTML, like Gecko) HeadlessChrome/97.0.4692.71 Safari/537.36"
10.143.2.25 - - [23/Jan/2022:08:43:44 +0000] "GET /imp/themes/default/dynamic/screen.css HTTP/1.1" 200 5959 "https://mail.smith.russellmitchell.com/imp/dynamic.php?page=compose&type=new&token=j_Zv5AivOVHFrb7W5a4GE7I&uniq=1642927424792" "Mozilla/5.0 (X11; Linux x86_64) AppleWebKit/537.36 (KHTML, like Gecko) HeadlessChrome/97.0.4692.71 Safari/537.36"
10.143.2.91 - - [23/Jan/2022:08:43:44 +0000] "GET /mnemo/memo.php?memo=_rpaClBwkFcGSB8JnKCs1Fq&memolist=YOdbWzc5mhWP1cgte8MB37Q&actionID=delete_memos HTTP/1.1" 302 1046 "https://mail.smith.russellmitchell.com/mnemo/memo.php?memo=_rpaClBwkFcGSB8JnKCs1Fq&memolist=YOdbWzc5mhWP1cgte8MB37Q&actionID=modify_memo" "Mozilla/5.0 (X11; Ubuntu; Linux x86_64; rv:86.0) Gecko/20100101 Firefox/86.0"
10.143.2.91 - - [23/Jan/2022:08:43:45 +0000] "GET /mnemo/list.php HTTP/1.1" 200 3909 "https://mail.smith.russellmitchell.com/mnemo/memo.php?memo=_rpaClBwkFcGSB8JnKCs1Fq&memolist=YOdbWzc5mhWP1cgte8MB37Q&actionID=modify_memo" "Mozilla/5.0 (X11; Ubuntu; Linux x86_64; rv:86.0) Gecko/20100101 Firefox/86.0"
10.143.2.25 - - [23/Jan/2022:08:44:05 +0000] "GET /imp/themes/default/graphics/delete-small.png HTTP/1.1" 200 1005 "https://mail.smith.russellmitchell.com/imp/dynamic.php?page=compose&type=new&token=j_Zv5AivOVHFrb7W5a4GE7I&uniq=1642927424792" "Mozilla/5.0 (X11; Linux x86_64) AppleWebKit/537.36 (KHTML, like Gecko) HeadlessChrome/97.0.4692.71 Safari/537.36"
10.143.3.65 - - [23/Jan/2022:08:44:11 +0000] "POST /services/ajax.php/imp/deleteMessages HTTP/1.1" 200 1996 "https://mail.smith.russellmitchell.com/imp/dynamic.php?page=mailbox" "Mozilla/5.0 (X11; Ubuntu; Linux x86_64; rv:86.0) Gecko/20100101 Firefox/86.0"
10.143.3.65 - - [23/Jan/2022:08:44:34 +0000] "POST /services/ajax.php/imp/poll HTTP/1.1" 200 1033 "https://mail.smith.russellmitchell.com/imp/dynamic.php?page=mailbox" "Mozilla/5.0 (X11; Ubuntu; Linux x86_64; rv:86.0) Gecko/20100101 Firefox/86.0"
10.143.3.65 - - [23/Jan/2022:08:44:34 +0000] "POST /services/ajax.php/imp/showMessage HTTP/1.1" 200 2537 "https://mail.smith.russellmitchell.com/imp/dynamic.php?page=mailbox" "Mozilla/5.0 (X11; Ubuntu; Linux x86_64; rv:86.0) Gecko/20100101 Firefox/86.0"
10.143.2.25 - - [23/Jan/2022:08:44:46 +0000] "POST /services/ajax.php/imp/sendMessage HTTP/1.1" 200 1087 "https://mail.smith.russellmitchell.com/imp/dynamic.php?page=compose&type=new&token=j_Zv5AivOVHFrb7W5a4GE7I&uniq=1642927424792" "Mozilla/5.0 (X11; Linux x86_64) AppleWebKit/537.36 (KHTML, like Gecko) HeadlessChrome/97.0.4692.71 Safari/537.36"
10.143.2.25 - - [23/Jan/2022:08:44:46 +0000] "POST /services/ajax.php/imp/poll HTTP/1.1" 200 456 "https://mail.smith.russellmitchell.com/imp/dynamic.php?page=mailbox" "Mozilla/5.0 (X11; Linux x86_64) AppleWebKit/537.36 (KHTML, like Gecko) HeadlessChrome/97.0.4692.71 Safari/537.36"
10.143.2.25 - - [23/Jan/2022:08:44:47 +0000] "GET /imp/themes/default/graphics/reply.png HTTP/1.1" 200 553 "https://mail.smith.russellmitchell.com/imp/themes/default/dynamic/screen.css" "Mozilla/5.0 (X11; Linux x86_64) AppleWebKit/537.36 (KHTML, like Gecko) HeadlessChrome/97.0.4692.71 Safari/537.36"
10.143.2.25 - - [23/Jan/2022:08:44:47 +0000] "GET /imp/themes/default/graphics/delete.png HTTP/1.1" 200 618 "https://mail.smith.russellmitchell.com/imp/themes/default/dynamic/screen.css" "Mozilla/5.0 (X11; Linux x86_64) AppleWebKit/537.36 (KHTML, like Gecko) HeadlessChrome/97.0.4692.71 Safari/537.36"
10.143.2.25 - - [23/Jan/2022:08:44:47 +0000] "GET /imp/themes/default/graphics/checkbox_on.png HTTP/1.1" 200 783 "https://mail.smith.russellmitchell.com/imp/themes/default/dynamic/screen.css" "Mozilla/5.0 (X11; Linux x86_64) AppleWebKit/537.36 (KHTML, like Gecko) HeadlessChrome/97.0.4692.71 Safari/537.36"
10.143.2.25 - - [23/Jan/2022:08:44:47 +0000] "GET /imp/themes/default/graphics/flags/unseen-inv.png HTTP/1.1" 200 518 "https://mail.smith.russellmitchell.com/imp/themes/default/dynamic/screen.css" "Mozilla/5.0 (X11; Linux x86_64) AppleWebKit/537.36 (KHTML, like Gecko) HeadlessChrome/97.0.4692.71 Safari/537.36"
10.143.2.25 - - [23/Jan/2022:08:44:47 +0000] "GET /imp/themes/default/graphics/flags/personal-inv.png HTTP/1.1" 200 1073 "https://mail.smith.russellmitchell.com/imp/themes/default/dynamic/screen.css" "Mozilla/5.0 (X11; Linux x86_64) AppleWebKit/537.36 (KHTML, like Gecko) HeadlessChrome/97.0.4692.71 Safari/537.36"
10.143.2.25 - - [23/Jan/2022:08:44:47 +0000] "POST /services/ajax.php/imp/showMessage HTTP/1.1" 200 2988 "https://mail.smith.russellmitchell.com/imp/dynamic.php?page=mailbox" "Mozilla/5.0 (X11; Linux x86_64) AppleWebKit/537.36 (KHTML, like Gecko) HeadlessChrome/97.0.4692.71 Safari/537.36"
10.143.2.25 - - [23/Jan/2022:08:44:47 +0000] "GET /imp/themes/default/graphics/plus.png HTTP/1.1" 200 791 "https://mail.smith.russellmitchell.com/imp/themes/default/dynamic/screen.css" "Mozilla/5.0 (X11; Linux x86_64) AppleWebKit/537.36 (KHTML, like Gecko) HeadlessChrome/97.0.4692.71 Safari/537.36"
10.143.2.25 - - [23/Jan/2022:08:44:47 +0000] "GET /imp/themes/default/graphics/arrow_collapsed.png HTTP/1.1" 200 539 "https://mail.smith.russellmitchell.com/imp/themes/default/dynamic/screen.css" "Mozilla/5.0 (X11; Linux x86_64) AppleWebKit/537.36 (KHTML, like Gecko) HeadlessChrome/97.0.4692.71 Safari/537.36"
10.143.2.25 - - [23/Jan/2022:08:44:47 +0000] "GET /imp/themes/default/graphics/download.png HTTP/1.1" 200 603 "https://mail.smith.russellmitchell.com/imp/themes/default/screen.css" "Mozilla/5.0 (X11; Linux x86_64) AppleWebKit/537.36 (KHTML, like Gecko) HeadlessChrome/97.0.4692.71 Safari/537.36"
10.143.2.25 - - [23/Jan/2022:08:44:47 +0000] "GET /imp/themes/default/graphics/print.png HTTP/1.1" 200 655 "https://mail.smith.russellmitchell.com/imp/themes/default/screen.css" "Mozilla/5.0 (X11; Linux x86_64) AppleWebKit/537.36 (KHTML, like Gecko) HeadlessChrome/97.0.4692.71 Safari/537.36"
10.143.3.65 - - [23/Jan/2022:08:45:09 +0000] "GET /imp/dynamic.php?page=message&buid=49&mailbox=SU5CT1g&token=pVT1OReTFt1VCA3W227DFao&uniq=1642927509377 HTTP/1.1" 200 8132 "https://mail.smith.russellmitchell.com/imp/dynamic.php?page=mailbox" "Mozilla/5.0 (X11; Ubuntu; Linux x86_64; rv:86.0) Gecko/20100101 Firefox/86.0"
10.143.2.25 - - [23/Jan/2022:08:45:20 +0000] "POST /services/ajax.php/imp/showMessage HTTP/1.1" 200 4665 "https://mail.smith.russellmitchell.com/imp/dynamic.php?page=mailbox" "Mozilla/5.0 (X11; Linux x86_64) AppleWebKit/537.36 (KHTML, like Gecko) HeadlessChrome/97.0.4692.71 Safari/537.36"
10.143.2.25 - - [23/Jan/2022:08:45:42 +0000] "GET /imp/dynamic.php?page=message&buid=29&mailbox=SU5CT1g&token=j_Zv5AivOVHFrb7W5a4GE7I&uniq=1642927542126 HTTP/1.1" 200 8962 "https://mail.smith.russellmitchell.com/imp/dynamic.php?page=mailbox" "Mozilla/5.0 (X11; Linux x86_64) AppleWebKit/537.36 (KHTML, like Gecko) HeadlessChrome/97.0.4692.71 Safari/537.36"
10.143.2.25 - - [23/Jan/2022:08:45:42 +0000] "GET /imp/themes/default/mime.css HTTP/1.1" 200 494 "https://mail.smith.russellmitchell.com/imp/dynamic.php?page=message&buid=29&mailbox=SU5CT1g&token=j_Zv5AivOVHFrb7W5a4GE7I&uniq=1642927542126" "Mozilla/5.0 (X11; Linux x86_64) AppleWebKit/537.36 (KHTML, like Gecko) HeadlessChrome/97.0.4692.71 Safari/537.36"
10.143.2.25 - - [23/Jan/2022:08:45:42 +0000] "GET /imp/themes/default/screen.css HTTP/1.1" 200 3354 "https://mail.smith.russellmitchell.com/imp/dynamic.php?page=message&buid=29&mailbox=SU5CT1g&token=j_Zv5AivOVHFrb7W5a4GE7I&uniq=1642927542126" "Mozilla/5.0 (X11; Linux x86_64) AppleWebKit/537.36 (KHTML, like Gecko) HeadlessChrome/97.0.4692.71 Safari/537.36"
10.143.2.25 - - [23/Jan/2022:08:45:42 +0000] "GET /imp/js/compose-base.js?v=b2b582864b8fa969bd5860bc72f0d3da HTTP/1.1" 200 2228 "https://mail.smith.russellmitchell.com/imp/dynamic.php?page=message&buid=29&mailbox=SU5CT1g&token=j_Zv5AivOVHFrb7W5a4GE7I&uniq=1642927542126" "Mozilla/5.0 (X11; Linux x86_64) AppleWebKit/537.36 (KHTML, like Gecko) HeadlessChrome/97.0.4692.71 Safari/537.36"
10.143.2.25 - - [23/Jan/2022:08:45:42 +0000] "GET /imp/js/ckeditor/imagepoll.js?v=b2b582864b8fa969bd5860bc72f0d3da HTTP/1.1" 200 1166 "https://mail.smith.russellmitchell.com/imp/dynamic.php?page=message&buid=29&mailbox=SU5CT1g&token=j_Zv5AivOVHFrb7W5a4GE7I&uniq=1642927542126" "Mozilla/5.0 (X11; Linux x86_64) AppleWebKit/537.36 (KHTML, like Gecko) HeadlessChrome/97.0.4692.71 Safari/537.36"
10.143.2.25 - - [23/Jan/2022:08:45:42 +0000] "GET /imp/js/compose-dimp.js?v=b2b582864b8fa969bd5860bc72f0d3da HTTP/1.1" 200 10715 "https://mail.smith.russellmitchell.com/imp/dynamic.php?page=message&buid=29&mailbox=SU5CT1g&token=j_Zv5AivOVHFrb7W5a4GE7I&uniq=1642927542126" "Mozilla/5.0 (X11; Linux x86_64) AppleWebKit/537.36 (KHTML, like Gecko) HeadlessChrome/97.0.4692.71 Safari/537.36"
10.143.2.25 - - [23/Jan/2022:08:45:42 +0000] "GET /imp/js/draghandler.js?v=b2b582864b8fa969bd5860bc72f0d3da HTTP/1.1" 200 1279 "https://mail.smith.russellmitchell.com/imp/dynamic.php?page=message&buid=29&mailbox=SU5CT1g&token=j_Zv5AivOVHFrb7W5a4GE7I&uniq=1642927542126" "Mozilla/5.0 (X11; Linux x86_64) AppleWebKit/537.36 (KHTML, like Gecko) HeadlessChrome/97.0.4692.71 Safari/537.36"
10.143.2.25 - - [23/Jan/2022:08:45:42 +0000] "GET /imp/themes/default/dynamic/screen.css HTTP/1.1" 200 5959 "https://mail.smith.russellmitchell.com/imp/dynamic.php?page=message&buid=29&mailbox=SU5CT1g&token=j_Zv5AivOVHFrb7W5a4GE7I&uniq=1642927542126" "Mozilla/5.0 (X11; Linux x86_64) AppleWebKit/537.36 (KHTML, like Gecko) HeadlessChrome/97.0.4692.71 Safari/537.36"
10.143.2.25 - - [23/Jan/2022:08:45:42 +0000] "GET /imp/js/ckeditor/imageupload.js?v=b2b582864b8fa969bd5860bc72f0d3da HTTP/1.1" 200 4251 "https://mail.smith.russellmitchell.com/imp/dynamic.php?page=message&buid=29&mailbox=SU5CT1g&token=j_Zv5AivOVHFrb7W5a4GE7I&uniq=1642927542126" "Mozilla/5.0 (X11; Linux x86_64) AppleWebKit/537.36 (KHTML, like Gecko) HeadlessChrome/97.0.4692.71 Safari/537.36"
10.143.2.25 - - [23/Jan/2022:08:45:42 +0000] "GET /js/keynavlist.js?v=d0d0749382c4cc649651134fc974b2e8 HTTP/1.1" 200 3492 "https://mail.smith.russellmitchell.com/imp/dynamic.php?page=message&buid=29&mailbox=SU5CT1g&token=j_Zv5AivOVHFrb7W5a4GE7I&uniq=1642927542126" "Mozilla/5.0 (X11; Linux x86_64) AppleWebKit/537.36 (KHTML, like Gecko) HeadlessChrome/97.0.4692.71 Safari/537.36"
10.143.2.25 - - [23/Jan/2022:08:45:42 +0000] "GET /imp/js/message-dimp.js?v=b2b582864b8fa969bd5860bc72f0d3da HTTP/1.1" 200 3615 "https://mail.smith.russellmitchell.com/imp/dynamic.php?page=message&buid=29&mailbox=SU5CT1g&token=j_Zv5AivOVHFrb7W5a4GE7I&uniq=1642927542126" "Mozilla/5.0 (X11; Linux x86_64) AppleWebKit/537.36 (KHTML, like Gecko) HeadlessChrome/97.0.4692.71 Safari/537.36"
10.143.2.25 - - [23/Jan/2022:08:45:42 +0000] "GET /js/textarearesize.js?v=d0d0749382c4cc649651134fc974b2e8 HTTP/1.1" 200 1780 "https://mail.smith.russellmitchell.com/imp/dynamic.php?page=message&buid=29&mailbox=SU5CT1g&token=j_Zv5AivOVHFrb7W5a4GE7I&uniq=1642927542126" "Mozilla/5.0 (X11; Linux x86_64) AppleWebKit/537.36 (KHTML, like Gecko) HeadlessChrome/97.0.4692.71 Safari/537.36"
10.143.2.25 - - [23/Jan/2022:08:45:42 +0000] "GET /imp/js/editor.js?v=b2b582864b8fa969bd5860bc72f0d3da HTTP/1.1" 200 1083 "https://mail.smith.russellmitchell.com/imp/dynamic.php?page=message&buid=29&mailbox=SU5CT1g&token=j_Zv5AivOVHFrb7W5a4GE7I&uniq=1642927542126" "Mozilla/5.0 (X11; Linux x86_64) AppleWebKit/537.36 (KHTML, like Gecko) HeadlessChrome/97.0.4692.71 Safari/537.36"
10.143.2.25 - - [23/Jan/2022:08:45:42 +0000] "GET /imp/js/prettyautocomplete.js?v=b2b582864b8fa969bd5860bc72f0d3da HTTP/1.1" 200 3182 "https://mail.smith.russellmitchell.com/imp/dynamic.php?page=message&buid=29&mailbox=SU5CT1g&token=j_Zv5AivOVHFrb7W5a4GE7I&uniq=1642927542126" "Mozilla/5.0 (X11; Linux x86_64) AppleWebKit/537.36 (KHTML, like Gecko) HeadlessChrome/97.0.4692.71 Safari/537.36"
10.143.2.25 - - [23/Jan/2022:08:45:42 +0000] "GET /js/liquidmetal.js?v=d0d0749382c4cc649651134fc974b2e8 HTTP/1.1" 200 1775 "https://mail.smith.russellmitchell.com/imp/dynamic.php?page=message&buid=29&mailbox=SU5CT1g&token=j_Zv5AivOVHFrb7W5a4GE7I&uniq=1642927542126" "Mozilla/5.0 (X11; Linux x86_64) AppleWebKit/537.36 (KHTML, like Gecko) HeadlessChrome/97.0.4692.71 Safari/537.36"
10.143.2.25 - - [23/Jan/2022:08:45:42 +0000] "GET /js/ckeditor/ckeditor_basic.js HTTP/1.1" 200 3409 "https://mail.smith.russellmitchell.com/imp/dynamic.php?page=message&buid=29&mailbox=SU5CT1g&token=j_Zv5AivOVHFrb7W5a4GE7I&uniq=1642927542126" "Mozilla/5.0 (X11; Linux x86_64) AppleWebKit/537.36 (KHTML, like Gecko) HeadlessChrome/97.0.4692.71 Safari/537.36"
10.143.2.25 - - [23/Jan/2022:08:45:42 +0000] "GET /js/autocomplete.js?v=d0d0749382c4cc649651134fc974b2e8 HTTP/1.1" 200 3195 "https://mail.smith.russellmitchell.com/imp/dynamic.php?page=message&buid=29&mailbox=SU5CT1g&token=j_Zv5AivOVHFrb7W5a4GE7I&uniq=1642927542126" "Mozilla/5.0 (X11; Linux x86_64) AppleWebKit/537.36 (KHTML, like Gecko) HeadlessChrome/97.0.4692.71 Safari/537.36"
10.143.2.25 - - [23/Jan/2022:08:45:42 +0000] "GET /imp/themes/default/graphics/close.png HTTP/1.1" 200 795 "https://mail.smith.russellmitchell.com/imp/themes/default/screen.css" "Mozilla/5.0 (X11; Linux x86_64) AppleWebKit/537.36 (KHTML, like Gecko) HeadlessChrome/97.0.4692.71 Safari/537.36"
10.143.2.25 - - [23/Jan/2022:08:45:42 +0000] "GET /imp/themes/default/graphics/message_source.png HTTP/1.1" 200 424 "https://mail.smith.russellmitchell.com/imp/themes/default/dynamic/screen.css" "Mozilla/5.0 (X11; Linux x86_64) AppleWebKit/537.36 (KHTML, like Gecko) HeadlessChrome/97.0.4692.71 Safari/537.36"
10.143.2.25 - - [23/Jan/2022:08:45:42 +0000] "GET /imp/themes/default/graphics/attachment.png HTTP/1.1" 200 851 "https://mail.smith.russellmitchell.com/imp/themes/default/dynamic/screen.css" "Mozilla/5.0 (X11; Linux x86_64) AppleWebKit/537.36 (KHTML, like Gecko) HeadlessChrome/97.0.4692.71 Safari/537.36"
10.143.3.65 - - [23/Jan/2022:08:45:52 +0000] "POST /services/ajax.php/imp/deleteMessages HTTP/1.1" 200 1076 "https://mail.smith.russellmitchell.com/imp/dynamic.php?page=mailbox" "Mozilla/5.0 (X11; Ubuntu; Linux x86_64; rv:86.0) Gecko/20100101 Firefox/86.0"
10.143.2.25 - - [23/Jan/2022:08:45:57 +0000] "GET /imp/themes/default/graphics/drafts.png HTTP/1.1" 200 1362 "https://mail.smith.russellmitchell.com/imp/themes/default/dynamic/screen.css" "Mozilla/5.0 (X11; Linux x86_64) AppleWebKit/537.36 (KHTML, like Gecko) HeadlessChrome/97.0.4692.71 Safari/537.36"
10.143.2.25 - - [23/Jan/2022:08:45:57 +0000] "POST /services/ajax.php/imp/getReplyData HTTP/1.1" 200 1337 "https://mail.smith.russellmitchell.com/imp/dynamic.php?page=message&buid=29&mailbox=SU5CT1g&token=j_Zv5AivOVHFrb7W5a4GE7I&uniq=1642927542126" "Mozilla/5.0 (X11; Linux x86_64) AppleWebKit/537.36 (KHTML, like Gecko) HeadlessChrome/97.0.4692.71 Safari/537.36"
10.143.2.25 - - [23/Jan/2022:08:45:57 +0000] "GET /imp/themes/default/graphics/delete-small.png HTTP/1.1" 200 429 "https://mail.smith.russellmitchell.com/imp/dynamic.php?page=message&buid=29&mailbox=SU5CT1g&token=j_Zv5AivOVHFrb7W5a4GE7I&uniq=1642927542126" "Mozilla/5.0 (X11; Linux x86_64) AppleWebKit/537.36 (KHTML, like Gecko) HeadlessChrome/97.0.4692.71 Safari/537.36"
10.143.2.25 - - [23/Jan/2022:08:46:28 +0000] "POST /services/ajax.php/horde/topbarUpdate HTTP/1.1" 200 2820 "https://mail.smith.russellmitchell.com/imp/dynamic.php?page=mailbox" "Mozilla/5.0 (X11; Linux x86_64) AppleWebKit/537.36 (KHTML, like Gecko) HeadlessChrome/97.0.4692.71 Safari/537.36"
10.143.2.25 - - [23/Jan/2022:08:46:31 +0000] "POST /services/ajax.php/imp/sendMessage HTTP/1.1" 200 662 "https://mail.smith.russellmitchell.com/imp/dynamic.php?page=message&buid=29&mailbox=SU5CT1g&token=j_Zv5AivOVHFrb7W5a4GE7I&uniq=1642927542126" "Mozilla/5.0 (X11; Linux x86_64) AppleWebKit/537.36 (KHTML, like Gecko) HeadlessChrome/97.0.4692.71 Safari/537.36"
10.143.2.25 - - [23/Jan/2022:08:46:32 +0000] "GET /imp/themes/default/graphics/flags/answered-inv.png HTTP/1.1" 200 443 "https://mail.smith.russellmitchell.com/imp/themes/default/dynamic/screen.css" "Mozilla/5.0 (X11; Linux x86_64) AppleWebKit/537.36 (KHTML, like Gecko) HeadlessChrome/97.0.4692.71 Safari/537.36"
10.143.2.25 - - [23/Jan/2022:08:46:32 +0000] "POST /services/ajax.php/imp/showMessage HTTP/1.1" 200 2744 "https://mail.smith.russellmitchell.com/imp/dynamic.php?page=mailbox" "Mozilla/5.0 (X11; Linux x86_64) AppleWebKit/537.36 (KHTML, like Gecko) HeadlessChrome/97.0.4692.71 Safari/537.36"
10.143.2.25 - - [23/Jan/2022:08:46:47 +0000] "GET /imp/dynamic.php?page=message&buid=22&mailbox=SU5CT1g&token=j_Zv5AivOVHFrb7W5a4GE7I&uniq=1642927607428 HTTP/1.1" 200 7904 "https://mail.smith.russellmitchell.com/imp/dynamic.php?page=mailbox" "Mozilla/5.0 (X11; Linux x86_64) AppleWebKit/537.36 (KHTML, like Gecko) HeadlessChrome/97.0.4692.71 Safari/537.36"
10.143.2.25 - - [23/Jan/2022:08:46:47 +0000] "GET /imp/themes/default/mime.css HTTP/1.1" 200 494 "https://mail.smith.russellmitchell.com/imp/dynamic.php?page=message&buid=22&mailbox=SU5CT1g&token=j_Zv5AivOVHFrb7W5a4GE7I&uniq=1642927607428" "Mozilla/5.0 (X11; Linux x86_64) AppleWebKit/537.36 (KHTML, like Gecko) HeadlessChrome/97.0.4692.71 Safari/537.36"
10.143.2.25 - - [23/Jan/2022:08:46:47 +0000] "GET /imp/themes/default/screen.css HTTP/1.1" 200 3354 "https://mail.smith.russellmitchell.com/imp/dynamic.php?page=message&buid=22&mailbox=SU5CT1g&token=j_Zv5AivOVHFrb7W5a4GE7I&uniq=1642927607428" "Mozilla/5.0 (X11; Linux x86_64) AppleWebKit/537.36 (KHTML, like Gecko) HeadlessChrome/97.0.4692.71 Safari/537.36"
10.143.2.25 - - [23/Jan/2022:08:46:47 +0000] "GET /imp/themes/default/dynamic/screen.css HTTP/1.1" 200 5959 "https://mail.smith.russellmitchell.com/imp/dynamic.php?page=message&buid=22&mailbox=SU5CT1g&token=j_Zv5AivOVHFrb7W5a4GE7I&uniq=1642927607428" "Mozilla/5.0 (X11; Linux x86_64) AppleWebKit/537.36 (KHTML, like Gecko) HeadlessChrome/97.0.4692.71 Safari/537.36"
10.143.2.25 - - [23/Jan/2022:08:47:29 +0000] "POST /services/ajax.php/imp/deleteMessages HTTP/1.1" 200 1075 "https://mail.smith.russellmitchell.com/imp/dynamic.php?page=mailbox" "Mozilla/5.0 (X11; Linux x86_64) AppleWebKit/537.36 (KHTML, like Gecko) HeadlessChrome/97.0.4692.71 Safari/537.36"
10.143.2.25 - - [23/Jan/2022:08:47:30 +0000] "GET /imp/themes/default/graphics/flags/deleted-inv.png HTTP/1.1" 200 481 "https://mail.smith.russellmitchell.com/imp/themes/default/dynamic/screen.css" "Mozilla/5.0 (X11; Linux x86_64) AppleWebKit/537.36 (KHTML, like Gecko) HeadlessChrome/97.0.4692.71 Safari/537.36"
10.143.3.65 - - [23/Jan/2022:08:47:56 +0000] "POST /services/ajax.php/horde/topbarUpdate HTTP/1.1" 200 2818 "https://mail.smith.russellmitchell.com/imp/dynamic.php?page=mailbox" "Mozilla/5.0 (X11; Ubuntu; Linux x86_64; rv:86.0) Gecko/20100101 Firefox/86.0"
10.143.2.25 - - [23/Jan/2022:08:48:05 +0000] "POST /services/ajax.php/imp/poll HTTP/1.1" 200 1553 "https://mail.smith.russellmitchell.com/imp/dynamic.php?page=mailbox" "Mozilla/5.0 (X11; Linux x86_64) AppleWebKit/537.36 (KHTML, like Gecko) HeadlessChrome/97.0.4692.71 Safari/537.36"
10.143.2.25 - - [23/Jan/2022:08:48:06 +0000] "GET /imp/dynamic.php?page=compose&type=new&token=j_Zv5AivOVHFrb7W5a4GE7I&uniq=1642927686444 HTTP/1.1" 200 5681 "https://mail.smith.russellmitchell.com/imp/dynamic.php?page=mailbox" "Mozilla/5.0 (X11; Linux x86_64) AppleWebKit/537.36 (KHTML, like Gecko) HeadlessChrome/97.0.4692.71 Safari/537.36"
10.143.2.25 - - [23/Jan/2022:08:48:06 +0000] "GET /imp/themes/default/mime.css HTTP/1.1" 200 494 "https://mail.smith.russellmitchell.com/imp/dynamic.php?page=compose&type=new&token=j_Zv5AivOVHFrb7W5a4GE7I&uniq=1642927686444" "Mozilla/5.0 (X11; Linux x86_64) AppleWebKit/537.36 (KHTML, like Gecko) HeadlessChrome/97.0.4692.71 Safari/537.36"
10.143.2.25 - - [23/Jan/2022:08:48:06 +0000] "GET /imp/themes/default/screen.css HTTP/1.1" 200 3354 "https://mail.smith.russellmitchell.com/imp/dynamic.php?page=compose&type=new&token=j_Zv5AivOVHFrb7W5a4GE7I&uniq=1642927686444" "Mozilla/5.0 (X11; Linux x86_64) AppleWebKit/537.36 (KHTML, like Gecko) HeadlessChrome/97.0.4692.71 Safari/537.36"
10.143.2.25 - - [23/Jan/2022:08:48:06 +0000] "GET /imp/themes/default/dynamic/screen.css HTTP/1.1" 200 5383 "https://mail.smith.russellmitchell.com/imp/dynamic.php?page=compose&type=new&token=j_Zv5AivOVHFrb7W5a4GE7I&uniq=1642927686444" "Mozilla/5.0 (X11; Linux x86_64) AppleWebKit/537.36 (KHTML, like Gecko) HeadlessChrome/97.0.4692.71 Safari/537.36"
10.143.2.91 - - [23/Jan/2022:08:48:10 +0000] "GET /turba/ HTTP/1.1" 200 5032 "https://mail.smith.russellmitchell.com/mnemo/list.php" "Mozilla/5.0 (X11; Ubuntu; Linux x86_64; rv:86.0) Gecko/20100101 Firefox/86.0"
10.143.2.25 - - [23/Jan/2022:08:49:35 +0000] "POST /services/ajax.php/imp/sendMessage HTTP/1.1" 200 1082 "https://mail.smith.russellmitchell.com/imp/dynamic.php?page=compose&type=new&token=j_Zv5AivOVHFrb7W5a4GE7I&uniq=1642927686444" "Mozilla/5.0 (X11; Linux x86_64) AppleWebKit/537.36 (KHTML, like Gecko) HeadlessChrome/97.0.4692.71 Safari/537.36"
10.143.2.91 - - [23/Jan/2022:08:51:14 +0000] "GET /kronolith/ HTTP/1.1" 200 25550 "https://mail.smith.russellmitchell.com/turba/" "Mozilla/5.0 (X11; Ubuntu; Linux x86_64; rv:86.0) Gecko/20100101 Firefox/86.0"
10.143.2.91 - - [23/Jan/2022:08:51:15 +0000] "GET /js/prettyautocomplete.js?v=d0d0749382c4cc649651134fc974b2e8 HTTP/1.1" 200 3463 "https://mail.smith.russellmitchell.com/kronolith/" "Mozilla/5.0 (X11; Ubuntu; Linux x86_64; rv:86.0) Gecko/20100101 Firefox/86.0"
10.143.2.91 - - [23/Jan/2022:08:51:15 +0000] "POST /services/ajax.php/kronolith/listCalendars HTTP/1.1" 200 1612 "https://mail.smith.russellmitchell.com/kronolith/" "Mozilla/5.0 (X11; Ubuntu; Linux x86_64; rv:86.0) Gecko/20100101 Firefox/86.0"
10.143.2.91 - - [23/Jan/2022:08:51:15 +0000] "POST /services/ajax.php/kronolith/listEvents HTTP/1.1" 200 1210 "https://mail.smith.russellmitchell.com/kronolith/" "Mozilla/5.0 (X11; Ubuntu; Linux x86_64; rv:86.0) Gecko/20100101 Firefox/86.0"
10.143.2.91 - - [23/Jan/2022:08:51:15 +0000] "POST /services/ajax.php/kronolith/listEvents HTTP/1.1" 200 1180 "https://mail.smith.russellmitchell.com/kronolith/" "Mozilla/5.0 (X11; Ubuntu; Linux x86_64; rv:86.0) Gecko/20100101 Firefox/86.0"
10.143.2.25 - - [23/Jan/2022:08:51:28 +0000] "POST /services/ajax.php/horde/topbarUpdate HTTP/1.1" 200 2818 "https://mail.smith.russellmitchell.com/imp/dynamic.php?page=mailbox" "Mozilla/5.0 (X11; Linux x86_64) AppleWebKit/537.36 (KHTML, like Gecko) HeadlessChrome/97.0.4692.71 Safari/537.36"
10.143.2.91 - - [23/Jan/2022:08:52:15 +0000] "POST /services/ajax.php/kronolith/poll HTTP/1.1" 200 1000 "https://mail.smith.russellmitchell.com/kronolith/" "Mozilla/5.0 (X11; Ubuntu; Linux x86_64; rv:86.0) Gecko/20100101 Firefox/86.0"
10.143.3.65 - - [23/Jan/2022:08:52:56 +0000] "POST /services/ajax.php/horde/topbarUpdate HTTP/1.1" 200 1061 "https://mail.smith.russellmitchell.com/imp/dynamic.php?page=mailbox" "Mozilla/5.0 (X11; Ubuntu; Linux x86_64; rv:86.0) Gecko/20100101 Firefox/86.0"
10.143.2.91 - - [23/Jan/2022:08:53:15 +0000] "POST /services/ajax.php/kronolith/poll HTTP/1.1" 200 1000 "https://mail.smith.russellmitchell.com/kronolith/" "Mozilla/5.0 (X11; Ubuntu; Linux x86_64; rv:86.0) Gecko/20100101 Firefox/86.0"
10.143.2.25 - - [23/Jan/2022:08:54:04 +0000] "GET /kronolith/ HTTP/1.1" 200 25562 "https://mail.smith.russellmitchell.com/imp/dynamic.php?page=mailbox" "Mozilla/5.0 (X11; Linux x86_64) AppleWebKit/537.36 (KHTML, like Gecko) HeadlessChrome/97.0.4692.71 Safari/537.36"
10.143.2.25 - - [23/Jan/2022:08:54:04 +0000] "GET /kronolith/themes/default/screen.css HTTP/1.1" 200 2854 "https://mail.smith.russellmitchell.com/kronolith/" "Mozilla/5.0 (X11; Linux x86_64) AppleWebKit/537.36 (KHTML, like Gecko) HeadlessChrome/97.0.4692.71 Safari/537.36"
10.143.2.25 - - [23/Jan/2022:08:54:04 +0000] "GET /kronolith/themes/default/webkit.css HTTP/1.1" 200 453 "https://mail.smith.russellmitchell.com/kronolith/" "Mozilla/5.0 (X11; Linux x86_64) AppleWebKit/537.36 (KHTML, like Gecko) HeadlessChrome/97.0.4692.71 Safari/537.36"
10.143.2.25 - - [23/Jan/2022:08:54:04 +0000] "GET /js/prettyautocomplete.js?v=d0d0749382c4cc649651134fc974b2e8 HTTP/1.1" 200 3463 "https://mail.smith.russellmitchell.com/kronolith/" "Mozilla/5.0 (X11; Linux x86_64) AppleWebKit/537.36 (KHTML, like Gecko) HeadlessChrome/97.0.4692.71 Safari/537.36"
10.143.2.25 - - [23/Jan/2022:08:54:04 +0000] "GET /js/tooltips.js?v=d0d0749382c4cc649651134fc974b2e8 HTTP/1.1" 200 1318 "https://mail.smith.russellmitchell.com/kronolith/" "Mozilla/5.0 (X11; Linux x86_64) AppleWebKit/537.36 (KHTML, like Gecko) HeadlessChrome/97.0.4692.71 Safari/537.36"
10.143.2.25 - - [23/Jan/2022:08:54:04 +0000] "GET /kronolith/themes/default/dynamic/screen.css HTTP/1.1" 200 4449 "https://mail.smith.russellmitchell.com/kronolith/" "Mozilla/5.0 (X11; Linux x86_64) AppleWebKit/537.36 (KHTML, like Gecko) HeadlessChrome/97.0.4692.71 Safari/537.36"
10.143.2.25 - - [23/Jan/2022:08:54:04 +0000] "GET /kronolith/themes/default/graphics/left.png HTTP/1.1" 200 598 "https://mail.smith.russellmitchell.com/kronolith/themes/default/screen.css" "Mozilla/5.0 (X11; Linux x86_64) AppleWebKit/537.36 (KHTML, like Gecko) HeadlessChrome/97.0.4692.71 Safari/537.36"
10.143.2.25 - - [23/Jan/2022:08:54:04 +0000] "GET /kronolith/themes/default/graphics/dayview.png HTTP/1.1" 200 655 "https://mail.smith.russellmitchell.com/kronolith/themes/default/screen.css" "Mozilla/5.0 (X11; Linux x86_64) AppleWebKit/537.36 (KHTML, like Gecko) HeadlessChrome/97.0.4692.71 Safari/537.36"
10.143.2.25 - - [23/Jan/2022:08:54:04 +0000] "GET /kronolith/themes/default/graphics/weekview.png HTTP/1.1" 200 609 "https://mail.smith.russellmitchell.com/kronolith/themes/default/screen.css" "Mozilla/5.0 (X11; Linux x86_64) AppleWebKit/537.36 (KHTML, like Gecko) HeadlessChrome/97.0.4692.71 Safari/537.36"
10.143.2.25 - - [23/Jan/2022:08:54:04 +0000] "GET /kronolith/themes/default/graphics/monthview.png HTTP/1.1" 200 664 "https://mail.smith.russellmitchell.com/kronolith/themes/default/screen.css" "Mozilla/5.0 (X11; Linux x86_64) AppleWebKit/537.36 (KHTML, like Gecko) HeadlessChrome/97.0.4692.71 Safari/537.36"
10.143.2.25 - - [23/Jan/2022:08:54:04 +0000] "GET /kronolith/themes/default/graphics/yearview.png HTTP/1.1" 200 607 "https://mail.smith.russellmitchell.com/kronolith/themes/default/screen.css" "Mozilla/5.0 (X11; Linux x86_64) AppleWebKit/537.36 (KHTML, like Gecko) HeadlessChrome/97.0.4692.71 Safari/537.36"
10.143.2.25 - - [23/Jan/2022:08:54:04 +0000] "GET /kronolith/themes/default/graphics/new.png HTTP/1.1" 200 866 "https://mail.smith.russellmitchell.com/kronolith/themes/default/dynamic/screen.css" "Mozilla/5.0 (X11; Linux x86_64) AppleWebKit/537.36 (KHTML, like Gecko) HeadlessChrome/97.0.4692.71 Safari/537.36"
10.143.2.25 - - [23/Jan/2022:08:54:04 +0000] "GET /kronolith/themes/default/graphics/tasks.png HTTP/1.1" 200 920 "https://mail.smith.russellmitchell.com/kronolith/themes/default/screen.css" "Mozilla/5.0 (X11; Linux x86_64) AppleWebKit/537.36 (KHTML, like Gecko) HeadlessChrome/97.0.4692.71 Safari/537.36"
10.143.2.25 - - [23/Jan/2022:08:54:04 +0000] "GET /kronolith/js/dragdrop2.js?v=839a6380454bbd865d6aa6063c84bc2b HTTP/1.1" 200 9806 "https://mail.smith.russellmitchell.com/kronolith/" "Mozilla/5.0 (X11; Linux x86_64) AppleWebKit/537.36 (KHTML, like Gecko) HeadlessChrome/97.0.4692.71 Safari/537.36"
10.143.2.25 - - [23/Jan/2022:08:54:04 +0000] "GET /js/calendar.js?v=d0d0749382c4cc649651134fc974b2e8 HTTP/1.1" 200 3510 "https://mail.smith.russellmitchell.com/kronolith/" "Mozilla/5.0 (X11; Linux x86_64) AppleWebKit/537.36 (KHTML, like Gecko) HeadlessChrome/97.0.4692.71 Safari/537.36"
10.143.2.25 - - [23/Jan/2022:08:54:04 +0000] "GET /kronolith/themes/default/graphics/right.png HTTP/1.1" 200 1164 "https://mail.smith.russellmitchell.com/kronolith/themes/default/screen.css" "Mozilla/5.0 (X11; Linux x86_64) AppleWebKit/537.36 (KHTML, like Gecko) HeadlessChrome/97.0.4692.71 Safari/537.36"
10.143.2.25 - - [23/Jan/2022:08:54:04 +0000] "GET /kronolith/themes/default/graphics/workweekview.png HTTP/1.1" 200 1185 "https://mail.smith.russellmitchell.com/kronolith/themes/default/screen.css" "Mozilla/5.0 (X11; Linux x86_64) AppleWebKit/537.36 (KHTML, like Gecko) HeadlessChrome/97.0.4692.71 Safari/537.36"
10.143.2.25 - - [23/Jan/2022:08:54:04 +0000] "GET /kronolith/js/kronolith.js?v=839a6380454bbd865d6aa6063c84bc2b HTTP/1.1" 200 51116 "https://mail.smith.russellmitchell.com/kronolith/" "Mozilla/5.0 (X11; Linux x86_64) AppleWebKit/537.36 (KHTML, like Gecko) HeadlessChrome/97.0.4692.71 Safari/537.36"
10.143.2.25 - - [23/Jan/2022:08:54:04 +0000] "POST /services/ajax.php/kronolith/listCalendars HTTP/1.1" 200 1037 "https://mail.smith.russellmitchell.com/kronolith/" "Mozilla/5.0 (X11; Linux x86_64) AppleWebKit/537.36 (KHTML, like Gecko) HeadlessChrome/97.0.4692.71 Safari/537.36"
10.143.2.25 - - [23/Jan/2022:08:54:04 +0000] "GET /kronolith/themes/default/graphics/loading.gif HTTP/1.1" 200 2823 "https://mail.smith.russellmitchell.com/kronolith/themes/default/dynamic/screen.css" "Mozilla/5.0 (X11; Linux x86_64) AppleWebKit/537.36 (KHTML, like Gecko) HeadlessChrome/97.0.4692.71 Safari/537.36"
10.143.2.25 - - [23/Jan/2022:08:54:04 +0000] "POST /services/ajax.php/kronolith/listEvents HTTP/1.1" 200 1995 "https://mail.smith.russellmitchell.com/kronolith/" "Mozilla/5.0 (X11; Linux x86_64) AppleWebKit/537.36 (KHTML, like Gecko) HeadlessChrome/97.0.4692.71 Safari/537.36"
10.143.2.25 - - [23/Jan/2022:08:54:04 +0000] "POST /services/ajax.php/kronolith/listEvents HTTP/1.1" 200 604 "https://mail.smith.russellmitchell.com/kronolith/" "Mozilla/5.0 (X11; Linux x86_64) AppleWebKit/537.36 (KHTML, like Gecko) HeadlessChrome/97.0.4692.71 Safari/537.36"
10.143.2.91 - - [23/Jan/2022:08:54:15 +0000] "POST /services/ajax.php/kronolith/poll HTTP/1.1" 200 1000 "https://mail.smith.russellmitchell.com/kronolith/" "Mozilla/5.0 (X11; Ubuntu; Linux x86_64; rv:86.0) Gecko/20100101 Firefox/86.0"
10.143.2.25 - - [23/Jan/2022:08:54:45 +0000] "POST /services/ajax.php/kronolith/listTopTags HTTP/1.1" 200 1066 "https://mail.smith.russellmitchell.com/kronolith/" "Mozilla/5.0 (X11; Linux x86_64) AppleWebKit/537.36 (KHTML, like Gecko) HeadlessChrome/97.0.4692.71 Safari/537.36"
10.143.2.25 - - [23/Jan/2022:08:55:04 +0000] "POST /services/ajax.php/kronolith/poll HTTP/1.1" 200 1000 "https://mail.smith.russellmitchell.com/kronolith/" "Mozilla/5.0 (X11; Linux x86_64) AppleWebKit/537.36 (KHTML, like Gecko) HeadlessChrome/97.0.4692.71 Safari/537.36"
10.143.2.91 - - [23/Jan/2022:08:55:11 +0000] "GET /imp/dynamic.php?page=mailbox HTTP/1.1" 200 9475 "https://mail.smith.russellmitchell.com/kronolith/" "Mozilla/5.0 (X11; Ubuntu; Linux x86_64; rv:86.0) Gecko/20100101 Firefox/86.0"
10.143.2.91 - - [23/Jan/2022:08:55:12 +0000] "POST /services/ajax.php/imp/dynamicInit HTTP/1.1" 200 2886 "https://mail.smith.russellmitchell.com/imp/dynamic.php?page=mailbox" "Mozilla/5.0 (X11; Ubuntu; Linux x86_64; rv:86.0) Gecko/20100101 Firefox/86.0"
10.143.2.25 - - [23/Jan/2022:08:56:04 +0000] "POST /services/ajax.php/kronolith/poll HTTP/1.1" 200 1000 "https://mail.smith.russellmitchell.com/kronolith/" "Mozilla/5.0 (X11; Linux x86_64) AppleWebKit/537.36 (KHTML, like Gecko) HeadlessChrome/97.0.4692.71 Safari/537.36"
10.143.2.25 - - [23/Jan/2022:08:56:20 +0000] "POST /services/ajax.php/kronolith/saveEvent HTTP/1.1" 200 1308 "https://mail.smith.russellmitchell.com/kronolith/" "Mozilla/5.0 (X11; Linux x86_64) AppleWebKit/537.36 (KHTML, like Gecko) HeadlessChrome/97.0.4692.71 Safari/537.36"
10.143.2.25 - - [23/Jan/2022:08:56:43 +0000] "POST /services/ajax.php/kronolith/listTopTags HTTP/1.1" 200 1066 "https://mail.smith.russellmitchell.com/kronolith/" "Mozilla/5.0 (X11; Linux x86_64) AppleWebKit/537.36 (KHTML, like Gecko) HeadlessChrome/97.0.4692.71 Safari/537.36"
10.143.2.25 - - [23/Jan/2022:08:57:04 +0000] "POST /services/ajax.php/kronolith/poll HTTP/1.1" 200 1000 "https://mail.smith.russellmitchell.com/kronolith/" "Mozilla/5.0 (X11; Linux x86_64) AppleWebKit/537.36 (KHTML, like Gecko) HeadlessChrome/97.0.4692.71 Safari/537.36"
10.143.2.25 - - [23/Jan/2022:08:57:35 +0000] "POST /services/ajax.php/kronolith/saveEvent HTTP/1.1" 200 1290 "https://mail.smith.russellmitchell.com/kronolith/" "Mozilla/5.0 (X11; Linux x86_64) AppleWebKit/537.36 (KHTML, like Gecko) HeadlessChrome/97.0.4692.71 Safari/537.36"
10.143.3.65 - - [23/Jan/2022:08:57:56 +0000] "POST /services/ajax.php/horde/topbarUpdate HTTP/1.1" 200 1061 "https://mail.smith.russellmitchell.com/imp/dynamic.php?page=mailbox" "Mozilla/5.0 (X11; Ubuntu; Linux x86_64; rv:86.0) Gecko/20100101 Firefox/86.0"
10.143.2.25 - - [23/Jan/2022:08:58:04 +0000] "POST /services/ajax.php/kronolith/poll HTTP/1.1" 200 1000 "https://mail.smith.russellmitchell.com/kronolith/" "Mozilla/5.0 (X11; Linux x86_64) AppleWebKit/537.36 (KHTML, like Gecko) HeadlessChrome/97.0.4692.71 Safari/537.36"
10.143.2.25 - - [23/Jan/2022:08:58:14 +0000] "POST /services/ajax.php/kronolith/listTopTags HTTP/1.1" 200 1066 "https://mail.smith.russellmitchell.com/kronolith/" "Mozilla/5.0 (X11; Linux x86_64) AppleWebKit/537.36 (KHTML, like Gecko) HeadlessChrome/97.0.4692.71 Safari/537.36"
10.143.2.25 - - [23/Jan/2022:08:58:58 +0000] "POST /services/ajax.php/kronolith/saveEvent HTTP/1.1" 200 1307 "https://mail.smith.russellmitchell.com/kronolith/" "Mozilla/5.0 (X11; Linux x86_64) AppleWebKit/537.36 (KHTML, like Gecko) HeadlessChrome/97.0.4692.71 Safari/537.36"
10.143.2.25 - - [23/Jan/2022:08:59:04 +0000] "POST /services/ajax.php/horde/topbarUpdate HTTP/1.1" 200 2785 "https://mail.smith.russellmitchell.com/kronolith/" "Mozilla/5.0 (X11; Linux x86_64) AppleWebKit/537.36 (KHTML, like Gecko) HeadlessChrome/97.0.4692.71 Safari/537.36"
10.143.2.25 - - [23/Jan/2022:08:59:04 +0000] "POST /services/ajax.php/kronolith/poll HTTP/1.1" 200 424 "https://mail.smith.russellmitchell.com/kronolith/" "Mozilla/5.0 (X11; Linux x86_64) AppleWebKit/537.36 (KHTML, like Gecko) HeadlessChrome/97.0.4692.71 Safari/537.36"
10.143.2.25 - - [23/Jan/2022:09:00:04 +0000] "POST /services/ajax.php/kronolith/poll HTTP/1.1" 200 1000 "https://mail.smith.russellmitchell.com/kronolith/" "Mozilla/5.0 (X11; Linux x86_64) AppleWebKit/537.36 (KHTML, like Gecko) HeadlessChrome/97.0.4692.71 Safari/537.36"
