10.143.2.25 - - [21/Jan/2022:09:18:13 +0000] "GET /imp/js/editor.js?v=b2b582864b8fa969bd5860bc72f0d3da HTTP/1.1" 200 1083 "https://mail.smith.russellmitchell.com/imp/dynamic.php?page=message&buid=5&mailbox=SU5CT1g&token=Eu2umkguJg6cRjUTCB-hH5v&uniq=1642756693553" "Mozilla/5.0 (X11; Linux x86_64) AppleWebKit/537.36 (KHTML, like Gecko) HeadlessChrome/97.0.4692.71 Safari/537.36"
10.143.2.25 - - [21/Jan/2022:09:18:13 +0000] "GET /js/autocomplete.js?v=d0d0749382c4cc649651134fc974b2e8 HTTP/1.1" 200 3195 "https://mail.smith.russellmitchell.com/imp/dynamic.php?page=message&buid=5&mailbox=SU5CT1g&token=Eu2umkguJg6cRjUTCB-hH5v&uniq=1642756693553" "Mozilla/5.0 (X11; Linux x86_64) AppleWebKit/537.36 (KHTML, like Gecko) HeadlessChrome/97.0.4692.71 Safari/537.36"
10.143.2.25 - - [21/Jan/2022:09:18:13 +0000] "GET /js/liquidmetal.js?v=d0d0749382c4cc649651134fc974b2e8 HTTP/1.1" 200 1775 "https://mail.smith.russellmitchell.com/imp/dynamic.php?page=message&buid=5&mailbox=SU5CT1g&token=Eu2umkguJg6cRjUTCB-hH5v&uniq=1642756693553" "Mozilla/5.0 (X11; Linux x86_64) AppleWebKit/537.36 (KHTML, like Gecko) HeadlessChrome/97.0.4692.71 Safari/537.36"
10.143.2.25 - - [21/Jan/2022:09:18:13 +0000] "GET /imp/js/ckeditor/imageupload.js?v=b2b582864b8fa969bd5860bc72f0d3da HTTP/1.1" 200 4251 "https://mail.smith.russellmitchell.com/imp/dynamic.php?page=message&buid=5&mailbox=SU5CT1g&token=Eu2umkguJg6cRjUTCB-hH5v&uniq=1642756693553" "Mozilla/5.0 (X11; Linux x86_64) AppleWebKit/537.36 (KHTML, like Gecko) HeadlessChrome/97.0.4692.71 Safari/537.36"
10.143.2.25 - - [21/Jan/2022:09:18:13 +0000] "GET /imp/js/prettyautocomplete.js?v=b2b582864b8fa969bd5860bc72f0d3da HTTP/1.1" 200 3182 "https://mail.smith.russellmitchell.com/imp/dynamic.php?page=message&buid=5&mailbox=SU5CT1g&token=Eu2umkguJg6cRjUTCB-hH5v&uniq=1642756693553" "Mozilla/5.0 (X11; Linux x86_64) AppleWebKit/537.36 (KHTML, like Gecko) HeadlessChrome/97.0.4692.71 Safari/537.36"
10.143.2.25 - - [21/Jan/2022:09:18:13 +0000] "GET /js/textarearesize.js?v=d0d0749382c4cc649651134fc974b2e8 HTTP/1.1" 200 1780 "https://mail.smith.russellmitchell.com/imp/dynamic.php?page=message&buid=5&mailbox=SU5CT1g&token=Eu2umkguJg6cRjUTCB-hH5v&uniq=1642756693553" "Mozilla/5.0 (X11; Linux x86_64) AppleWebKit/537.36 (KHTML, like Gecko) HeadlessChrome/97.0.4692.71 Safari/537.36"
10.143.2.25 - - [21/Jan/2022:09:18:13 +0000] "GET /imp/js/message-dimp.js?v=b2b582864b8fa969bd5860bc72f0d3da HTTP/1.1" 200 3615 "https://mail.smith.russellmitchell.com/imp/dynamic.php?page=message&buid=5&mailbox=SU5CT1g&token=Eu2umkguJg6cRjUTCB-hH5v&uniq=1642756693553" "Mozilla/5.0 (X11; Linux x86_64) AppleWebKit/537.36 (KHTML, like Gecko) HeadlessChrome/97.0.4692.71 Safari/537.36"
10.143.2.25 - - [21/Jan/2022:09:18:13 +0000] "GET /js/keynavlist.js?v=d0d0749382c4cc649651134fc974b2e8 HTTP/1.1" 200 3492 "https://mail.smith.russellmitchell.com/imp/dynamic.php?page=message&buid=5&mailbox=SU5CT1g&token=Eu2umkguJg6cRjUTCB-hH5v&uniq=1642756693553" "Mozilla/5.0 (X11; Linux x86_64) AppleWebKit/537.36 (KHTML, like Gecko) HeadlessChrome/97.0.4692.71 Safari/537.36"
10.143.2.25 - - [21/Jan/2022:09:18:13 +0000] "GET /imp/themes/default/dynamic/screen.css HTTP/1.1" 200 5959 "https://mail.smith.russellmitchell.com/imp/dynamic.php?page=message&buid=5&mailbox=SU5CT1g&token=Eu2umkguJg6cRjUTCB-hH5v&uniq=1642756693553" "Mozilla/5.0 (X11; Linux x86_64) AppleWebKit/537.36 (KHTML, like Gecko) HeadlessChrome/97.0.4692.71 Safari/537.36"
10.143.2.25 - - [21/Jan/2022:09:18:13 +0000] "GET /js/ckeditor/ckeditor_basic.js HTTP/1.1" 200 3409 "https://mail.smith.russellmitchell.com/imp/dynamic.php?page=message&buid=5&mailbox=SU5CT1g&token=Eu2umkguJg6cRjUTCB-hH5v&uniq=1642756693553" "Mozilla/5.0 (X11; Linux x86_64) AppleWebKit/537.36 (KHTML, like Gecko) HeadlessChrome/97.0.4692.71 Safari/537.36"
10.143.2.25 - - [21/Jan/2022:09:18:13 +0000] "GET /imp/themes/default/graphics/close.png HTTP/1.1" 200 795 "https://mail.smith.russellmitchell.com/imp/themes/default/screen.css" "Mozilla/5.0 (X11; Linux x86_64) AppleWebKit/537.36 (KHTML, like Gecko) HeadlessChrome/97.0.4692.71 Safari/537.36"
10.143.2.25 - - [21/Jan/2022:09:18:13 +0000] "GET /imp/themes/default/graphics/message_source.png HTTP/1.1" 200 424 "https://mail.smith.russellmitchell.com/imp/themes/default/dynamic/screen.css" "Mozilla/5.0 (X11; Linux x86_64) AppleWebKit/537.36 (KHTML, like Gecko) HeadlessChrome/97.0.4692.71 Safari/537.36"
10.143.3.65 - - [21/Jan/2022:09:18:14 +0000] "POST /turba/add.php HTTP/1.1" 302 1121 "https://mail.smith.russellmitchell.com/turba/add.php" "Mozilla/5.0 (X11; Ubuntu; Linux x86_64; rv:86.0) Gecko/20100101 Firefox/86.0"
10.143.3.65 - - [21/Jan/2022:09:18:14 +0000] "GET /turba/contact.php?source=IJnpNGoZNZp0FmjpVsXGhXJ&key=n7l4Z1qHecOOZPYCV9TdLCG&view=Contact HTTP/1.1" 200 21136 "https://mail.smith.russellmitchell.com/turba/add.php" "Mozilla/5.0 (X11; Ubuntu; Linux x86_64; rv:86.0) Gecko/20100101 Firefox/86.0"
10.143.3.65 - - [21/Jan/2022:09:18:34 +0000] "GET /turba/browse.php HTTP/1.1" 200 6155 "https://mail.smith.russellmitchell.com/turba/contact.php?source=IJnpNGoZNZp0FmjpVsXGhXJ&key=n7l4Z1qHecOOZPYCV9TdLCG&view=Contact" "Mozilla/5.0 (X11; Ubuntu; Linux x86_64; rv:86.0) Gecko/20100101 Firefox/86.0"
10.143.2.25 - - [21/Jan/2022:09:18:56 +0000] "GET /imp/themes/default/graphics/attachment.png HTTP/1.1" 200 1427 "https://mail.smith.russellmitchell.com/imp/themes/default/dynamic/screen.css" "Mozilla/5.0 (X11; Linux x86_64) AppleWebKit/537.36 (KHTML, like Gecko) HeadlessChrome/97.0.4692.71 Safari/537.36"
10.143.2.25 - - [21/Jan/2022:09:18:56 +0000] "GET /imp/themes/default/graphics/drafts.png HTTP/1.1" 200 1362 "https://mail.smith.russellmitchell.com/imp/themes/default/dynamic/screen.css" "Mozilla/5.0 (X11; Linux x86_64) AppleWebKit/537.36 (KHTML, like Gecko) HeadlessChrome/97.0.4692.71 Safari/537.36"
10.143.2.25 - - [21/Jan/2022:09:18:56 +0000] "POST /services/ajax.php/imp/getReplyData HTTP/1.1" 200 1451 "https://mail.smith.russellmitchell.com/imp/dynamic.php?page=message&buid=5&mailbox=SU5CT1g&token=Eu2umkguJg6cRjUTCB-hH5v&uniq=1642756693553" "Mozilla/5.0 (X11; Linux x86_64) AppleWebKit/537.36 (KHTML, like Gecko) HeadlessChrome/97.0.4692.71 Safari/537.36"
10.143.2.25 - - [21/Jan/2022:09:18:57 +0000] "GET /imp/themes/default/graphics/delete-small.png HTTP/1.1" 200 429 "https://mail.smith.russellmitchell.com/imp/dynamic.php?page=message&buid=5&mailbox=SU5CT1g&token=Eu2umkguJg6cRjUTCB-hH5v&uniq=1642756693553" "Mozilla/5.0 (X11; Linux x86_64) AppleWebKit/537.36 (KHTML, like Gecko) HeadlessChrome/97.0.4692.71 Safari/537.36"
10.143.3.65 - - [21/Jan/2022:09:19:22 +0000] "GET /turba/contact.php?source=IJnpNGoZNZp0FmjpVsXGhXJ&key=fuiV7WmYfV-FmcwoRqx1rMt HTTP/1.1" 200 21630 "https://mail.smith.russellmitchell.com/turba/browse.php" "Mozilla/5.0 (X11; Ubuntu; Linux x86_64; rv:86.0) Gecko/20100101 Firefox/86.0"
10.143.3.65 - - [21/Jan/2022:09:20:26 +0000] "GET /turba/add.php HTTP/1.1" 200 19852 "https://mail.smith.russellmitchell.com/turba/contact.php?source=IJnpNGoZNZp0FmjpVsXGhXJ&key=fuiV7WmYfV-FmcwoRqx1rMt" "Mozilla/5.0 (X11; Ubuntu; Linux x86_64; rv:86.0) Gecko/20100101 Firefox/86.0"
10.143.3.65 - - [21/Jan/2022:09:20:37 +0000] "POST /turba/add.php HTTP/1.1" 302 1121 "https://mail.smith.russellmitchell.com/turba/add.php" "Mozilla/5.0 (X11; Ubuntu; Linux x86_64; rv:86.0) Gecko/20100101 Firefox/86.0"
10.143.3.65 - - [21/Jan/2022:09:20:37 +0000] "GET /turba/contact.php?source=IJnpNGoZNZp0FmjpVsXGhXJ&key=tSLXEmC4sMeXwKJu7-Gn6Ze&view=Contact HTTP/1.1" 200 21140 "https://mail.smith.russellmitchell.com/turba/add.php" "Mozilla/5.0 (X11; Ubuntu; Linux x86_64; rv:86.0) Gecko/20100101 Firefox/86.0"
10.143.3.65 - - [21/Jan/2022:09:20:51 +0000] "GET /turba/browse.php HTTP/1.1" 200 6216 "https://mail.smith.russellmitchell.com/turba/contact.php?source=IJnpNGoZNZp0FmjpVsXGhXJ&key=tSLXEmC4sMeXwKJu7-Gn6Ze&view=Contact" "Mozilla/5.0 (X11; Ubuntu; Linux x86_64; rv:86.0) Gecko/20100101 Firefox/86.0"
10.143.2.25 - - [21/Jan/2022:09:21:16 +0000] "POST /services/ajax.php/horde/topbarUpdate HTTP/1.1" 200 2819 "https://mail.smith.russellmitchell.com/imp/dynamic.php?page=mailbox" "Mozilla/5.0 (X11; Linux x86_64) AppleWebKit/537.36 (KHTML, like Gecko) HeadlessChrome/97.0.4692.71 Safari/537.36"
10.143.2.25 - - [21/Jan/2022:09:21:23 +0000] "POST /services/ajax.php/imp/sendMessage HTTP/1.1" 200 1219 "https://mail.smith.russellmitchell.com/imp/dynamic.php?page=message&buid=5&mailbox=SU5CT1g&token=Eu2umkguJg6cRjUTCB-hH5v&uniq=1642756693553" "Mozilla/5.0 (X11; Linux x86_64) AppleWebKit/537.36 (KHTML, like Gecko) HeadlessChrome/97.0.4692.71 Safari/537.36"
10.143.2.25 - - [21/Jan/2022:09:21:23 +0000] "GET /imp/themes/default/graphics/flags/answered-inv.png HTTP/1.1" 200 443 "https://mail.smith.russellmitchell.com/imp/themes/default/dynamic/screen.css" "Mozilla/5.0 (X11; Linux x86_64) AppleWebKit/537.36 (KHTML, like Gecko) HeadlessChrome/97.0.4692.71 Safari/537.36"
10.143.2.25 - - [21/Jan/2022:09:21:24 +0000] "POST /services/ajax.php/imp/poll HTTP/1.1" 200 781 "https://mail.smith.russellmitchell.com/imp/dynamic.php?page=mailbox" "Mozilla/5.0 (X11; Linux x86_64) AppleWebKit/537.36 (KHTML, like Gecko) HeadlessChrome/97.0.4692.71 Safari/537.36"
10.143.3.65 - - [21/Jan/2022:09:21:30 +0000] "GET /turba/add.php HTTP/1.1" 200 19850 "https://mail.smith.russellmitchell.com/turba/browse.php" "Mozilla/5.0 (X11; Ubuntu; Linux x86_64; rv:86.0) Gecko/20100101 Firefox/86.0"
10.143.3.65 - - [21/Jan/2022:09:21:41 +0000] "POST /turba/add.php HTTP/1.1" 302 1121 "https://mail.smith.russellmitchell.com/turba/add.php" "Mozilla/5.0 (X11; Ubuntu; Linux x86_64; rv:86.0) Gecko/20100101 Firefox/86.0"
10.143.3.65 - - [21/Jan/2022:09:21:42 +0000] "GET /turba/contact.php?source=IJnpNGoZNZp0FmjpVsXGhXJ&key=7cDccB29gyw3YI-c2-BaWuW&view=Contact HTTP/1.1" 200 21126 "https://mail.smith.russellmitchell.com/turba/add.php" "Mozilla/5.0 (X11; Ubuntu; Linux x86_64; rv:86.0) Gecko/20100101 Firefox/86.0"
172.19.131.174 - - [21/Jan/2022:09:21:59 +0000] "GET /kronolith/ HTTP/1.1" 200 25549 "https://mail.smith.russellmitchell.com/nag/list.php" "Mozilla/5.0 (X11; Ubuntu; Linux x86_64; rv:86.0) Gecko/20100101 Firefox/86.0"
172.19.131.174 - - [21/Jan/2022:09:21:59 +0000] "POST /services/ajax.php/kronolith/listCalendars HTTP/1.1" 200 1035 "https://mail.smith.russellmitchell.com/kronolith/" "Mozilla/5.0 (X11; Ubuntu; Linux x86_64; rv:86.0) Gecko/20100101 Firefox/86.0"
172.19.131.174 - - [21/Jan/2022:09:21:59 +0000] "POST /services/ajax.php/kronolith/listEvents HTTP/1.1" 200 1187 "https://mail.smith.russellmitchell.com/kronolith/" "Mozilla/5.0 (X11; Ubuntu; Linux x86_64; rv:86.0) Gecko/20100101 Firefox/86.0"
172.19.131.174 - - [21/Jan/2022:09:21:59 +0000] "POST /services/ajax.php/kronolith/listEvents HTTP/1.1" 200 1180 "https://mail.smith.russellmitchell.com/kronolith/" "Mozilla/5.0 (X11; Ubuntu; Linux x86_64; rv:86.0) Gecko/20100101 Firefox/86.0"
172.19.131.174 - - [21/Jan/2022:09:22:11 +0000] "POST /services/ajax.php/kronolith/getEvent HTTP/1.1" 200 1513 "https://mail.smith.russellmitchell.com/kronolith/" "Mozilla/5.0 (X11; Ubuntu; Linux x86_64; rv:86.0) Gecko/20100101 Firefox/86.0"
172.19.131.174 - - [21/Jan/2022:09:22:11 +0000] "POST /services/ajax.php/kronolith/listTopTags HTTP/1.1" 200 486 "https://mail.smith.russellmitchell.com/kronolith/" "Mozilla/5.0 (X11; Ubuntu; Linux x86_64; rv:86.0) Gecko/20100101 Firefox/86.0"
172.19.131.174 - - [21/Jan/2022:09:22:25 +0000] "POST /services/ajax.php/kronolith/deleteEvent HTTP/1.1" 200 1165 "https://mail.smith.russellmitchell.com/kronolith/" "Mozilla/5.0 (X11; Ubuntu; Linux x86_64; rv:86.0) Gecko/20100101 Firefox/86.0"
172.19.131.174 - - [21/Jan/2022:09:22:43 +0000] "POST /services/ajax.php/kronolith/getEvent HTTP/1.1" 200 1445 "https://mail.smith.russellmitchell.com/kronolith/" "Mozilla/5.0 (X11; Ubuntu; Linux x86_64; rv:86.0) Gecko/20100101 Firefox/86.0"
172.19.131.174 - - [21/Jan/2022:09:22:43 +0000] "POST /services/ajax.php/kronolith/listTopTags HTTP/1.1" 200 486 "https://mail.smith.russellmitchell.com/kronolith/" "Mozilla/5.0 (X11; Ubuntu; Linux x86_64; rv:86.0) Gecko/20100101 Firefox/86.0"
172.19.131.174 - - [21/Jan/2022:09:23:00 +0000] "POST /services/ajax.php/kronolith/poll HTTP/1.1" 200 1000 "https://mail.smith.russellmitchell.com/kronolith/" "Mozilla/5.0 (X11; Ubuntu; Linux x86_64; rv:86.0) Gecko/20100101 Firefox/86.0"
172.19.131.174 - - [21/Jan/2022:09:23:51 +0000] "POST /services/ajax.php/kronolith/saveEvent HTTP/1.1" 200 1301 "https://mail.smith.russellmitchell.com/kronolith/" "Mozilla/5.0 (X11; Ubuntu; Linux x86_64; rv:86.0) Gecko/20100101 Firefox/86.0"
172.19.131.174 - - [21/Jan/2022:09:24:00 +0000] "POST /services/ajax.php/kronolith/poll HTTP/1.1" 200 1000 "https://mail.smith.russellmitchell.com/kronolith/" "Mozilla/5.0 (X11; Ubuntu; Linux x86_64; rv:86.0) Gecko/20100101 Firefox/86.0"
172.19.131.174 - - [21/Jan/2022:09:25:00 +0000] "POST /services/ajax.php/kronolith/poll HTTP/1.1" 200 1000 "https://mail.smith.russellmitchell.com/kronolith/" "Mozilla/5.0 (X11; Ubuntu; Linux x86_64; rv:86.0) Gecko/20100101 Firefox/86.0"
10.143.2.25 - - [21/Jan/2022:09:25:03 +0000] "GET /themes/default/graphics/navi-subnavi.png HTTP/1.1" 200 1088 "https://mail.smith.russellmitchell.com/themes/default/screen.css" "Mozilla/5.0 (X11; Linux x86_64) AppleWebKit/537.36 (KHTML, like Gecko) HeadlessChrome/97.0.4692.71 Safari/537.36"
10.143.2.25 - - [21/Jan/2022:09:25:03 +0000] "GET /turba/ HTTP/1.1" 200 5029 "https://mail.smith.russellmitchell.com/imp/dynamic.php?page=mailbox" "Mozilla/5.0 (X11; Linux x86_64) AppleWebKit/537.36 (KHTML, like Gecko) HeadlessChrome/97.0.4692.71 Safari/537.36"
10.143.2.25 - - [21/Jan/2022:09:25:03 +0000] "GET /turba/themes/default/screen.css HTTP/1.1" 200 1335 "https://mail.smith.russellmitchell.com/turba/" "Mozilla/5.0 (X11; Linux x86_64) AppleWebKit/537.36 (KHTML, like Gecko) HeadlessChrome/97.0.4692.71 Safari/537.36"
10.143.2.25 - - [21/Jan/2022:09:25:03 +0000] "GET /js/quickfinder.js?v=d0d0749382c4cc649651134fc974b2e8 HTTP/1.1" 200 1531 "https://mail.smith.russellmitchell.com/turba/" "Mozilla/5.0 (X11; Linux x86_64) AppleWebKit/537.36 (KHTML, like Gecko) HeadlessChrome/97.0.4692.71 Safari/537.36"
10.143.2.25 - - [21/Jan/2022:09:25:03 +0000] "GET /turba/js/search.js?v=eda5828c1e506c15900222f7df71d86f HTTP/1.1" 200 1053 "https://mail.smith.russellmitchell.com/turba/" "Mozilla/5.0 (X11; Linux x86_64) AppleWebKit/537.36 (KHTML, like Gecko) HeadlessChrome/97.0.4692.71 Safari/537.36"
10.143.2.25 - - [21/Jan/2022:09:25:03 +0000] "GET /themes/default/graphics/tab.png HTTP/1.1" 200 413 "https://mail.smith.russellmitchell.com/themes/default/screen.css" "Mozilla/5.0 (X11; Linux x86_64) AppleWebKit/537.36 (KHTML, like Gecko) HeadlessChrome/97.0.4692.71 Safari/537.36"
10.143.2.25 - - [21/Jan/2022:09:25:03 +0000] "GET /turba/themes/default/graphics/menu/browse.png HTTP/1.1" 200 774 "https://mail.smith.russellmitchell.com/turba/themes/default/screen.css" "Mozilla/5.0 (X11; Linux x86_64) AppleWebKit/537.36 (KHTML, like Gecko) HeadlessChrome/97.0.4692.71 Safari/537.36"
10.143.2.25 - - [21/Jan/2022:09:25:03 +0000] "GET /turba/themes/default/graphics/search.png HTTP/1.1" 200 701 "https://mail.smith.russellmitchell.com/turba/themes/default/screen.css" "Mozilla/5.0 (X11; Linux x86_64) AppleWebKit/537.36 (KHTML, like Gecko) HeadlessChrome/97.0.4692.71 Safari/537.36"
10.143.2.25 - - [21/Jan/2022:09:25:03 +0000] "GET /themes/default/graphics/data.png HTTP/1.1" 200 692 "https://mail.smith.russellmitchell.com/themes/default/screen.css" "Mozilla/5.0 (X11; Linux x86_64) AppleWebKit/537.36 (KHTML, like Gecko) HeadlessChrome/97.0.4692.71 Safari/537.36"
10.143.2.25 - - [21/Jan/2022:09:25:03 +0000] "GET /themes/default/graphics/collapse.png HTTP/1.1" 200 532 "https://mail.smith.russellmitchell.com/themes/default/screen.css" "Mozilla/5.0 (X11; Linux x86_64) AppleWebKit/537.36 (KHTML, like Gecko) HeadlessChrome/97.0.4692.71 Safari/537.36"
10.143.2.25 - - [21/Jan/2022:09:25:03 +0000] "GET /themes/default/graphics/plus-sidebar.png HTTP/1.1" 200 821 "https://mail.smith.russellmitchell.com/themes/default/screen.css" "Mozilla/5.0 (X11; Linux x86_64) AppleWebKit/537.36 (KHTML, like Gecko) HeadlessChrome/97.0.4692.71 Safari/537.36"
10.143.2.25 - - [21/Jan/2022:09:25:03 +0000] "GET /themes/default/graphics/radiobox_on.png HTTP/1.1" 200 894 "https://mail.smith.russellmitchell.com/themes/default/screen.css" "Mozilla/5.0 (X11; Linux x86_64) AppleWebKit/537.36 (KHTML, like Gecko) HeadlessChrome/97.0.4692.71 Safari/537.36"
10.143.2.25 - - [21/Jan/2022:09:25:03 +0000] "GET /themes/default/graphics/expand.png HTTP/1.1" 200 539 "https://mail.smith.russellmitchell.com/themes/default/screen.css" "Mozilla/5.0 (X11; Linux x86_64) AppleWebKit/537.36 (KHTML, like Gecko) HeadlessChrome/97.0.4692.71 Safari/537.36"
10.143.2.25 - - [21/Jan/2022:09:25:03 +0000] "GET /themes/default/graphics/edit-sidebar-000.png HTTP/1.1" 200 1121 "https://mail.smith.russellmitchell.com/themes/default/screen.css" "Mozilla/5.0 (X11; Linux x86_64) AppleWebKit/537.36 (KHTML, like Gecko) HeadlessChrome/97.0.4692.71 Safari/537.36"
10.143.2.25 - - [21/Jan/2022:09:25:20 +0000] "GET /turba/browse.php HTTP/1.1" 200 8252 "https://mail.smith.russellmitchell.com/turba/" "Mozilla/5.0 (X11; Linux x86_64) AppleWebKit/537.36 (KHTML, like Gecko) HeadlessChrome/97.0.4692.71 Safari/537.36"
10.143.2.25 - - [21/Jan/2022:09:25:20 +0000] "GET /turba/themes/default/screen.css HTTP/1.1" 200 1335 "https://mail.smith.russellmitchell.com/turba/browse.php" "Mozilla/5.0 (X11; Linux x86_64) AppleWebKit/537.36 (KHTML, like Gecko) HeadlessChrome/97.0.4692.71 Safari/537.36"
10.143.2.25 - - [21/Jan/2022:09:25:20 +0000] "GET /turba/themes/default/graphics/delete.png HTTP/1.1" 200 618 "https://mail.smith.russellmitchell.com/turba/themes/default/screen.css" "Mozilla/5.0 (X11; Linux x86_64) AppleWebKit/537.36 (KHTML, like Gecko) HeadlessChrome/97.0.4692.71 Safari/537.36"
10.143.2.25 - - [21/Jan/2022:09:25:20 +0000] "GET /turba/themes/default/graphics/mime/vcard.png HTTP/1.1" 200 635 "https://mail.smith.russellmitchell.com/turba/themes/default/screen.css" "Mozilla/5.0 (X11; Linux x86_64) AppleWebKit/537.36 (KHTML, like Gecko) HeadlessChrome/97.0.4692.71 Safari/537.36"
10.143.2.25 - - [21/Jan/2022:09:25:20 +0000] "GET /turba/js/browse.js?v=eda5828c1e506c15900222f7df71d86f HTTP/1.1" 200 4016 "https://mail.smith.russellmitchell.com/turba/browse.php" "Mozilla/5.0 (X11; Linux x86_64) AppleWebKit/537.36 (KHTML, like Gecko) HeadlessChrome/97.0.4692.71 Safari/537.36"
10.143.2.25 - - [21/Jan/2022:09:25:20 +0000] "GET /turba/themes/default/graphics/edit.png HTTP/1.1" 200 3611 "https://mail.smith.russellmitchell.com/turba/themes/default/screen.css" "Mozilla/5.0 (X11; Linux x86_64) AppleWebKit/537.36 (KHTML, like Gecko) HeadlessChrome/97.0.4692.71 Safari/537.36"
10.143.2.25 - - [21/Jan/2022:09:25:20 +0000] "GET /turba/themes/default/graphics/group.png HTTP/1.1" 200 1383 "https://mail.smith.russellmitchell.com/turba/themes/default/screen.css" "Mozilla/5.0 (X11; Linux x86_64) AppleWebKit/537.36 (KHTML, like Gecko) HeadlessChrome/97.0.4692.71 Safari/537.36"
10.143.3.65 - - [21/Jan/2022:09:25:34 +0000] "GET /nag/ HTTP/1.1" 200 9892 "https://mail.smith.russellmitchell.com/turba/contact.php?source=IJnpNGoZNZp0FmjpVsXGhXJ&key=7cDccB29gyw3YI-c2-BaWuW&view=Contact" "Mozilla/5.0 (X11; Ubuntu; Linux x86_64; rv:86.0) Gecko/20100101 Firefox/86.0"
10.143.3.65 - - [21/Jan/2022:09:25:34 +0000] "GET /nag/themes/default/screen.css HTTP/1.1" 200 1170 "https://mail.smith.russellmitchell.com/nag/" "Mozilla/5.0 (X11; Ubuntu; Linux x86_64; rv:86.0) Gecko/20100101 Firefox/86.0"
10.143.3.65 - - [21/Jan/2022:09:25:34 +0000] "GET /js/tables.js?v=d0d0749382c4cc649651134fc974b2e8 HTTP/1.1" 200 2536 "https://mail.smith.russellmitchell.com/nag/" "Mozilla/5.0 (X11; Ubuntu; Linux x86_64; rv:86.0) Gecko/20100101 Firefox/86.0"
10.143.3.65 - - [21/Jan/2022:09:25:34 +0000] "GET /themes/default/graphics/az.png HTTP/1.1" 200 570 "https://mail.smith.russellmitchell.com/themes/default/screen.css" "Mozilla/5.0 (X11; Ubuntu; Linux x86_64; rv:86.0) Gecko/20100101 Firefox/86.0"
10.143.3.65 - - [21/Jan/2022:09:25:34 +0000] "GET /nag/themes/default/graphics/nag.png HTTP/1.1" 200 771 "https://mail.smith.russellmitchell.com/nag/themes/default/screen.css" "Mozilla/5.0 (X11; Ubuntu; Linux x86_64; rv:86.0) Gecko/20100101 Firefox/86.0"
10.143.3.65 - - [21/Jan/2022:09:25:34 +0000] "GET /nag/themes/default/graphics/search.png HTTP/1.1" 200 766 "https://mail.smith.russellmitchell.com/nag/themes/default/screen.css" "Mozilla/5.0 (X11; Ubuntu; Linux x86_64; rv:86.0) Gecko/20100101 Firefox/86.0"
10.143.3.65 - - [21/Jan/2022:09:25:34 +0000] "GET /nag/themes/default/graphics/add.png HTTP/1.1" 200 1394 "https://mail.smith.russellmitchell.com/nag/themes/default/screen.css" "Mozilla/5.0 (X11; Ubuntu; Linux x86_64; rv:86.0) Gecko/20100101 Firefox/86.0"
10.143.3.65 - - [21/Jan/2022:09:25:34 +0000] "GET /nag/themes/default/graphics/favicon.ico HTTP/1.1" 200 2064 "https://mail.smith.russellmitchell.com/nag/" "Mozilla/5.0 (X11; Ubuntu; Linux x86_64; rv:86.0) Gecko/20100101 Firefox/86.0"
10.143.3.65 - - [21/Jan/2022:09:25:58 +0000] "GET /nag/task.php?actionID=add_task HTTP/1.1" 200 9928 "https://mail.smith.russellmitchell.com/nag/" "Mozilla/5.0 (X11; Ubuntu; Linux x86_64; rv:86.0) Gecko/20100101 Firefox/86.0"
10.143.3.65 - - [21/Jan/2022:09:25:58 +0000] "GET /nag/js/calendar.js?v=1c1ea9cb7680a625043f90fc61ea7261 HTTP/1.1" 200 1344 "https://mail.smith.russellmitchell.com/nag/task.php?actionID=add_task" "Mozilla/5.0 (X11; Ubuntu; Linux x86_64; rv:86.0) Gecko/20100101 Firefox/86.0"
10.143.3.65 - - [21/Jan/2022:09:25:58 +0000] "GET /nag/js/task.js?v=1c1ea9cb7680a625043f90fc61ea7261 HTTP/1.1" 200 1086 "https://mail.smith.russellmitchell.com/nag/task.php?actionID=add_task" "Mozilla/5.0 (X11; Ubuntu; Linux x86_64; rv:86.0) Gecko/20100101 Firefox/86.0"
172.19.131.174 - - [21/Jan/2022:09:26:00 +0000] "POST /services/ajax.php/kronolith/poll HTTP/1.1" 200 1000 "https://mail.smith.russellmitchell.com/kronolith/" "Mozilla/5.0 (X11; Ubuntu; Linux x86_64; rv:86.0) Gecko/20100101 Firefox/86.0"
10.143.2.25 - - [21/Jan/2022:09:26:03 +0000] "GET /turba/add.php HTTP/1.1" 200 19842 "https://mail.smith.russellmitchell.com/turba/browse.php" "Mozilla/5.0 (X11; Linux x86_64) AppleWebKit/537.36 (KHTML, like Gecko) HeadlessChrome/97.0.4692.71 Safari/537.36"
10.143.2.25 - - [21/Jan/2022:09:26:04 +0000] "GET /turba/themes/default/screen.css HTTP/1.1" 200 1335 "https://mail.smith.russellmitchell.com/turba/add.php" "Mozilla/5.0 (X11; Linux x86_64) AppleWebKit/537.36 (KHTML, like Gecko) HeadlessChrome/97.0.4692.71 Safari/537.36"
10.143.2.25 - - [21/Jan/2022:09:26:04 +0000] "GET /js/form_sections.js?v=d0d0749382c4cc649651134fc974b2e8 HTTP/1.1" 200 985 "https://mail.smith.russellmitchell.com/turba/add.php" "Mozilla/5.0 (X11; Linux x86_64) AppleWebKit/537.36 (KHTML, like Gecko) HeadlessChrome/97.0.4692.71 Safari/537.36"
10.143.2.25 - - [21/Jan/2022:09:26:04 +0000] "GET /js/calendar.js?v=d0d0749382c4cc649651134fc974b2e8 HTTP/1.1" 200 2934 "https://mail.smith.russellmitchell.com/turba/add.php" "Mozilla/5.0 (X11; Linux x86_64) AppleWebKit/537.36 (KHTML, like Gecko) HeadlessChrome/97.0.4692.71 Safari/537.36"
10.143.2.25 - - [21/Jan/2022:09:26:04 +0000] "GET /js/image.js?v=d0d0749382c4cc649651134fc974b2e8 HTTP/1.1" 200 1661 "https://mail.smith.russellmitchell.com/turba/add.php" "Mozilla/5.0 (X11; Linux x86_64) AppleWebKit/537.36 (KHTML, like Gecko) HeadlessChrome/97.0.4692.71 Safari/537.36"
10.143.2.25 - - [21/Jan/2022:09:26:04 +0000] "GET /js/liquidmetal.js?v=d0d0749382c4cc649651134fc974b2e8 HTTP/1.1" 200 2351 "https://mail.smith.russellmitchell.com/turba/add.php" "Mozilla/5.0 (X11; Linux x86_64) AppleWebKit/537.36 (KHTML, like Gecko) HeadlessChrome/97.0.4692.71 Safari/537.36"
10.143.2.25 - - [21/Jan/2022:09:26:04 +0000] "GET /js/keynavlist.js?v=d0d0749382c4cc649651134fc974b2e8 HTTP/1.1" 200 3492 "https://mail.smith.russellmitchell.com/turba/add.php" "Mozilla/5.0 (X11; Linux x86_64) AppleWebKit/537.36 (KHTML, like Gecko) HeadlessChrome/97.0.4692.71 Safari/537.36"
10.143.2.25 - - [21/Jan/2022:09:26:04 +0000] "GET /js/autocomplete.js?v=d0d0749382c4cc649651134fc974b2e8 HTTP/1.1" 200 3771 "https://mail.smith.russellmitchell.com/turba/add.php" "Mozilla/5.0 (X11; Linux x86_64) AppleWebKit/537.36 (KHTML, like Gecko) HeadlessChrome/97.0.4692.71 Safari/537.36"
10.143.2.25 - - [21/Jan/2022:09:26:04 +0000] "GET /js/imple.js?v=d0d0749382c4cc649651134fc974b2e8 HTTP/1.1" 200 3998 "https://mail.smith.russellmitchell.com/turba/add.php" "Mozilla/5.0 (X11; Linux x86_64) AppleWebKit/537.36 (KHTML, like Gecko) HeadlessChrome/97.0.4692.71 Safari/537.36"
10.143.2.25 - - [21/Jan/2022:09:26:14 +0000] "POST /turba/add.php HTTP/1.1" 302 1121 "https://mail.smith.russellmitchell.com/turba/add.php" "Mozilla/5.0 (X11; Linux x86_64) AppleWebKit/537.36 (KHTML, like Gecko) HeadlessChrome/97.0.4692.71 Safari/537.36"
10.143.2.25 - - [21/Jan/2022:09:26:14 +0000] "GET /turba/contact.php?source=f6I8lsQIGij7UAFdkB-6yhb&key=oZP_TDjtLCdPosNzoatSz0y&view=Contact HTTP/1.1" 200 21137 "https://mail.smith.russellmitchell.com/turba/add.php" "Mozilla/5.0 (X11; Linux x86_64) AppleWebKit/537.36 (KHTML, like Gecko) HeadlessChrome/97.0.4692.71 Safari/537.36"
10.143.2.25 - - [21/Jan/2022:09:26:14 +0000] "GET /turba/themes/default/screen.css HTTP/1.1" 200 1335 "https://mail.smith.russellmitchell.com/turba/contact.php?source=f6I8lsQIGij7UAFdkB-6yhb&key=oZP_TDjtLCdPosNzoatSz0y&view=Contact" "Mozilla/5.0 (X11; Linux x86_64) AppleWebKit/537.36 (KHTML, like Gecko) HeadlessChrome/97.0.4692.71 Safari/537.36"
10.143.2.25 - - [21/Jan/2022:09:26:14 +0000] "GET /turba/themes/default/graphics/turba.png HTTP/1.1" 200 664 "https://mail.smith.russellmitchell.com/turba/themes/default/screen.css" "Mozilla/5.0 (X11; Linux x86_64) AppleWebKit/537.36 (KHTML, like Gecko) HeadlessChrome/97.0.4692.71 Safari/537.36"
10.143.2.25 - - [21/Jan/2022:09:26:14 +0000] "GET /turba/themes/default/graphics/edit.png HTTP/1.1" 200 598 "https://mail.smith.russellmitchell.com/turba/themes/default/screen.css" "Mozilla/5.0 (X11; Linux x86_64) AppleWebKit/537.36 (KHTML, like Gecko) HeadlessChrome/97.0.4692.71 Safari/537.36"
10.143.2.25 - - [21/Jan/2022:09:26:14 +0000] "GET /turba/js/contact_tabs.js?v=eda5828c1e506c15900222f7df71d86f HTTP/1.1" 200 815 "https://mail.smith.russellmitchell.com/turba/contact.php?source=f6I8lsQIGij7UAFdkB-6yhb&key=oZP_TDjtLCdPosNzoatSz0y&view=Contact" "Mozilla/5.0 (X11; Linux x86_64) AppleWebKit/537.36 (KHTML, like Gecko) HeadlessChrome/97.0.4692.71 Safari/537.36"
10.143.2.25 - - [21/Jan/2022:09:26:14 +0000] "GET /turba/themes/default/graphics/delete.png HTTP/1.1" 200 1194 "https://mail.smith.russellmitchell.com/turba/themes/default/screen.css" "Mozilla/5.0 (X11; Linux x86_64) AppleWebKit/537.36 (KHTML, like Gecko) HeadlessChrome/97.0.4692.71 Safari/537.36"
10.143.3.65 - - [21/Jan/2022:09:26:17 +0000] "POST /nag/task/save.php HTTP/1.1" 302 1044 "https://mail.smith.russellmitchell.com/nag/task.php?actionID=add_task" "Mozilla/5.0 (X11; Ubuntu; Linux x86_64; rv:86.0) Gecko/20100101 Firefox/86.0"
10.143.3.65 - - [21/Jan/2022:09:26:17 +0000] "GET /nag/list.php HTTP/1.1" 200 9521 "https://mail.smith.russellmitchell.com/nag/task.php?actionID=add_task" "Mozilla/5.0 (X11; Ubuntu; Linux x86_64; rv:86.0) Gecko/20100101 Firefox/86.0"
172.19.131.174 - - [21/Jan/2022:09:26:35 +0000] "GET /imp/dynamic.php?page=mailbox HTTP/1.1" 200 9472 "https://mail.smith.russellmitchell.com/kronolith/" "Mozilla/5.0 (X11; Ubuntu; Linux x86_64; rv:86.0) Gecko/20100101 Firefox/86.0"
172.19.131.174 - - [21/Jan/2022:09:26:36 +0000] "GET /imp/js/dimpbase.js?v=b2b582864b8fa969bd5860bc72f0d3da HTTP/1.1" 200 23827 "https://mail.smith.russellmitchell.com/imp/dynamic.php?page=mailbox" "Mozilla/5.0 (X11; Ubuntu; Linux x86_64; rv:86.0) Gecko/20100101 Firefox/86.0"
172.19.131.174 - - [21/Jan/2022:09:26:36 +0000] "POST /services/ajax.php/imp/dynamicInit HTTP/1.1" 200 2469 "https://mail.smith.russellmitchell.com/imp/dynamic.php?page=mailbox" "Mozilla/5.0 (X11; Ubuntu; Linux x86_64; rv:86.0) Gecko/20100101 Firefox/86.0"
10.143.2.25 - - [21/Jan/2022:09:26:50 +0000] "GET /turba/browse.php HTTP/1.1" 200 5883 "https://mail.smith.russellmitchell.com/turba/contact.php?source=f6I8lsQIGij7UAFdkB-6yhb&key=oZP_TDjtLCdPosNzoatSz0y&view=Contact" "Mozilla/5.0 (X11; Linux x86_64) AppleWebKit/537.36 (KHTML, like Gecko) HeadlessChrome/97.0.4692.71 Safari/537.36"
10.143.2.25 - - [21/Jan/2022:09:26:50 +0000] "GET /turba/themes/default/screen.css HTTP/1.1" 200 1335 "https://mail.smith.russellmitchell.com/turba/browse.php" "Mozilla/5.0 (X11; Linux x86_64) AppleWebKit/537.36 (KHTML, like Gecko) HeadlessChrome/97.0.4692.71 Safari/537.36"
10.143.2.25 - - [21/Jan/2022:09:26:50 +0000] "GET /turba/js/browse.js?v=eda5828c1e506c15900222f7df71d86f HTTP/1.1" 200 1003 "https://mail.smith.russellmitchell.com/turba/browse.php" "Mozilla/5.0 (X11; Linux x86_64) AppleWebKit/537.36 (KHTML, like Gecko) HeadlessChrome/97.0.4692.71 Safari/537.36"
10.143.2.25 - - [21/Jan/2022:09:26:50 +0000] "GET /js/quickfinder.js?v=d0d0749382c4cc649651134fc974b2e8 HTTP/1.1" 200 1531 "https://mail.smith.russellmitchell.com/turba/browse.php" "Mozilla/5.0 (X11; Linux x86_64) AppleWebKit/537.36 (KHTML, like Gecko) HeadlessChrome/97.0.4692.71 Safari/537.36"
10.143.2.25 - - [21/Jan/2022:09:26:50 +0000] "GET /js/redbox.js?v=d0d0749382c4cc649651134fc974b2e8 HTTP/1.1" 200 1648 "https://mail.smith.russellmitchell.com/turba/browse.php" "Mozilla/5.0 (X11; Linux x86_64) AppleWebKit/537.36 (KHTML, like Gecko) HeadlessChrome/97.0.4692.71 Safari/537.36"
10.143.2.25 - - [21/Jan/2022:09:26:50 +0000] "GET /turba/themes/default/graphics/mime/vcard.png HTTP/1.1" 200 635 "https://mail.smith.russellmitchell.com/turba/themes/default/screen.css" "Mozilla/5.0 (X11; Linux x86_64) AppleWebKit/537.36 (KHTML, like Gecko) HeadlessChrome/97.0.4692.71 Safari/537.36"
10.143.2.25 - - [21/Jan/2022:09:26:50 +0000] "GET /turba/themes/default/graphics/group.png HTTP/1.1" 200 1383 "https://mail.smith.russellmitchell.com/turba/themes/default/screen.css" "Mozilla/5.0 (X11; Linux x86_64) AppleWebKit/537.36 (KHTML, like Gecko) HeadlessChrome/97.0.4692.71 Safari/537.36"
10.143.3.65 - - [21/Jan/2022:09:26:51 +0000] "GET /nag/task.php?tasklist=KO7vz7Bnb8OdPe8OZ1nh8fz&task=dfaZHoT5okqee-sIPkwNV-O&actionID=modify_task&have_search&tab_name=1&url=%2Fnag%2Flist.php HTTP/1.1" 200 10114 "-" "Mozilla/5.0 (X11; Ubuntu; Linux x86_64; rv:86.0) Gecko/20100101 Firefox/86.0"
172.19.131.174 - - [21/Jan/2022:09:26:54 +0000] "GET /imp/dynamic.php?page=compose&type=new&token=H7MhWXwJt7-RAdgLZZG8KyA&uniq=1642757214483 HTTP/1.1" 200 6258 "https://mail.smith.russellmitchell.com/imp/dynamic.php?page=mailbox" "Mozilla/5.0 (X11; Ubuntu; Linux x86_64; rv:86.0) Gecko/20100101 Firefox/86.0"
10.143.3.65 - - [21/Jan/2022:09:27:03 +0000] "POST /nag/task/save.php HTTP/1.1" 302 1044 "https://mail.smith.russellmitchell.com/nag/task.php?tasklist=KO7vz7Bnb8OdPe8OZ1nh8fz&task=dfaZHoT5okqee-sIPkwNV-O&actionID=modify_task&have_search&tab_name=1&url=%2Fnag%2Flist.php" "Mozilla/5.0 (X11; Ubuntu; Linux x86_64; rv:86.0) Gecko/20100101 Firefox/86.0"
10.143.3.65 - - [21/Jan/2022:09:27:03 +0000] "GET /nag/list.php HTTP/1.1" 200 9426 "https://mail.smith.russellmitchell.com/nag/task.php?tasklist=KO7vz7Bnb8OdPe8OZ1nh8fz&task=dfaZHoT5okqee-sIPkwNV-O&actionID=modify_task&have_search&tab_name=1&url=%2Fnag%2Flist.php" "Mozilla/5.0 (X11; Ubuntu; Linux x86_64; rv:86.0) Gecko/20100101 Firefox/86.0"
10.143.2.25 - - [21/Jan/2022:09:27:11 +0000] "GET /turba/add.php HTTP/1.1" 200 19849 "https://mail.smith.russellmitchell.com/turba/browse.php" "Mozilla/5.0 (X11; Linux x86_64) AppleWebKit/537.36 (KHTML, like Gecko) HeadlessChrome/97.0.4692.71 Safari/537.36"
10.143.2.25 - - [21/Jan/2022:09:27:11 +0000] "GET /turba/themes/default/screen.css HTTP/1.1" 200 1335 "https://mail.smith.russellmitchell.com/turba/add.php" "Mozilla/5.0 (X11; Linux x86_64) AppleWebKit/537.36 (KHTML, like Gecko) HeadlessChrome/97.0.4692.71 Safari/537.36"
10.143.2.25 - - [21/Jan/2022:09:27:11 +0000] "GET /js/form_sections.js?v=d0d0749382c4cc649651134fc974b2e8 HTTP/1.1" 200 985 "https://mail.smith.russellmitchell.com/turba/add.php" "Mozilla/5.0 (X11; Linux x86_64) AppleWebKit/537.36 (KHTML, like Gecko) HeadlessChrome/97.0.4692.71 Safari/537.36"
10.143.2.25 - - [21/Jan/2022:09:27:11 +0000] "GET /js/calendar.js?v=d0d0749382c4cc649651134fc974b2e8 HTTP/1.1" 200 2934 "https://mail.smith.russellmitchell.com/turba/add.php" "Mozilla/5.0 (X11; Linux x86_64) AppleWebKit/537.36 (KHTML, like Gecko) HeadlessChrome/97.0.4692.71 Safari/537.36"
10.143.2.25 - - [21/Jan/2022:09:27:11 +0000] "GET /js/keynavlist.js?v=d0d0749382c4cc649651134fc974b2e8 HTTP/1.1" 200 2916 "https://mail.smith.russellmitchell.com/turba/add.php" "Mozilla/5.0 (X11; Linux x86_64) AppleWebKit/537.36 (KHTML, like Gecko) HeadlessChrome/97.0.4692.71 Safari/537.36"
10.143.2.25 - - [21/Jan/2022:09:27:11 +0000] "GET /js/image.js?v=d0d0749382c4cc649651134fc974b2e8 HTTP/1.1" 200 1661 "https://mail.smith.russellmitchell.com/turba/add.php" "Mozilla/5.0 (X11; Linux x86_64) AppleWebKit/537.36 (KHTML, like Gecko) HeadlessChrome/97.0.4692.71 Safari/537.36"
10.143.2.25 - - [21/Jan/2022:09:27:11 +0000] "GET /js/imple.js?v=d0d0749382c4cc649651134fc974b2e8 HTTP/1.1" 200 1561 "https://mail.smith.russellmitchell.com/turba/add.php" "Mozilla/5.0 (X11; Linux x86_64) AppleWebKit/537.36 (KHTML, like Gecko) HeadlessChrome/97.0.4692.71 Safari/537.36"
10.143.2.25 - - [21/Jan/2022:09:27:11 +0000] "GET /js/liquidmetal.js?v=d0d0749382c4cc649651134fc974b2e8 HTTP/1.1" 200 2351 "https://mail.smith.russellmitchell.com/turba/add.php" "Mozilla/5.0 (X11; Linux x86_64) AppleWebKit/537.36 (KHTML, like Gecko) HeadlessChrome/97.0.4692.71 Safari/537.36"
10.143.2.25 - - [21/Jan/2022:09:27:11 +0000] "GET /js/autocomplete.js?v=d0d0749382c4cc649651134fc974b2e8 HTTP/1.1" 200 3771 "https://mail.smith.russellmitchell.com/turba/add.php" "Mozilla/5.0 (X11; Linux x86_64) AppleWebKit/537.36 (KHTML, like Gecko) HeadlessChrome/97.0.4692.71 Safari/537.36"
10.143.3.65 - - [21/Jan/2022:09:27:13 +0000] "GET /nag/task.php?actionID=add_task HTTP/1.1" 200 9933 "https://mail.smith.russellmitchell.com/nag/list.php" "Mozilla/5.0 (X11; Ubuntu; Linux x86_64; rv:86.0) Gecko/20100101 Firefox/86.0"
10.143.2.25 - - [21/Jan/2022:09:27:20 +0000] "POST /turba/add.php HTTP/1.1" 302 1121 "https://mail.smith.russellmitchell.com/turba/add.php" "Mozilla/5.0 (X11; Linux x86_64) AppleWebKit/537.36 (KHTML, like Gecko) HeadlessChrome/97.0.4692.71 Safari/537.36"
10.143.2.25 - - [21/Jan/2022:09:27:20 +0000] "GET /turba/contact.php?source=f6I8lsQIGij7UAFdkB-6yhb&key=UdXIBUwc756pMxOokelN5f7&view=Contact HTTP/1.1" 200 21119 "https://mail.smith.russellmitchell.com/turba/add.php" "Mozilla/5.0 (X11; Linux x86_64) AppleWebKit/537.36 (KHTML, like Gecko) HeadlessChrome/97.0.4692.71 Safari/537.36"
10.143.2.25 - - [21/Jan/2022:09:27:20 +0000] "GET /turba/themes/default/screen.css HTTP/1.1" 200 1335 "https://mail.smith.russellmitchell.com/turba/contact.php?source=f6I8lsQIGij7UAFdkB-6yhb&key=UdXIBUwc756pMxOokelN5f7&view=Contact" "Mozilla/5.0 (X11; Linux x86_64) AppleWebKit/537.36 (KHTML, like Gecko) HeadlessChrome/97.0.4692.71 Safari/537.36"
10.143.2.25 - - [21/Jan/2022:09:27:20 +0000] "GET /turba/themes/default/graphics/turba.png HTTP/1.1" 200 664 "https://mail.smith.russellmitchell.com/turba/themes/default/screen.css" "Mozilla/5.0 (X11; Linux x86_64) AppleWebKit/537.36 (KHTML, like Gecko) HeadlessChrome/97.0.4692.71 Safari/537.36"
10.143.2.25 - - [21/Jan/2022:09:27:20 +0000] "GET /turba/themes/default/graphics/edit.png HTTP/1.1" 200 598 "https://mail.smith.russellmitchell.com/turba/themes/default/screen.css" "Mozilla/5.0 (X11; Linux x86_64) AppleWebKit/537.36 (KHTML, like Gecko) HeadlessChrome/97.0.4692.71 Safari/537.36"
10.143.2.25 - - [21/Jan/2022:09:27:20 +0000] "GET /turba/themes/default/graphics/delete.png HTTP/1.1" 200 1194 "https://mail.smith.russellmitchell.com/turba/themes/default/screen.css" "Mozilla/5.0 (X11; Linux x86_64) AppleWebKit/537.36 (KHTML, like Gecko) HeadlessChrome/97.0.4692.71 Safari/537.36"
10.143.2.25 - - [21/Jan/2022:09:27:20 +0000] "GET /turba/js/contact_tabs.js?v=eda5828c1e506c15900222f7df71d86f HTTP/1.1" 200 815 "https://mail.smith.russellmitchell.com/turba/contact.php?source=f6I8lsQIGij7UAFdkB-6yhb&key=UdXIBUwc756pMxOokelN5f7&view=Contact" "Mozilla/5.0 (X11; Linux x86_64) AppleWebKit/537.36 (KHTML, like Gecko) HeadlessChrome/97.0.4692.71 Safari/537.36"
172.19.131.174 - - [21/Jan/2022:09:27:21 +0000] "POST /services/ajax.php/imp/addAttachment?jsonhtml=1&token=H7MhWXwJt7-RAdgLZZG8KyA HTTP/1.1" 200 1919 "https://mail.smith.russellmitchell.com/imp/dynamic.php?page=compose&type=new&token=H7MhWXwJt7-RAdgLZZG8KyA&uniq=1642757214483" "Mozilla/5.0 (X11; Ubuntu; Linux x86_64; rv:86.0) Gecko/20100101 Firefox/86.0"
10.143.3.65 - - [21/Jan/2022:09:27:32 +0000] "POST /nag/task/save.php HTTP/1.1" 302 1044 "https://mail.smith.russellmitchell.com/nag/task.php?actionID=add_task" "Mozilla/5.0 (X11; Ubuntu; Linux x86_64; rv:86.0) Gecko/20100101 Firefox/86.0"
10.143.3.65 - - [21/Jan/2022:09:27:33 +0000] "GET /nag/list.php HTTP/1.1" 200 9559 "https://mail.smith.russellmitchell.com/nag/task.php?actionID=add_task" "Mozilla/5.0 (X11; Ubuntu; Linux x86_64; rv:86.0) Gecko/20100101 Firefox/86.0"
172.19.131.174 - - [21/Jan/2022:09:27:49 +0000] "POST /services/ajax.php/imp/sendMessage HTTP/1.1" 200 1085 "https://mail.smith.russellmitchell.com/imp/dynamic.php?page=compose&type=new&token=H7MhWXwJt7-RAdgLZZG8KyA&uniq=1642757214483" "Mozilla/5.0 (X11; Ubuntu; Linux x86_64; rv:86.0) Gecko/20100101 Firefox/86.0"
172.19.131.174 - - [21/Jan/2022:09:27:50 +0000] "GET /imp/dynamic.php?page=compose&type=new&token=H7MhWXwJt7-RAdgLZZG8KyA&uniq=1642757270425 HTTP/1.1" 200 5685 "https://mail.smith.russellmitchell.com/imp/dynamic.php?page=mailbox" "Mozilla/5.0 (X11; Ubuntu; Linux x86_64; rv:86.0) Gecko/20100101 Firefox/86.0"
10.143.2.25 - - [21/Jan/2022:09:27:59 +0000] "GET /turba/browse.php HTTP/1.1" 200 5949 "https://mail.smith.russellmitchell.com/turba/contact.php?source=f6I8lsQIGij7UAFdkB-6yhb&key=UdXIBUwc756pMxOokelN5f7&view=Contact" "Mozilla/5.0 (X11; Linux x86_64) AppleWebKit/537.36 (KHTML, like Gecko) HeadlessChrome/97.0.4692.71 Safari/537.36"
10.143.2.25 - - [21/Jan/2022:09:27:59 +0000] "GET /turba/themes/default/screen.css HTTP/1.1" 200 1335 "https://mail.smith.russellmitchell.com/turba/browse.php" "Mozilla/5.0 (X11; Linux x86_64) AppleWebKit/537.36 (KHTML, like Gecko) HeadlessChrome/97.0.4692.71 Safari/537.36"
10.143.2.25 - - [21/Jan/2022:09:27:59 +0000] "GET /turba/js/browse.js?v=eda5828c1e506c15900222f7df71d86f HTTP/1.1" 200 1003 "https://mail.smith.russellmitchell.com/turba/browse.php" "Mozilla/5.0 (X11; Linux x86_64) AppleWebKit/537.36 (KHTML, like Gecko) HeadlessChrome/97.0.4692.71 Safari/537.36"
10.143.2.25 - - [21/Jan/2022:09:27:59 +0000] "GET /js/quickfinder.js?v=d0d0749382c4cc649651134fc974b2e8 HTTP/1.1" 200 1531 "https://mail.smith.russellmitchell.com/turba/browse.php" "Mozilla/5.0 (X11; Linux x86_64) AppleWebKit/537.36 (KHTML, like Gecko) HeadlessChrome/97.0.4692.71 Safari/537.36"
10.143.2.25 - - [21/Jan/2022:09:27:59 +0000] "GET /turba/themes/default/graphics/mime/vcard.png HTTP/1.1" 200 635 "https://mail.smith.russellmitchell.com/turba/themes/default/screen.css" "Mozilla/5.0 (X11; Linux x86_64) AppleWebKit/537.36 (KHTML, like Gecko) HeadlessChrome/97.0.4692.71 Safari/537.36"
10.143.2.25 - - [21/Jan/2022:09:27:59 +0000] "GET /js/redbox.js?v=d0d0749382c4cc649651134fc974b2e8 HTTP/1.1" 200 2224 "https://mail.smith.russellmitchell.com/turba/browse.php" "Mozilla/5.0 (X11; Linux x86_64) AppleWebKit/537.36 (KHTML, like Gecko) HeadlessChrome/97.0.4692.71 Safari/537.36"
10.143.2.25 - - [21/Jan/2022:09:27:59 +0000] "GET /turba/themes/default/graphics/group.png HTTP/1.1" 200 1383 "https://mail.smith.russellmitchell.com/turba/themes/default/screen.css" "Mozilla/5.0 (X11; Linux x86_64) AppleWebKit/537.36 (KHTML, like Gecko) HeadlessChrome/97.0.4692.71 Safari/537.36"
10.143.3.65 - - [21/Jan/2022:09:28:21 +0000] "GET /nag/task.php?actionID=add_task HTTP/1.1" 200 9965 "https://mail.smith.russellmitchell.com/nag/list.php" "Mozilla/5.0 (X11; Ubuntu; Linux x86_64; rv:86.0) Gecko/20100101 Firefox/86.0"
172.19.131.174 - - [21/Jan/2022:09:28:31 +0000] "POST /services/ajax.php/imp/addAttachment?jsonhtml=1&token=H7MhWXwJt7-RAdgLZZG8KyA HTTP/1.1" 200 1975 "https://mail.smith.russellmitchell.com/imp/dynamic.php?page=compose&type=new&token=H7MhWXwJt7-RAdgLZZG8KyA&uniq=1642757270425" "Mozilla/5.0 (X11; Ubuntu; Linux x86_64; rv:86.0) Gecko/20100101 Firefox/86.0"
10.143.2.25 - - [21/Jan/2022:09:28:31 +0000] "GET /turba/contact.php?source=f6I8lsQIGij7UAFdkB-6yhb&key=oZP_TDjtLCdPosNzoatSz0y HTTP/1.1" 200 21626 "https://mail.smith.russellmitchell.com/turba/browse.php" "Mozilla/5.0 (X11; Linux x86_64) AppleWebKit/537.36 (KHTML, like Gecko) HeadlessChrome/97.0.4692.71 Safari/537.36"
10.143.2.25 - - [21/Jan/2022:09:28:31 +0000] "GET /turba/themes/default/screen.css HTTP/1.1" 200 1335 "https://mail.smith.russellmitchell.com/turba/contact.php?source=f6I8lsQIGij7UAFdkB-6yhb&key=oZP_TDjtLCdPosNzoatSz0y" "Mozilla/5.0 (X11; Linux x86_64) AppleWebKit/537.36 (KHTML, like Gecko) HeadlessChrome/97.0.4692.71 Safari/537.36"
10.143.2.25 - - [21/Jan/2022:09:28:31 +0000] "GET /turba/themes/default/graphics/turba.png HTTP/1.1" 200 664 "https://mail.smith.russellmitchell.com/turba/themes/default/screen.css" "Mozilla/5.0 (X11; Linux x86_64) AppleWebKit/537.36 (KHTML, like Gecko) HeadlessChrome/97.0.4692.71 Safari/537.36"
10.143.2.25 - - [21/Jan/2022:09:28:31 +0000] "GET /turba/js/contact_tabs.js?v=eda5828c1e506c15900222f7df71d86f HTTP/1.1" 200 815 "https://mail.smith.russellmitchell.com/turba/contact.php?source=f6I8lsQIGij7UAFdkB-6yhb&key=oZP_TDjtLCdPosNzoatSz0y" "Mozilla/5.0 (X11; Linux x86_64) AppleWebKit/537.36 (KHTML, like Gecko) HeadlessChrome/97.0.4692.71 Safari/537.36"
10.143.2.25 - - [21/Jan/2022:09:28:31 +0000] "GET /js/form_sections.js?v=d0d0749382c4cc649651134fc974b2e8 HTTP/1.1" 200 985 "https://mail.smith.russellmitchell.com/turba/contact.php?source=f6I8lsQIGij7UAFdkB-6yhb&key=oZP_TDjtLCdPosNzoatSz0y" "Mozilla/5.0 (X11; Linux x86_64) AppleWebKit/537.36 (KHTML, like Gecko) HeadlessChrome/97.0.4692.71 Safari/537.36"
10.143.2.25 - - [21/Jan/2022:09:28:31 +0000] "GET /js/keynavlist.js?v=d0d0749382c4cc649651134fc974b2e8 HTTP/1.1" 200 2916 "https://mail.smith.russellmitchell.com/turba/contact.php?source=f6I8lsQIGij7UAFdkB-6yhb&key=oZP_TDjtLCdPosNzoatSz0y" "Mozilla/5.0 (X11; Linux x86_64) AppleWebKit/537.36 (KHTML, like Gecko) HeadlessChrome/97.0.4692.71 Safari/537.36"
10.143.2.25 - - [21/Jan/2022:09:28:31 +0000] "GET /js/autocomplete.js?v=d0d0749382c4cc649651134fc974b2e8 HTTP/1.1" 200 3195 "https://mail.smith.russellmitchell.com/turba/contact.php?source=f6I8lsQIGij7UAFdkB-6yhb&key=oZP_TDjtLCdPosNzoatSz0y" "Mozilla/5.0 (X11; Linux x86_64) AppleWebKit/537.36 (KHTML, like Gecko) HeadlessChrome/97.0.4692.71 Safari/537.36"
10.143.2.25 - - [21/Jan/2022:09:28:31 +0000] "GET /js/calendar.js?v=d0d0749382c4cc649651134fc974b2e8 HTTP/1.1" 200 3510 "https://mail.smith.russellmitchell.com/turba/contact.php?source=f6I8lsQIGij7UAFdkB-6yhb&key=oZP_TDjtLCdPosNzoatSz0y" "Mozilla/5.0 (X11; Linux x86_64) AppleWebKit/537.36 (KHTML, like Gecko) HeadlessChrome/97.0.4692.71 Safari/537.36"
10.143.2.25 - - [21/Jan/2022:09:28:31 +0000] "GET /js/image.js?v=d0d0749382c4cc649651134fc974b2e8 HTTP/1.1" 200 1661 "https://mail.smith.russellmitchell.com/turba/contact.php?source=f6I8lsQIGij7UAFdkB-6yhb&key=oZP_TDjtLCdPosNzoatSz0y" "Mozilla/5.0 (X11; Linux x86_64) AppleWebKit/537.36 (KHTML, like Gecko) HeadlessChrome/97.0.4692.71 Safari/537.36"
10.143.2.25 - - [21/Jan/2022:09:28:31 +0000] "GET /js/imple.js?v=d0d0749382c4cc649651134fc974b2e8 HTTP/1.1" 200 1561 "https://mail.smith.russellmitchell.com/turba/contact.php?source=f6I8lsQIGij7UAFdkB-6yhb&key=oZP_TDjtLCdPosNzoatSz0y" "Mozilla/5.0 (X11; Linux x86_64) AppleWebKit/537.36 (KHTML, like Gecko) HeadlessChrome/97.0.4692.71 Safari/537.36"
10.143.2.25 - - [21/Jan/2022:09:28:31 +0000] "GET /js/liquidmetal.js?v=d0d0749382c4cc649651134fc974b2e8 HTTP/1.1" 200 2351 "https://mail.smith.russellmitchell.com/turba/contact.php?source=f6I8lsQIGij7UAFdkB-6yhb&key=oZP_TDjtLCdPosNzoatSz0y" "Mozilla/5.0 (X11; Linux x86_64) AppleWebKit/537.36 (KHTML, like Gecko) HeadlessChrome/97.0.4692.71 Safari/537.36"
10.143.3.65 - - [21/Jan/2022:09:28:35 +0000] "POST /nag/task/save.php HTTP/1.1" 302 1044 "https://mail.smith.russellmitchell.com/nag/task.php?actionID=add_task" "Mozilla/5.0 (X11; Ubuntu; Linux x86_64; rv:86.0) Gecko/20100101 Firefox/86.0"
10.143.3.65 - - [21/Jan/2022:09:28:35 +0000] "GET /nag/list.php HTTP/1.1" 200 9696 "https://mail.smith.russellmitchell.com/nag/task.php?actionID=add_task" "Mozilla/5.0 (X11; Ubuntu; Linux x86_64; rv:86.0) Gecko/20100101 Firefox/86.0"
10.143.3.65 - - [21/Jan/2022:09:29:13 +0000] "GET /nag/task.php?actionID=add_task HTTP/1.1" 200 9996 "https://mail.smith.russellmitchell.com/nag/list.php" "Mozilla/5.0 (X11; Ubuntu; Linux x86_64; rv:86.0) Gecko/20100101 Firefox/86.0"
10.143.3.65 - - [21/Jan/2022:09:29:22 +0000] "POST /services/ajax.php/horde/imple?token=wQrYv95h2OvHejnB9tMKIcS&app=nag&imple=Nag_Ajax_Imple_TagAutoCompleter&input=tags HTTP/1.1" 200 984 "https://mail.smith.russellmitchell.com/nag/task.php?actionID=add_task" "Mozilla/5.0 (X11; Ubuntu; Linux x86_64; rv:86.0) Gecko/20100101 Firefox/86.0"
10.143.3.65 - - [21/Jan/2022:09:29:31 +0000] "POST /nag/task/save.php HTTP/1.1" 302 1044 "https://mail.smith.russellmitchell.com/nag/task.php?actionID=add_task" "Mozilla/5.0 (X11; Ubuntu; Linux x86_64; rv:86.0) Gecko/20100101 Firefox/86.0"
10.143.3.65 - - [21/Jan/2022:09:29:31 +0000] "GET /nag/list.php HTTP/1.1" 200 9815 "https://mail.smith.russellmitchell.com/nag/task.php?actionID=add_task" "Mozilla/5.0 (X11; Ubuntu; Linux x86_64; rv:86.0) Gecko/20100101 Firefox/86.0"
172.19.131.174 - - [21/Jan/2022:09:30:13 +0000] "POST /services/ajax.php/imp/sendMessage HTTP/1.1" 200 1085 "https://mail.smith.russellmitchell.com/imp/dynamic.php?page=compose&type=new&token=H7MhWXwJt7-RAdgLZZG8KyA&uniq=1642757270425" "Mozilla/5.0 (X11; Ubuntu; Linux x86_64; rv:86.0) Gecko/20100101 Firefox/86.0"
172.19.131.174 - - [21/Jan/2022:09:30:14 +0000] "POST /services/ajax.php/imp/showMessage HTTP/1.1" 200 2455 "https://mail.smith.russellmitchell.com/imp/dynamic.php?page=mailbox" "Mozilla/5.0 (X11; Ubuntu; Linux x86_64; rv:86.0) Gecko/20100101 Firefox/86.0"
10.143.3.65 - - [21/Jan/2022:09:30:14 +0000] "GET /nag/task.php?actionID=add_task HTTP/1.1" 200 10029 "https://mail.smith.russellmitchell.com/nag/list.php" "Mozilla/5.0 (X11; Ubuntu; Linux x86_64; rv:86.0) Gecko/20100101 Firefox/86.0"
172.19.131.174 - - [21/Jan/2022:09:30:27 +0000] "GET /imp/dynamic.php?page=message&buid=7&mailbox=SU5CT1g&token=H7MhWXwJt7-RAdgLZZG8KyA&uniq=1642757426844 HTTP/1.1" 200 7819 "https://mail.smith.russellmitchell.com/imp/dynamic.php?page=mailbox" "Mozilla/5.0 (X11; Ubuntu; Linux x86_64; rv:86.0) Gecko/20100101 Firefox/86.0"
172.19.131.174 - - [21/Jan/2022:09:30:27 +0000] "GET /imp/js/message-dimp.js?v=b2b582864b8fa969bd5860bc72f0d3da HTTP/1.1" 200 3039 "https://mail.smith.russellmitchell.com/imp/dynamic.php?page=message&buid=7&mailbox=SU5CT1g&token=H7MhWXwJt7-RAdgLZZG8KyA&uniq=1642757426844" "Mozilla/5.0 (X11; Ubuntu; Linux x86_64; rv:86.0) Gecko/20100101 Firefox/86.0"
172.19.131.174 - - [21/Jan/2022:09:30:27 +0000] "GET /js/textarearesize.js?v=d0d0749382c4cc649651134fc974b2e8 HTTP/1.1" 200 1204 "https://mail.smith.russellmitchell.com/imp/dynamic.php?page=message&buid=7&mailbox=SU5CT1g&token=H7MhWXwJt7-RAdgLZZG8KyA&uniq=1642757426844" "Mozilla/5.0 (X11; Ubuntu; Linux x86_64; rv:86.0) Gecko/20100101 Firefox/86.0"
172.19.131.174 - - [21/Jan/2022:09:30:27 +0000] "GET /imp/themes/default/graphics/message_source.png HTTP/1.1" 200 424 "https://mail.smith.russellmitchell.com/imp/themes/default/dynamic/screen.css" "Mozilla/5.0 (X11; Ubuntu; Linux x86_64; rv:86.0) Gecko/20100101 Firefox/86.0"
10.143.3.65 - - [21/Jan/2022:09:30:27 +0000] "POST /nag/task/save.php HTTP/1.1" 302 1044 "https://mail.smith.russellmitchell.com/nag/task.php?actionID=add_task" "Mozilla/5.0 (X11; Ubuntu; Linux x86_64; rv:86.0) Gecko/20100101 Firefox/86.0"
10.143.3.65 - - [21/Jan/2022:09:30:27 +0000] "GET /nag/list.php HTTP/1.1" 200 9892 "https://mail.smith.russellmitchell.com/nag/task.php?actionID=add_task" "Mozilla/5.0 (X11; Ubuntu; Linux x86_64; rv:86.0) Gecko/20100101 Firefox/86.0"
172.19.131.174 - - [21/Jan/2022:09:30:44 +0000] "POST /services/ajax.php/imp/deleteMessages HTTP/1.1" 200 1075 "https://mail.smith.russellmitchell.com/imp/dynamic.php?page=mailbox" "Mozilla/5.0 (X11; Ubuntu; Linux x86_64; rv:86.0) Gecko/20100101 Firefox/86.0"
10.143.3.65 - - [21/Jan/2022:09:31:04 +0000] "GET /nag/task.php?actionID=add_task HTTP/1.1" 200 10059 "https://mail.smith.russellmitchell.com/nag/list.php" "Mozilla/5.0 (X11; Ubuntu; Linux x86_64; rv:86.0) Gecko/20100101 Firefox/86.0"
10.143.3.65 - - [21/Jan/2022:09:31:12 +0000] "POST /services/ajax.php/horde/imple?token=wQrYv95h2OvHejnB9tMKIcS&app=nag&imple=Nag_Ajax_Imple_TagAutoCompleter&input=tags HTTP/1.1" 200 984 "https://mail.smith.russellmitchell.com/nag/task.php?actionID=add_task" "Mozilla/5.0 (X11; Ubuntu; Linux x86_64; rv:86.0) Gecko/20100101 Firefox/86.0"
10.143.3.65 - - [21/Jan/2022:09:31:19 +0000] "POST /nag/task/save.php HTTP/1.1" 302 1044 "https://mail.smith.russellmitchell.com/nag/task.php?actionID=add_task" "Mozilla/5.0 (X11; Ubuntu; Linux x86_64; rv:86.0) Gecko/20100101 Firefox/86.0"
10.143.3.65 - - [21/Jan/2022:09:31:20 +0000] "GET /nag/list.php HTTP/1.1" 200 10029 "https://mail.smith.russellmitchell.com/nag/task.php?actionID=add_task" "Mozilla/5.0 (X11; Ubuntu; Linux x86_64; rv:86.0) Gecko/20100101 Firefox/86.0"
