10.143.2.25 - - [21/Jan/2022:09:14:16 +0000] "GET /js/scriptaculous/effects.js?v=d0d0749382c4cc649651134fc974b2e8 HTTP/1.1" 200 9143 "https://mail.smith.russellmitchell.com/imp/dynamic.php?page=mailbox" "Mozilla/5.0 (X11; Linux x86_64) AppleWebKit/537.36 (KHTML, like Gecko) HeadlessChrome/97.0.4692.71 Safari/537.36"
10.143.2.25 - - [21/Jan/2022:09:14:16 +0000] "GET /imp/js/imp.js?v=b2b582864b8fa969bd5860bc72f0d3da HTTP/1.1" 200 2180 "https://mail.smith.russellmitchell.com/imp/dynamic.php?page=mailbox" "Mozilla/5.0 (X11; Linux x86_64) AppleWebKit/537.36 (KHTML, like Gecko) HeadlessChrome/97.0.4692.71 Safari/537.36"
10.143.2.25 - - [21/Jan/2022:09:14:16 +0000] "GET /js/popup.js?v=d0d0749382c4cc649651134fc974b2e8 HTTP/1.1" 200 1482 "https://mail.smith.russellmitchell.com/imp/dynamic.php?page=mailbox" "Mozilla/5.0 (X11; Linux x86_64) AppleWebKit/537.36 (KHTML, like Gecko) HeadlessChrome/97.0.4692.71 Safari/537.36"
10.143.2.25 - - [21/Jan/2022:09:14:16 +0000] "GET /imp/js/external/base64.js?v=b2b582864b8fa969bd5860bc72f0d3da HTTP/1.1" 200 2379 "https://mail.smith.russellmitchell.com/imp/dynamic.php?page=mailbox" "Mozilla/5.0 (X11; Linux x86_64) AppleWebKit/537.36 (KHTML, like Gecko) HeadlessChrome/97.0.4692.71 Safari/537.36"
10.143.2.25 - - [21/Jan/2022:09:14:16 +0000] "GET /js/date/en-US.js?v=d0d0749382c4cc649651134fc974b2e8 HTTP/1.1" 200 2714 "https://mail.smith.russellmitchell.com/imp/dynamic.php?page=mailbox" "Mozilla/5.0 (X11; Linux x86_64) AppleWebKit/537.36 (KHTML, like Gecko) HeadlessChrome/97.0.4692.71 Safari/537.36"
10.143.2.25 - - [21/Jan/2022:09:14:17 +0000] "GET /js/topbar.js?v=d0d0749382c4cc649651134fc974b2e8 HTTP/1.1" 200 1538 "https://mail.smith.russellmitchell.com/imp/dynamic.php?page=mailbox" "Mozilla/5.0 (X11; Linux x86_64) AppleWebKit/537.36 (KHTML, like Gecko) HeadlessChrome/97.0.4692.71 Safari/537.36"
10.143.2.25 - - [21/Jan/2022:09:14:16 +0000] "GET /js/colorpicker.js?v=d0d0749382c4cc649651134fc974b2e8 HTTP/1.1" 200 3818 "https://mail.smith.russellmitchell.com/imp/dynamic.php?page=mailbox" "Mozilla/5.0 (X11; Linux x86_64) AppleWebKit/537.36 (KHTML, like Gecko) HeadlessChrome/97.0.4692.71 Safari/537.36"
10.143.2.25 - - [21/Jan/2022:09:14:17 +0000] "GET /js/growler.js?v=d0d0749382c4cc649651134fc974b2e8 HTTP/1.1" 200 2955 "https://mail.smith.russellmitchell.com/imp/dynamic.php?page=mailbox" "Mozilla/5.0 (X11; Linux x86_64) AppleWebKit/537.36 (KHTML, like Gecko) HeadlessChrome/97.0.4692.71 Safari/537.36"
10.143.2.25 - - [21/Jan/2022:09:14:17 +0000] "GET /js/sidebar.js?v=d0d0749382c4cc649651134fc974b2e8 HTTP/1.1" 200 1115 "https://mail.smith.russellmitchell.com/imp/dynamic.php?page=mailbox" "Mozilla/5.0 (X11; Linux x86_64) AppleWebKit/537.36 (KHTML, like Gecko) HeadlessChrome/97.0.4692.71 Safari/537.36"
10.143.2.25 - - [21/Jan/2022:09:14:17 +0000] "GET /js/date/date.js?v=d0d0749382c4cc649651134fc974b2e8 HTTP/1.1" 200 18078 "https://mail.smith.russellmitchell.com/imp/dynamic.php?page=mailbox" "Mozilla/5.0 (X11; Linux x86_64) AppleWebKit/537.36 (KHTML, like Gecko) HeadlessChrome/97.0.4692.71 Safari/537.36"
10.143.2.25 - - [21/Jan/2022:09:14:17 +0000] "GET /js/scriptaculous/sound.js?v=d0d0749382c4cc649651134fc974b2e8 HTTP/1.1" 200 1345 "https://mail.smith.russellmitchell.com/imp/dynamic.php?page=mailbox" "Mozilla/5.0 (X11; Linux x86_64) AppleWebKit/537.36 (KHTML, like Gecko) HeadlessChrome/97.0.4692.71 Safari/537.36"
10.143.2.25 - - [21/Jan/2022:09:14:17 +0000] "GET /themes/default/graphics/slidevert.png HTTP/1.1" 200 436 "https://mail.smith.russellmitchell.com/themes/default/screen.css" "Mozilla/5.0 (X11; Linux x86_64) AppleWebKit/537.36 (KHTML, like Gecko) HeadlessChrome/97.0.4692.71 Safari/537.36"
10.143.2.25 - - [21/Jan/2022:09:14:17 +0000] "GET /themes/default/graphics/buttonbar-bg.png HTTP/1.1" 200 412 "https://mail.smith.russellmitchell.com/themes/default/screen.css" "Mozilla/5.0 (X11; Linux x86_64) AppleWebKit/537.36 (KHTML, like Gecko) HeadlessChrome/97.0.4692.71 Safari/537.36"
10.143.2.25 - - [21/Jan/2022:09:14:17 +0000] "GET /themes/default/graphics/button-split.png HTTP/1.1" 200 378 "https://mail.smith.russellmitchell.com/themes/default/screen.css" "Mozilla/5.0 (X11; Linux x86_64) AppleWebKit/537.36 (KHTML, like Gecko) HeadlessChrome/97.0.4692.71 Safari/537.36"
10.143.2.25 - - [21/Jan/2022:09:14:17 +0000] "GET /imp/themes/default/graphics/reload.png HTTP/1.1" 200 784 "https://mail.smith.russellmitchell.com/imp/themes/default/dynamic/screen.css" "Mozilla/5.0 (X11; Linux x86_64) AppleWebKit/537.36 (KHTML, like Gecko) HeadlessChrome/97.0.4692.71 Safari/537.36"
10.143.2.25 - - [21/Jan/2022:09:14:17 +0000] "GET /imp/themes/default/graphics/checkbox_off.png HTTP/1.1" 200 646 "https://mail.smith.russellmitchell.com/imp/themes/default/dynamic/screen.css" "Mozilla/5.0 (X11; Linux x86_64) AppleWebKit/537.36 (KHTML, like Gecko) HeadlessChrome/97.0.4692.71 Safari/537.36"
10.143.2.25 - - [21/Jan/2022:09:14:17 +0000] "GET /themes/default/graphics/tablehead-bg.png HTTP/1.1" 200 378 "https://mail.smith.russellmitchell.com/themes/default/screen.css" "Mozilla/5.0 (X11; Linux x86_64) AppleWebKit/537.36 (KHTML, like Gecko) HeadlessChrome/97.0.4692.71 Safari/537.36"
10.143.2.25 - - [21/Jan/2022:09:14:17 +0000] "GET /themes/default/graphics/tablehead-split.png HTTP/1.1" 200 393 "https://mail.smith.russellmitchell.com/themes/default/screen.css" "Mozilla/5.0 (X11; Linux x86_64) AppleWebKit/537.36 (KHTML, like Gecko) HeadlessChrome/97.0.4692.71 Safari/537.36"
10.143.2.25 - - [21/Jan/2022:09:14:17 +0000] "GET /themes/default/graphics/slidehoriz-bg.png HTTP/1.1" 200 401 "https://mail.smith.russellmitchell.com/themes/default/screen.css" "Mozilla/5.0 (X11; Linux x86_64) AppleWebKit/537.36 (KHTML, like Gecko) HeadlessChrome/97.0.4692.71 Safari/537.36"
10.143.2.25 - - [21/Jan/2022:09:14:17 +0000] "GET /themes/default/graphics/slidehoriz.png HTTP/1.1" 200 400 "https://mail.smith.russellmitchell.com/themes/default/screen.css" "Mozilla/5.0 (X11; Linux x86_64) AppleWebKit/537.36 (KHTML, like Gecko) HeadlessChrome/97.0.4692.71 Safari/537.36"
10.143.2.25 - - [21/Jan/2022:09:14:17 +0000] "GET /imp/themes/default/graphics/ico_message_off.png HTTP/1.1" 200 774 "https://mail.smith.russellmitchell.com/imp/themes/default/dynamic/screen.css" "Mozilla/5.0 (X11; Linux x86_64) AppleWebKit/537.36 (KHTML, like Gecko) HeadlessChrome/97.0.4692.71 Safari/537.36"
10.143.2.25 - - [21/Jan/2022:09:14:17 +0000] "GET /imp/themes/default/graphics/reload.gif HTTP/1.1" 200 13946 "https://mail.smith.russellmitchell.com/imp/themes/default/dynamic/screen.css" "Mozilla/5.0 (X11; Linux x86_64) AppleWebKit/537.36 (KHTML, like Gecko) HeadlessChrome/97.0.4692.71 Safari/537.36"
10.143.2.25 - - [21/Jan/2022:09:14:17 +0000] "POST /services/ajax.php/imp/dynamicInit HTTP/1.1" 200 2053 "https://mail.smith.russellmitchell.com/imp/dynamic.php?page=mailbox" "Mozilla/5.0 (X11; Linux x86_64) AppleWebKit/537.36 (KHTML, like Gecko) HeadlessChrome/97.0.4692.71 Safari/537.36"
10.143.2.25 - - [21/Jan/2022:09:14:17 +0000] "GET /imp/themes/default/graphics/scroller_back.png HTTP/1.1" 200 397 "https://mail.smith.russellmitchell.com/imp/themes/default/dynamic/screen.css" "Mozilla/5.0 (X11; Linux x86_64) AppleWebKit/537.36 (KHTML, like Gecko) HeadlessChrome/97.0.4692.71 Safari/537.36"
10.143.2.25 - - [21/Jan/2022:09:14:17 +0000] "GET /imp/themes/default/graphics/sbcursor_top.png HTTP/1.1" 200 432 "https://mail.smith.russellmitchell.com/imp/themes/default/dynamic/screen.css" "Mozilla/5.0 (X11; Linux x86_64) AppleWebKit/537.36 (KHTML, like Gecko) HeadlessChrome/97.0.4692.71 Safari/537.36"
10.143.2.25 - - [21/Jan/2022:09:14:17 +0000] "GET /imp/themes/default/graphics/scroller.png HTTP/1.1" 200 401 "https://mail.smith.russellmitchell.com/imp/themes/default/dynamic/screen.css" "Mozilla/5.0 (X11; Linux x86_64) AppleWebKit/537.36 (KHTML, like Gecko) HeadlessChrome/97.0.4692.71 Safari/537.36"
10.143.2.25 - - [21/Jan/2022:09:14:17 +0000] "GET /imp/themes/default/graphics/sbcursor_bottom.png HTTP/1.1" 200 437 "https://mail.smith.russellmitchell.com/imp/themes/default/dynamic/screen.css" "Mozilla/5.0 (X11; Linux x86_64) AppleWebKit/537.36 (KHTML, like Gecko) HeadlessChrome/97.0.4692.71 Safari/537.36"
10.143.2.25 - - [21/Jan/2022:09:14:17 +0000] "GET /imp/themes/default/graphics/flags/personal.png HTTP/1.1" 200 491 "https://mail.smith.russellmitchell.com/imp/themes/default/screen.css" "Mozilla/5.0 (X11; Linux x86_64) AppleWebKit/537.36 (KHTML, like Gecko) HeadlessChrome/97.0.4692.71 Safari/537.36"
10.143.2.25 - - [21/Jan/2022:09:14:17 +0000] "GET /imp/themes/default/graphics/flags/unseen.png HTTP/1.1" 200 511 "https://mail.smith.russellmitchell.com/imp/themes/default/screen.css" "Mozilla/5.0 (X11; Linux x86_64) AppleWebKit/537.36 (KHTML, like Gecko) HeadlessChrome/97.0.4692.71 Safari/537.36"
10.143.2.25 - - [21/Jan/2022:09:14:17 +0000] "GET /imp/themes/default/graphics/flags/deleted.png HTTP/1.1" 200 480 "https://mail.smith.russellmitchell.com/imp/themes/default/screen.css" "Mozilla/5.0 (X11; Linux x86_64) AppleWebKit/537.36 (KHTML, like Gecko) HeadlessChrome/97.0.4692.71 Safari/537.36"
10.143.2.25 - - [21/Jan/2022:09:14:17 +0000] "GET /imp/themes/default/graphics/folders/inbox.png HTTP/1.1" 200 748 "https://mail.smith.russellmitchell.com/imp/themes/default/screen.css" "Mozilla/5.0 (X11; Linux x86_64) AppleWebKit/537.36 (KHTML, like Gecko) HeadlessChrome/97.0.4692.71 Safari/537.36"
10.143.2.25 - - [21/Jan/2022:09:14:17 +0000] "GET /imp/themes/default/graphics/folders/spam.png HTTP/1.1" 200 795 "https://mail.smith.russellmitchell.com/imp/themes/default/screen.css" "Mozilla/5.0 (X11; Linux x86_64) AppleWebKit/537.36 (KHTML, like Gecko) HeadlessChrome/97.0.4692.71 Safari/537.36"
10.143.2.25 - - [21/Jan/2022:09:14:17 +0000] "GET /themes/default/graphics/sidebar-active-bg.png HTTP/1.1" 200 418 "https://mail.smith.russellmitchell.com/themes/default/screen.css" "Mozilla/5.0 (X11; Linux x86_64) AppleWebKit/537.36 (KHTML, like Gecko) HeadlessChrome/97.0.4692.71 Safari/537.36"
10.143.2.25 - - [21/Jan/2022:09:14:17 +0000] "GET /imp/themes/default/graphics/folders/drafts.png HTTP/1.1" 200 788 "https://mail.smith.russellmitchell.com/imp/themes/default/screen.css" "Mozilla/5.0 (X11; Linux x86_64) AppleWebKit/537.36 (KHTML, like Gecko) HeadlessChrome/97.0.4692.71 Safari/537.36"
10.143.2.25 - - [21/Jan/2022:09:14:17 +0000] "GET /imp/themes/default/graphics/folders/folder.png HTTP/1.1" 200 516 "https://mail.smith.russellmitchell.com/imp/themes/default/dynamic/screen.css" "Mozilla/5.0 (X11; Linux x86_64) AppleWebKit/537.36 (KHTML, like Gecko) HeadlessChrome/97.0.4692.71 Safari/537.36"
10.143.2.25 - - [21/Jan/2022:09:14:17 +0000] "GET /imp/themes/default/graphics/folders/plus.png HTTP/1.1" 200 657 "https://mail.smith.russellmitchell.com/imp/themes/default/dynamic/screen.css" "Mozilla/5.0 (X11; Linux x86_64) AppleWebKit/537.36 (KHTML, like Gecko) HeadlessChrome/97.0.4692.71 Safari/537.36"
10.143.2.25 - - [21/Jan/2022:09:14:17 +0000] "GET /imp/themes/default/graphics/favicon.ico HTTP/1.1" 200 2064 "https://mail.smith.russellmitchell.com/imp/dynamic.php?page=mailbox" "Mozilla/5.0 (X11; Linux x86_64) AppleWebKit/537.36 (KHTML, like Gecko) HeadlessChrome/97.0.4692.71 Safari/537.36"
10.143.2.25 - - [21/Jan/2022:09:14:17 +0000] "GET /themes/default/graphics/alerts/message.png HTTP/1.1" 200 799 "https://mail.smith.russellmitchell.com/themes/default/screen.css" "Mozilla/5.0 (X11; Linux x86_64) AppleWebKit/537.36 (KHTML, like Gecko) HeadlessChrome/97.0.4692.71 Safari/537.36"
10.143.2.25 - - [21/Jan/2022:09:14:17 +0000] "GET /themes/default/graphics/close.png HTTP/1.1" 200 795 "https://mail.smith.russellmitchell.com/themes/default/screen.css" "Mozilla/5.0 (X11; Linux x86_64) AppleWebKit/537.36 (KHTML, like Gecko) HeadlessChrome/97.0.4692.71 Safari/537.36"
10.143.3.65 - - [21/Jan/2022:09:14:21 +0000] "GET /turba/add.php HTTP/1.1" 200 19862 "https://mail.smith.russellmitchell.com/turba/browse.php" "Mozilla/5.0 (X11; Ubuntu; Linux x86_64; rv:86.0) Gecko/20100101 Firefox/86.0"
10.143.3.65 - - [21/Jan/2022:09:14:21 +0000] "GET /js/form_sections.js?v=d0d0749382c4cc649651134fc974b2e8 HTTP/1.1" 200 985 "https://mail.smith.russellmitchell.com/turba/add.php" "Mozilla/5.0 (X11; Ubuntu; Linux x86_64; rv:86.0) Gecko/20100101 Firefox/86.0"
10.143.3.65 - - [21/Jan/2022:09:14:21 +0000] "GET /js/image.js?v=d0d0749382c4cc649651134fc974b2e8 HTTP/1.1" 200 1085 "https://mail.smith.russellmitchell.com/turba/add.php" "Mozilla/5.0 (X11; Ubuntu; Linux x86_64; rv:86.0) Gecko/20100101 Firefox/86.0"
10.143.3.65 - - [21/Jan/2022:09:14:21 +0000] "GET /turba/themes/default/graphics/favicon.ico HTTP/1.1" 200 2064 "https://mail.smith.russellmitchell.com/turba/add.php" "Mozilla/5.0 (X11; Ubuntu; Linux x86_64; rv:86.0) Gecko/20100101 Firefox/86.0"
10.143.3.65 - - [21/Jan/2022:09:14:29 +0000] "POST /turba/add.php HTTP/1.1" 302 1121 "https://mail.smith.russellmitchell.com/turba/add.php" "Mozilla/5.0 (X11; Ubuntu; Linux x86_64; rv:86.0) Gecko/20100101 Firefox/86.0"
10.143.3.65 - - [21/Jan/2022:09:14:29 +0000] "GET /turba/contact.php?source=IJnpNGoZNZp0FmjpVsXGhXJ&key=sMsggq-Uw_Aa5OpmKUGNFoC&view=Contact HTTP/1.1" 200 21129 "https://mail.smith.russellmitchell.com/turba/add.php" "Mozilla/5.0 (X11; Ubuntu; Linux x86_64; rv:86.0) Gecko/20100101 Firefox/86.0"
10.143.3.65 - - [21/Jan/2022:09:14:29 +0000] "GET /turba/themes/default/graphics/turba.png HTTP/1.1" 200 664 "https://mail.smith.russellmitchell.com/turba/themes/default/screen.css" "Mozilla/5.0 (X11; Ubuntu; Linux x86_64; rv:86.0) Gecko/20100101 Firefox/86.0"
10.143.3.65 - - [21/Jan/2022:09:14:29 +0000] "GET /turba/js/contact_tabs.js?v=eda5828c1e506c15900222f7df71d86f HTTP/1.1" 200 815 "https://mail.smith.russellmitchell.com/turba/contact.php?source=IJnpNGoZNZp0FmjpVsXGhXJ&key=sMsggq-Uw_Aa5OpmKUGNFoC&view=Contact" "Mozilla/5.0 (X11; Ubuntu; Linux x86_64; rv:86.0) Gecko/20100101 Firefox/86.0"
10.143.2.25 - - [21/Jan/2022:09:14:29 +0000] "GET /services/prefs.php?app=horde HTTP/1.1" 200 4335 "-" "Mozilla/5.0 (X11; Linux x86_64) AppleWebKit/537.36 (KHTML, like Gecko) HeadlessChrome/97.0.4692.71 Safari/537.36"
10.143.2.25 - - [21/Jan/2022:09:14:29 +0000] "GET /js/prefs.js?v=d0d0749382c4cc649651134fc974b2e8 HTTP/1.1" 200 608 "https://mail.smith.russellmitchell.com/services/prefs.php?app=horde" "Mozilla/5.0 (X11; Linux x86_64) AppleWebKit/537.36 (KHTML, like Gecko) HeadlessChrome/97.0.4692.71 Safari/537.36"
10.143.2.25 - - [21/Jan/2022:09:14:29 +0000] "GET /themes/default/graphics/tabset.png HTTP/1.1" 200 410 "https://mail.smith.russellmitchell.com/themes/default/screen.css" "Mozilla/5.0 (X11; Linux x86_64) AppleWebKit/537.36 (KHTML, like Gecko) HeadlessChrome/97.0.4692.71 Safari/537.36"
10.143.2.25 - - [21/Jan/2022:09:14:29 +0000] "GET /themes/default/graphics/button.png HTTP/1.1" 200 411 "https://mail.smith.russellmitchell.com/themes/default/screen.css" "Mozilla/5.0 (X11; Linux x86_64) AppleWebKit/537.36 (KHTML, like Gecko) HeadlessChrome/97.0.4692.71 Safari/537.36"
10.143.3.65 - - [21/Jan/2022:09:14:29 +0000] "GET /turba/themes/default/graphics/favicon.ico HTTP/1.1" 200 2064 "https://mail.smith.russellmitchell.com/turba/contact.php?source=IJnpNGoZNZp0FmjpVsXGhXJ&key=sMsggq-Uw_Aa5OpmKUGNFoC&view=Contact" "Mozilla/5.0 (X11; Ubuntu; Linux x86_64; rv:86.0) Gecko/20100101 Firefox/86.0"
172.19.131.174 - - [21/Jan/2022:09:14:40 +0000] "POST /services/ajax.php/kronolith/poll HTTP/1.1" 200 1000 "https://mail.smith.russellmitchell.com/kronolith/" "Mozilla/5.0 (X11; Ubuntu; Linux x86_64; rv:86.0) Gecko/20100101 Firefox/86.0"
172.19.131.174 - - [21/Jan/2022:09:14:49 +0000] "GET /themes/default/graphics/navi-subnavi.png HTTP/1.1" 200 1088 "https://mail.smith.russellmitchell.com/themes/default/screen.css" "Mozilla/5.0 (X11; Ubuntu; Linux x86_64; rv:86.0) Gecko/20100101 Firefox/86.0"
172.19.131.174 - - [21/Jan/2022:09:14:49 +0000] "GET /nag/ HTTP/1.1" 200 8530 "https://mail.smith.russellmitchell.com/kronolith/" "Mozilla/5.0 (X11; Ubuntu; Linux x86_64; rv:86.0) Gecko/20100101 Firefox/86.0"
172.19.131.174 - - [21/Jan/2022:09:14:50 +0000] "GET /nag/themes/default/screen.css HTTP/1.1" 200 1170 "https://mail.smith.russellmitchell.com/nag/" "Mozilla/5.0 (X11; Ubuntu; Linux x86_64; rv:86.0) Gecko/20100101 Firefox/86.0"
172.19.131.174 - - [21/Jan/2022:09:14:50 +0000] "GET /js/quickfinder.js?v=d0d0749382c4cc649651134fc974b2e8 HTTP/1.1" 200 1531 "https://mail.smith.russellmitchell.com/nag/" "Mozilla/5.0 (X11; Ubuntu; Linux x86_64; rv:86.0) Gecko/20100101 Firefox/86.0"
172.19.131.174 - - [21/Jan/2022:09:14:50 +0000] "GET /js/tables.js?v=d0d0749382c4cc649651134fc974b2e8 HTTP/1.1" 200 2536 "https://mail.smith.russellmitchell.com/nag/" "Mozilla/5.0 (X11; Ubuntu; Linux x86_64; rv:86.0) Gecko/20100101 Firefox/86.0"
172.19.131.174 - - [21/Jan/2022:09:14:50 +0000] "GET /themes/default/graphics/tabset.png HTTP/1.1" 200 410 "https://mail.smith.russellmitchell.com/themes/default/screen.css" "Mozilla/5.0 (X11; Ubuntu; Linux x86_64; rv:86.0) Gecko/20100101 Firefox/86.0"
172.19.131.174 - - [21/Jan/2022:09:14:50 +0000] "GET /nag/themes/default/graphics/add.png HTTP/1.1" 200 818 "https://mail.smith.russellmitchell.com/nag/themes/default/screen.css" "Mozilla/5.0 (X11; Ubuntu; Linux x86_64; rv:86.0) Gecko/20100101 Firefox/86.0"
172.19.131.174 - - [21/Jan/2022:09:14:50 +0000] "GET /nag/themes/default/graphics/search.png HTTP/1.1" 200 766 "https://mail.smith.russellmitchell.com/nag/themes/default/screen.css" "Mozilla/5.0 (X11; Ubuntu; Linux x86_64; rv:86.0) Gecko/20100101 Firefox/86.0"
172.19.131.174 - - [21/Jan/2022:09:14:50 +0000] "GET /themes/default/graphics/data.png HTTP/1.1" 200 692 "https://mail.smith.russellmitchell.com/themes/default/screen.css" "Mozilla/5.0 (X11; Ubuntu; Linux x86_64; rv:86.0) Gecko/20100101 Firefox/86.0"
172.19.131.174 - - [21/Jan/2022:09:14:50 +0000] "GET /themes/default/graphics/az.png HTTP/1.1" 200 1146 "https://mail.smith.russellmitchell.com/themes/default/screen.css" "Mozilla/5.0 (X11; Ubuntu; Linux x86_64; rv:86.0) Gecko/20100101 Firefox/86.0"
172.19.131.174 - - [21/Jan/2022:09:14:50 +0000] "GET /nag/themes/default/graphics/nag.png HTTP/1.1" 200 1347 "https://mail.smith.russellmitchell.com/nag/themes/default/screen.css" "Mozilla/5.0 (X11; Ubuntu; Linux x86_64; rv:86.0) Gecko/20100101 Firefox/86.0"
172.19.131.174 - - [21/Jan/2022:09:14:50 +0000] "GET /nag/themes/default/graphics/favicon.ico HTTP/1.1" 200 2064 "https://mail.smith.russellmitchell.com/nag/" "Mozilla/5.0 (X11; Ubuntu; Linux x86_64; rv:86.0) Gecko/20100101 Firefox/86.0"
172.19.131.174 - - [21/Jan/2022:09:15:07 +0000] "GET /nag/task.php?actionID=add_task HTTP/1.1" 200 9700 "https://mail.smith.russellmitchell.com/nag/" "Mozilla/5.0 (X11; Ubuntu; Linux x86_64; rv:86.0) Gecko/20100101 Firefox/86.0"
172.19.131.174 - - [21/Jan/2022:09:15:07 +0000] "GET /js/form_sections.js?v=d0d0749382c4cc649651134fc974b2e8 HTTP/1.1" 200 985 "https://mail.smith.russellmitchell.com/nag/task.php?actionID=add_task" "Mozilla/5.0 (X11; Ubuntu; Linux x86_64; rv:86.0) Gecko/20100101 Firefox/86.0"
172.19.131.174 - - [21/Jan/2022:09:15:07 +0000] "GET /nag/js/calendar.js?v=1c1ea9cb7680a625043f90fc61ea7261 HTTP/1.1" 200 1344 "https://mail.smith.russellmitchell.com/nag/task.php?actionID=add_task" "Mozilla/5.0 (X11; Ubuntu; Linux x86_64; rv:86.0) Gecko/20100101 Firefox/86.0"
172.19.131.174 - - [21/Jan/2022:09:15:07 +0000] "GET /nag/js/task.js?v=1c1ea9cb7680a625043f90fc61ea7261 HTTP/1.1" 200 1086 "https://mail.smith.russellmitchell.com/nag/task.php?actionID=add_task" "Mozilla/5.0 (X11; Ubuntu; Linux x86_64; rv:86.0) Gecko/20100101 Firefox/86.0"
172.19.131.174 - - [21/Jan/2022:09:15:07 +0000] "GET /nag/themes/default/graphics/favicon.ico HTTP/1.1" 200 2064 "https://mail.smith.russellmitchell.com/nag/task.php?actionID=add_task" "Mozilla/5.0 (X11; Ubuntu; Linux x86_64; rv:86.0) Gecko/20100101 Firefox/86.0"
172.19.131.174 - - [21/Jan/2022:09:15:13 +0000] "POST /services/ajax.php/horde/imple?token=H7MhWXwJt7-RAdgLZZG8KyA&app=nag&imple=Nag_Ajax_Imple_TagAutoCompleter&input=tags HTTP/1.1" 200 984 "https://mail.smith.russellmitchell.com/nag/task.php?actionID=add_task" "Mozilla/5.0 (X11; Ubuntu; Linux x86_64; rv:86.0) Gecko/20100101 Firefox/86.0"
10.143.3.65 - - [21/Jan/2022:09:15:13 +0000] "GET /turba/add.php HTTP/1.1" 200 19855 "https://mail.smith.russellmitchell.com/turba/contact.php?source=IJnpNGoZNZp0FmjpVsXGhXJ&key=sMsggq-Uw_Aa5OpmKUGNFoC&view=Contact" "Mozilla/5.0 (X11; Ubuntu; Linux x86_64; rv:86.0) Gecko/20100101 Firefox/86.0"
10.143.2.25 - - [21/Jan/2022:09:15:15 +0000] "GET /services/prefs.php?app=horde&group=identities HTTP/1.1" 200 5198 "-" "Mozilla/5.0 (X11; Linux x86_64) AppleWebKit/537.36 (KHTML, like Gecko) HeadlessChrome/97.0.4692.71 Safari/537.36"
10.143.2.25 - - [21/Jan/2022:09:15:15 +0000] "GET /js/identityselect.js?v=d0d0749382c4cc649651134fc974b2e8 HTTP/1.1" 200 832 "https://mail.smith.russellmitchell.com/services/prefs.php?app=horde&group=identities" "Mozilla/5.0 (X11; Linux x86_64) AppleWebKit/537.36 (KHTML, like Gecko) HeadlessChrome/97.0.4692.71 Safari/537.36"
10.143.2.25 - - [21/Jan/2022:09:15:15 +0000] "GET /themes/default/graphics/button-delete.png HTTP/1.1" 200 422 "https://mail.smith.russellmitchell.com/themes/default/screen.css" "Mozilla/5.0 (X11; Linux x86_64) AppleWebKit/537.36 (KHTML, like Gecko) HeadlessChrome/97.0.4692.71 Safari/537.36"
172.19.131.174 - - [21/Jan/2022:09:15:20 +0000] "POST /nag/task/save.php HTTP/1.1" 302 1044 "https://mail.smith.russellmitchell.com/nag/task.php?actionID=add_task" "Mozilla/5.0 (X11; Ubuntu; Linux x86_64; rv:86.0) Gecko/20100101 Firefox/86.0"
172.19.131.174 - - [21/Jan/2022:09:15:20 +0000] "GET /nag/list.php HTTP/1.1" 200 8735 "https://mail.smith.russellmitchell.com/nag/task.php?actionID=add_task" "Mozilla/5.0 (X11; Ubuntu; Linux x86_64; rv:86.0) Gecko/20100101 Firefox/86.0"
10.143.3.65 - - [21/Jan/2022:09:15:21 +0000] "POST /turba/add.php HTTP/1.1" 302 1121 "https://mail.smith.russellmitchell.com/turba/add.php" "Mozilla/5.0 (X11; Ubuntu; Linux x86_64; rv:86.0) Gecko/20100101 Firefox/86.0"
10.143.3.65 - - [21/Jan/2022:09:15:22 +0000] "GET /turba/contact.php?source=IJnpNGoZNZp0FmjpVsXGhXJ&key=ap0OwpF_YgDxEDd_PqlV-a0&view=Contact HTTP/1.1" 200 21139 "https://mail.smith.russellmitchell.com/turba/add.php" "Mozilla/5.0 (X11; Ubuntu; Linux x86_64; rv:86.0) Gecko/20100101 Firefox/86.0"
172.19.131.174 - - [21/Jan/2022:09:15:34 +0000] "GET /nag/task.php?actionID=add_task HTTP/1.1" 200 9728 "https://mail.smith.russellmitchell.com/nag/list.php" "Mozilla/5.0 (X11; Ubuntu; Linux x86_64; rv:86.0) Gecko/20100101 Firefox/86.0"
10.143.3.65 - - [21/Jan/2022:09:15:44 +0000] "GET /turba/browse.php HTTP/1.1" 200 6148 "https://mail.smith.russellmitchell.com/turba/contact.php?source=IJnpNGoZNZp0FmjpVsXGhXJ&key=ap0OwpF_YgDxEDd_PqlV-a0&view=Contact" "Mozilla/5.0 (X11; Ubuntu; Linux x86_64; rv:86.0) Gecko/20100101 Firefox/86.0"
10.143.3.65 - - [21/Jan/2022:09:15:45 +0000] "GET /turba/themes/default/graphics/favicon.ico HTTP/1.1" 200 2064 "https://mail.smith.russellmitchell.com/turba/browse.php" "Mozilla/5.0 (X11; Ubuntu; Linux x86_64; rv:86.0) Gecko/20100101 Firefox/86.0"
10.143.2.25 - - [21/Jan/2022:09:15:49 +0000] "POST /services/prefs.php HTTP/1.1" 200 5279 "https://mail.smith.russellmitchell.com/services/prefs.php?app=horde&group=identities" "Mozilla/5.0 (X11; Linux x86_64) AppleWebKit/537.36 (KHTML, like Gecko) HeadlessChrome/97.0.4692.71 Safari/537.36"
10.143.2.25 - - [21/Jan/2022:09:15:49 +0000] "GET /themes/default/graphics/alerts/success.png HTTP/1.1" 200 775 "https://mail.smith.russellmitchell.com/themes/default/screen.css" "Mozilla/5.0 (X11; Linux x86_64) AppleWebKit/537.36 (KHTML, like Gecko) HeadlessChrome/97.0.4692.71 Safari/537.36"
172.19.131.174 - - [21/Jan/2022:09:15:49 +0000] "POST /nag/task/save.php HTTP/1.1" 302 1044 "https://mail.smith.russellmitchell.com/nag/task.php?actionID=add_task" "Mozilla/5.0 (X11; Ubuntu; Linux x86_64; rv:86.0) Gecko/20100101 Firefox/86.0"
172.19.131.174 - - [21/Jan/2022:09:15:50 +0000] "GET /nag/list.php HTTP/1.1" 200 8852 "https://mail.smith.russellmitchell.com/nag/task.php?actionID=add_task" "Mozilla/5.0 (X11; Ubuntu; Linux x86_64; rv:86.0) Gecko/20100101 Firefox/86.0"
172.19.131.174 - - [21/Jan/2022:09:16:09 +0000] "GET /nag/task.php?actionID=add_task HTTP/1.1" 200 9758 "https://mail.smith.russellmitchell.com/nag/list.php" "Mozilla/5.0 (X11; Ubuntu; Linux x86_64; rv:86.0) Gecko/20100101 Firefox/86.0"
10.143.2.25 - - [21/Jan/2022:09:16:16 +0000] "GET /imp/dynamic.php?page=mailbox HTTP/1.1" 200 9471 "https://mail.smith.russellmitchell.com/services/prefs.php" "Mozilla/5.0 (X11; Linux x86_64) AppleWebKit/537.36 (KHTML, like Gecko) HeadlessChrome/97.0.4692.71 Safari/537.36"
10.143.2.25 - - [21/Jan/2022:09:16:16 +0000] "GET /imp/themes/default/mime.css HTTP/1.1" 200 494 "https://mail.smith.russellmitchell.com/imp/dynamic.php?page=mailbox" "Mozilla/5.0 (X11; Linux x86_64) AppleWebKit/537.36 (KHTML, like Gecko) HeadlessChrome/97.0.4692.71 Safari/537.36"
10.143.2.25 - - [21/Jan/2022:09:16:16 +0000] "GET /imp/themes/default/screen.css HTTP/1.1" 200 3354 "https://mail.smith.russellmitchell.com/imp/dynamic.php?page=mailbox" "Mozilla/5.0 (X11; Linux x86_64) AppleWebKit/537.36 (KHTML, like Gecko) HeadlessChrome/97.0.4692.71 Safari/537.36"
10.143.2.25 - - [21/Jan/2022:09:16:16 +0000] "GET /imp/js/dimpcore.js?v=b2b582864b8fa969bd5860bc72f0d3da HTTP/1.1" 200 4298 "https://mail.smith.russellmitchell.com/imp/dynamic.php?page=mailbox" "Mozilla/5.0 (X11; Linux x86_64) AppleWebKit/537.36 (KHTML, like Gecko) HeadlessChrome/97.0.4692.71 Safari/537.36"
10.143.2.25 - - [21/Jan/2022:09:16:16 +0000] "GET /js/contextsensitive.js?v=d0d0749382c4cc649651134fc974b2e8 HTTP/1.1" 200 4272 "https://mail.smith.russellmitchell.com/imp/dynamic.php?page=mailbox" "Mozilla/5.0 (X11; Linux x86_64) AppleWebKit/537.36 (KHTML, like Gecko) HeadlessChrome/97.0.4692.71 Safari/537.36"
10.143.2.25 - - [21/Jan/2022:09:16:16 +0000] "GET /imp/js/passphrase.js?v=b2b582864b8fa969bd5860bc72f0d3da HTTP/1.1" 200 861 "https://mail.smith.russellmitchell.com/imp/dynamic.php?page=mailbox" "Mozilla/5.0 (X11; Linux x86_64) AppleWebKit/537.36 (KHTML, like Gecko) HeadlessChrome/97.0.4692.71 Safari/537.36"
10.143.2.25 - - [21/Jan/2022:09:16:16 +0000] "GET /imp/themes/default/dynamic/screen.css HTTP/1.1" 200 5959 "https://mail.smith.russellmitchell.com/imp/dynamic.php?page=mailbox" "Mozilla/5.0 (X11; Linux x86_64) AppleWebKit/537.36 (KHTML, like Gecko) HeadlessChrome/97.0.4692.71 Safari/537.36"
10.143.2.25 - - [21/Jan/2022:09:16:16 +0000] "GET /js/dragdrop2.js?v=d0d0749382c4cc649651134fc974b2e8 HTTP/1.1" 200 6344 "https://mail.smith.russellmitchell.com/imp/dynamic.php?page=mailbox" "Mozilla/5.0 (X11; Linux x86_64) AppleWebKit/537.36 (KHTML, like Gecko) HeadlessChrome/97.0.4692.71 Safari/537.36"
10.143.2.25 - - [21/Jan/2022:09:16:16 +0000] "GET /imp/js/external/tinycon.js?v=b2b582864b8fa969bd5860bc72f0d3da HTTP/1.1" 200 3525 "https://mail.smith.russellmitchell.com/imp/dynamic.php?page=mailbox" "Mozilla/5.0 (X11; Linux x86_64) AppleWebKit/537.36 (KHTML, like Gecko) HeadlessChrome/97.0.4692.71 Safari/537.36"
10.143.2.25 - - [21/Jan/2022:09:16:16 +0000] "GET /imp/js/viewport_utils.js?v=b2b582864b8fa969bd5860bc72f0d3da HTTP/1.1" 200 1680 "https://mail.smith.russellmitchell.com/imp/dynamic.php?page=mailbox" "Mozilla/5.0 (X11; Linux x86_64) AppleWebKit/537.36 (KHTML, like Gecko) HeadlessChrome/97.0.4692.71 Safari/537.36"
10.143.2.25 - - [21/Jan/2022:09:16:16 +0000] "GET /js/form_ghost.js?v=d0d0749382c4cc649651134fc974b2e8 HTTP/1.1" 200 1939 "https://mail.smith.russellmitchell.com/imp/dynamic.php?page=mailbox" "Mozilla/5.0 (X11; Linux x86_64) AppleWebKit/537.36 (KHTML, like Gecko) HeadlessChrome/97.0.4692.71 Safari/537.36"
10.143.2.25 - - [21/Jan/2022:09:16:16 +0000] "GET /js/toggle_quotes.js?v=d0d0749382c4cc649651134fc974b2e8 HTTP/1.1" 200 873 "https://mail.smith.russellmitchell.com/imp/dynamic.php?page=mailbox" "Mozilla/5.0 (X11; Linux x86_64) AppleWebKit/537.36 (KHTML, like Gecko) HeadlessChrome/97.0.4692.71 Safari/537.36"
10.143.2.25 - - [21/Jan/2022:09:16:16 +0000] "GET /js/slider2.js?v=d0d0749382c4cc649651134fc974b2e8 HTTP/1.1" 200 2825 "https://mail.smith.russellmitchell.com/imp/dynamic.php?page=mailbox" "Mozilla/5.0 (X11; Linux x86_64) AppleWebKit/537.36 (KHTML, like Gecko) HeadlessChrome/97.0.4692.71 Safari/537.36"
10.143.2.25 - - [21/Jan/2022:09:16:16 +0000] "GET /js/jstorage.js?v=d0d0749382c4cc649651134fc974b2e8 HTTP/1.1" 200 4612 "https://mail.smith.russellmitchell.com/imp/dynamic.php?page=mailbox" "Mozilla/5.0 (X11; Linux x86_64) AppleWebKit/537.36 (KHTML, like Gecko) HeadlessChrome/97.0.4692.71 Safari/537.36"
10.143.2.25 - - [21/Jan/2022:09:16:16 +0000] "GET /themes/default/graphics/search-topbar.png HTTP/1.1" 200 669 "https://mail.smith.russellmitchell.com/imp/dynamic.php?page=mailbox" "Mozilla/5.0 (X11; Linux x86_64) AppleWebKit/537.36 (KHTML, like Gecko) HeadlessChrome/97.0.4692.71 Safari/537.36"
10.143.2.25 - - [21/Jan/2022:09:16:16 +0000] "GET /js/imple.js?v=d0d0749382c4cc649651134fc974b2e8 HTTP/1.1" 200 1561 "https://mail.smith.russellmitchell.com/imp/dynamic.php?page=mailbox" "Mozilla/5.0 (X11; Linux x86_64) AppleWebKit/537.36 (KHTML, like Gecko) HeadlessChrome/97.0.4692.71 Safari/537.36"
10.143.2.25 - - [21/Jan/2022:09:16:16 +0000] "GET /js/dialog.js?v=d0d0749382c4cc649651134fc974b2e8 HTTP/1.1" 200 1688 "https://mail.smith.russellmitchell.com/imp/dynamic.php?page=mailbox" "Mozilla/5.0 (X11; Linux x86_64) AppleWebKit/537.36 (KHTML, like Gecko) HeadlessChrome/97.0.4692.71 Safari/537.36"
10.143.2.25 - - [21/Jan/2022:09:16:16 +0000] "GET /js/redbox.js?v=d0d0749382c4cc649651134fc974b2e8 HTTP/1.1" 200 1648 "https://mail.smith.russellmitchell.com/imp/dynamic.php?page=mailbox" "Mozilla/5.0 (X11; Linux x86_64) AppleWebKit/537.36 (KHTML, like Gecko) HeadlessChrome/97.0.4692.71 Safari/537.36"
10.143.2.25 - - [21/Jan/2022:09:16:16 +0000] "GET /imp/js/imp.js?v=b2b582864b8fa969bd5860bc72f0d3da HTTP/1.1" 200 2180 "https://mail.smith.russellmitchell.com/imp/dynamic.php?page=mailbox" "Mozilla/5.0 (X11; Linux x86_64) AppleWebKit/537.36 (KHTML, like Gecko) HeadlessChrome/97.0.4692.71 Safari/537.36"
10.143.2.25 - - [21/Jan/2022:09:16:16 +0000] "GET /js/colorpicker.js?v=d0d0749382c4cc649651134fc974b2e8 HTTP/1.1" 200 3818 "https://mail.smith.russellmitchell.com/imp/dynamic.php?page=mailbox" "Mozilla/5.0 (X11; Linux x86_64) AppleWebKit/537.36 (KHTML, like Gecko) HeadlessChrome/97.0.4692.71 Safari/537.36"
10.143.2.25 - - [21/Jan/2022:09:16:16 +0000] "GET /js/sidebar.js?v=d0d0749382c4cc649651134fc974b2e8 HTTP/1.1" 200 1115 "https://mail.smith.russellmitchell.com/imp/dynamic.php?page=mailbox" "Mozilla/5.0 (X11; Linux x86_64) AppleWebKit/537.36 (KHTML, like Gecko) HeadlessChrome/97.0.4692.71 Safari/537.36"
10.143.2.25 - - [21/Jan/2022:09:16:16 +0000] "GET /imp/js/external/base64.js?v=b2b582864b8fa969bd5860bc72f0d3da HTTP/1.1" 200 2379 "https://mail.smith.russellmitchell.com/imp/dynamic.php?page=mailbox" "Mozilla/5.0 (X11; Linux x86_64) AppleWebKit/537.36 (KHTML, like Gecko) HeadlessChrome/97.0.4692.71 Safari/537.36"
10.143.2.25 - - [21/Jan/2022:09:16:16 +0000] "GET /imp/js/viewport.js?v=b2b582864b8fa969bd5860bc72f0d3da HTTP/1.1" 200 17021 "https://mail.smith.russellmitchell.com/imp/dynamic.php?page=mailbox" "Mozilla/5.0 (X11; Linux x86_64) AppleWebKit/537.36 (KHTML, like Gecko) HeadlessChrome/97.0.4692.71 Safari/537.36"
10.143.2.25 - - [21/Jan/2022:09:16:16 +0000] "GET /imp/js/dimpbase.js?v=b2b582864b8fa969bd5860bc72f0d3da HTTP/1.1" 200 31046 "https://mail.smith.russellmitchell.com/imp/dynamic.php?page=mailbox" "Mozilla/5.0 (X11; Linux x86_64) AppleWebKit/537.36 (KHTML, like Gecko) HeadlessChrome/97.0.4692.71 Safari/537.36"
10.143.2.25 - - [21/Jan/2022:09:16:16 +0000] "GET /imp/themes/default/graphics/reload.png HTTP/1.1" 200 784 "https://mail.smith.russellmitchell.com/imp/themes/default/dynamic/screen.css" "Mozilla/5.0 (X11; Linux x86_64) AppleWebKit/537.36 (KHTML, like Gecko) HeadlessChrome/97.0.4692.71 Safari/537.36"
10.143.2.25 - - [21/Jan/2022:09:16:16 +0000] "GET /imp/themes/default/graphics/checkbox_off.png HTTP/1.1" 200 646 "https://mail.smith.russellmitchell.com/imp/themes/default/dynamic/screen.css" "Mozilla/5.0 (X11; Linux x86_64) AppleWebKit/537.36 (KHTML, like Gecko) HeadlessChrome/97.0.4692.71 Safari/537.36"
10.143.2.25 - - [21/Jan/2022:09:16:16 +0000] "GET /imp/themes/default/graphics/ico_message_off.png HTTP/1.1" 200 774 "https://mail.smith.russellmitchell.com/imp/themes/default/dynamic/screen.css" "Mozilla/5.0 (X11; Linux x86_64) AppleWebKit/537.36 (KHTML, like Gecko) HeadlessChrome/97.0.4692.71 Safari/537.36"
10.143.2.25 - - [21/Jan/2022:09:16:16 +0000] "GET /imp/themes/default/graphics/reload.gif HTTP/1.1" 200 13946 "https://mail.smith.russellmitchell.com/imp/themes/default/dynamic/screen.css" "Mozilla/5.0 (X11; Linux x86_64) AppleWebKit/537.36 (KHTML, like Gecko) HeadlessChrome/97.0.4692.71 Safari/537.36"
10.143.2.25 - - [21/Jan/2022:09:16:16 +0000] "POST /services/ajax.php/imp/dynamicInit HTTP/1.1" 200 1989 "https://mail.smith.russellmitchell.com/imp/dynamic.php?page=mailbox" "Mozilla/5.0 (X11; Linux x86_64) AppleWebKit/537.36 (KHTML, like Gecko) HeadlessChrome/97.0.4692.71 Safari/537.36"
10.143.2.25 - - [21/Jan/2022:09:16:16 +0000] "GET /imp/themes/default/graphics/scroller_back.png HTTP/1.1" 200 397 "https://mail.smith.russellmitchell.com/imp/themes/default/dynamic/screen.css" "Mozilla/5.0 (X11; Linux x86_64) AppleWebKit/537.36 (KHTML, like Gecko) HeadlessChrome/97.0.4692.71 Safari/537.36"
10.143.2.25 - - [21/Jan/2022:09:16:16 +0000] "GET /imp/themes/default/graphics/sbcursor_top.png HTTP/1.1" 200 432 "https://mail.smith.russellmitchell.com/imp/themes/default/dynamic/screen.css" "Mozilla/5.0 (X11; Linux x86_64) AppleWebKit/537.36 (KHTML, like Gecko) HeadlessChrome/97.0.4692.71 Safari/537.36"
10.143.2.25 - - [21/Jan/2022:09:16:16 +0000] "GET /imp/themes/default/graphics/scroller.png HTTP/1.1" 200 401 "https://mail.smith.russellmitchell.com/imp/themes/default/dynamic/screen.css" "Mozilla/5.0 (X11; Linux x86_64) AppleWebKit/537.36 (KHTML, like Gecko) HeadlessChrome/97.0.4692.71 Safari/537.36"
10.143.2.25 - - [21/Jan/2022:09:16:16 +0000] "GET /imp/themes/default/graphics/sbcursor_bottom.png HTTP/1.1" 200 437 "https://mail.smith.russellmitchell.com/imp/themes/default/dynamic/screen.css" "Mozilla/5.0 (X11; Linux x86_64) AppleWebKit/537.36 (KHTML, like Gecko) HeadlessChrome/97.0.4692.71 Safari/537.36"
10.143.2.25 - - [21/Jan/2022:09:16:16 +0000] "GET /imp/themes/default/graphics/flags/personal.png HTTP/1.1" 200 491 "https://mail.smith.russellmitchell.com/imp/themes/default/screen.css" "Mozilla/5.0 (X11; Linux x86_64) AppleWebKit/537.36 (KHTML, like Gecko) HeadlessChrome/97.0.4692.71 Safari/537.36"
10.143.2.25 - - [21/Jan/2022:09:16:16 +0000] "GET /imp/themes/default/graphics/flags/unseen.png HTTP/1.1" 200 511 "https://mail.smith.russellmitchell.com/imp/themes/default/screen.css" "Mozilla/5.0 (X11; Linux x86_64) AppleWebKit/537.36 (KHTML, like Gecko) HeadlessChrome/97.0.4692.71 Safari/537.36"
10.143.2.25 - - [21/Jan/2022:09:16:16 +0000] "GET /imp/themes/default/graphics/flags/deleted.png HTTP/1.1" 200 480 "https://mail.smith.russellmitchell.com/imp/themes/default/screen.css" "Mozilla/5.0 (X11; Linux x86_64) AppleWebKit/537.36 (KHTML, like Gecko) HeadlessChrome/97.0.4692.71 Safari/537.36"
10.143.2.25 - - [21/Jan/2022:09:16:16 +0000] "GET /imp/themes/default/graphics/folders/inbox.png HTTP/1.1" 200 748 "https://mail.smith.russellmitchell.com/imp/themes/default/screen.css" "Mozilla/5.0 (X11; Linux x86_64) AppleWebKit/537.36 (KHTML, like Gecko) HeadlessChrome/97.0.4692.71 Safari/537.36"
10.143.2.25 - - [21/Jan/2022:09:16:16 +0000] "GET /imp/themes/default/graphics/folders/spam.png HTTP/1.1" 200 795 "https://mail.smith.russellmitchell.com/imp/themes/default/screen.css" "Mozilla/5.0 (X11; Linux x86_64) AppleWebKit/537.36 (KHTML, like Gecko) HeadlessChrome/97.0.4692.71 Safari/537.36"
10.143.2.25 - - [21/Jan/2022:09:16:16 +0000] "GET /imp/themes/default/graphics/folders/drafts.png HTTP/1.1" 200 788 "https://mail.smith.russellmitchell.com/imp/themes/default/screen.css" "Mozilla/5.0 (X11; Linux x86_64) AppleWebKit/537.36 (KHTML, like Gecko) HeadlessChrome/97.0.4692.71 Safari/537.36"
10.143.2.25 - - [21/Jan/2022:09:16:16 +0000] "GET /imp/themes/default/graphics/folders/folder.png HTTP/1.1" 200 516 "https://mail.smith.russellmitchell.com/imp/themes/default/dynamic/screen.css" "Mozilla/5.0 (X11; Linux x86_64) AppleWebKit/537.36 (KHTML, like Gecko) HeadlessChrome/97.0.4692.71 Safari/537.36"
10.143.2.25 - - [21/Jan/2022:09:16:16 +0000] "GET /imp/themes/default/graphics/folders/plus.png HTTP/1.1" 200 657 "https://mail.smith.russellmitchell.com/imp/themes/default/dynamic/screen.css" "Mozilla/5.0 (X11; Linux x86_64) AppleWebKit/537.36 (KHTML, like Gecko) HeadlessChrome/97.0.4692.71 Safari/537.36"
10.143.2.25 - - [21/Jan/2022:09:16:16 +0000] "GET /imp/themes/default/graphics/favicon.ico HTTP/1.1" 200 2064 "https://mail.smith.russellmitchell.com/imp/dynamic.php?page=mailbox" "Mozilla/5.0 (X11; Linux x86_64) AppleWebKit/537.36 (KHTML, like Gecko) HeadlessChrome/97.0.4692.71 Safari/537.36"
10.143.3.65 - - [21/Jan/2022:09:16:20 +0000] "GET /turba/contact.php?source=IJnpNGoZNZp0FmjpVsXGhXJ&key=7qgeHgWvst2KLdMwKXvpatB HTTP/1.1" 200 21636 "https://mail.smith.russellmitchell.com/turba/browse.php" "Mozilla/5.0 (X11; Ubuntu; Linux x86_64; rv:86.0) Gecko/20100101 Firefox/86.0"
10.143.3.65 - - [21/Jan/2022:09:16:21 +0000] "GET /turba/themes/default/graphics/favicon.ico HTTP/1.1" 200 2064 "https://mail.smith.russellmitchell.com/turba/contact.php?source=IJnpNGoZNZp0FmjpVsXGhXJ&key=7qgeHgWvst2KLdMwKXvpatB" "Mozilla/5.0 (X11; Ubuntu; Linux x86_64; rv:86.0) Gecko/20100101 Firefox/86.0"
172.19.131.174 - - [21/Jan/2022:09:16:24 +0000] "POST /nag/task/save.php HTTP/1.1" 302 1044 "https://mail.smith.russellmitchell.com/nag/task.php?actionID=add_task" "Mozilla/5.0 (X11; Ubuntu; Linux x86_64; rv:86.0) Gecko/20100101 Firefox/86.0"
172.19.131.174 - - [21/Jan/2022:09:16:24 +0000] "GET /nag/list.php HTTP/1.1" 200 8972 "https://mail.smith.russellmitchell.com/nag/task.php?actionID=add_task" "Mozilla/5.0 (X11; Ubuntu; Linux x86_64; rv:86.0) Gecko/20100101 Firefox/86.0"
172.19.131.174 - - [21/Jan/2022:09:16:44 +0000] "GET /nag/task.php?actionID=add_task HTTP/1.1" 200 9788 "https://mail.smith.russellmitchell.com/nag/list.php" "Mozilla/5.0 (X11; Ubuntu; Linux x86_64; rv:86.0) Gecko/20100101 Firefox/86.0"
172.19.131.174 - - [21/Jan/2022:09:16:50 +0000] "POST /services/ajax.php/horde/imple?token=H7MhWXwJt7-RAdgLZZG8KyA&app=nag&imple=Nag_Ajax_Imple_TagAutoCompleter&input=tags HTTP/1.1" 200 984 "https://mail.smith.russellmitchell.com/nag/task.php?actionID=add_task" "Mozilla/5.0 (X11; Ubuntu; Linux x86_64; rv:86.0) Gecko/20100101 Firefox/86.0"
10.143.3.65 - - [21/Jan/2022:09:16:51 +0000] "GET /themes/default/graphics/button-delete.png HTTP/1.1" 200 998 "https://mail.smith.russellmitchell.com/themes/default/screen.css" "Mozilla/5.0 (X11; Ubuntu; Linux x86_64; rv:86.0) Gecko/20100101 Firefox/86.0"
10.143.2.25 - - [21/Jan/2022:09:16:52 +0000] "GET /imp/themes/default/graphics/reply.png HTTP/1.1" 200 1129 "https://mail.smith.russellmitchell.com/imp/themes/default/dynamic/screen.css" "Mozilla/5.0 (X11; Linux x86_64) AppleWebKit/537.36 (KHTML, like Gecko) HeadlessChrome/97.0.4692.71 Safari/537.36"
10.143.2.25 - - [21/Jan/2022:09:16:52 +0000] "GET /themes/default/graphics/loading.gif HTTP/1.1" 200 2044 "https://mail.smith.russellmitchell.com/themes/default/screen.css" "Mozilla/5.0 (X11; Linux x86_64) AppleWebKit/537.36 (KHTML, like Gecko) HeadlessChrome/97.0.4692.71 Safari/537.36"
10.143.2.25 - - [21/Jan/2022:09:16:52 +0000] "GET /imp/themes/default/graphics/delete.png HTTP/1.1" 200 618 "https://mail.smith.russellmitchell.com/imp/themes/default/dynamic/screen.css" "Mozilla/5.0 (X11; Linux x86_64) AppleWebKit/537.36 (KHTML, like Gecko) HeadlessChrome/97.0.4692.71 Safari/537.36"
10.143.2.25 - - [21/Jan/2022:09:16:52 +0000] "GET /imp/themes/default/graphics/checkbox_on.png HTTP/1.1" 200 783 "https://mail.smith.russellmitchell.com/imp/themes/default/dynamic/screen.css" "Mozilla/5.0 (X11; Linux x86_64) AppleWebKit/537.36 (KHTML, like Gecko) HeadlessChrome/97.0.4692.71 Safari/537.36"
10.143.2.25 - - [21/Jan/2022:09:16:52 +0000] "GET /imp/themes/default/graphics/flags/personal-inv.png HTTP/1.1" 200 497 "https://mail.smith.russellmitchell.com/imp/themes/default/dynamic/screen.css" "Mozilla/5.0 (X11; Linux x86_64) AppleWebKit/537.36 (KHTML, like Gecko) HeadlessChrome/97.0.4692.71 Safari/537.36"
10.143.2.25 - - [21/Jan/2022:09:16:52 +0000] "GET /imp/themes/default/graphics/forward.png HTTP/1.1" 200 1134 "https://mail.smith.russellmitchell.com/imp/themes/default/dynamic/screen.css" "Mozilla/5.0 (X11; Linux x86_64) AppleWebKit/537.36 (KHTML, like Gecko) HeadlessChrome/97.0.4692.71 Safari/537.36"
10.143.2.25 - - [21/Jan/2022:09:16:52 +0000] "GET /imp/themes/default/graphics/flags/unseen-inv.png HTTP/1.1" 200 518 "https://mail.smith.russellmitchell.com/imp/themes/default/dynamic/screen.css" "Mozilla/5.0 (X11; Linux x86_64) AppleWebKit/537.36 (KHTML, like Gecko) HeadlessChrome/97.0.4692.71 Safari/537.36"
10.143.2.25 - - [21/Jan/2022:09:16:52 +0000] "POST /services/ajax.php/imp/showMessage HTTP/1.1" 200 2756 "https://mail.smith.russellmitchell.com/imp/dynamic.php?page=mailbox" "Mozilla/5.0 (X11; Linux x86_64) AppleWebKit/537.36 (KHTML, like Gecko) HeadlessChrome/97.0.4692.71 Safari/537.36"
10.143.2.25 - - [21/Jan/2022:09:16:52 +0000] "GET /imp/themes/default/graphics/plus.png HTTP/1.1" 200 791 "https://mail.smith.russellmitchell.com/imp/themes/default/dynamic/screen.css" "Mozilla/5.0 (X11; Linux x86_64) AppleWebKit/537.36 (KHTML, like Gecko) HeadlessChrome/97.0.4692.71 Safari/537.36"
10.143.2.25 - - [21/Jan/2022:09:16:52 +0000] "GET /imp/themes/default/graphics/arrow_collapsed.png HTTP/1.1" 200 539 "https://mail.smith.russellmitchell.com/imp/themes/default/dynamic/screen.css" "Mozilla/5.0 (X11; Linux x86_64) AppleWebKit/537.36 (KHTML, like Gecko) HeadlessChrome/97.0.4692.71 Safari/537.36"
10.143.2.25 - - [21/Jan/2022:09:16:52 +0000] "GET /imp/themes/default/graphics/download.png HTTP/1.1" 200 603 "https://mail.smith.russellmitchell.com/imp/themes/default/screen.css" "Mozilla/5.0 (X11; Linux x86_64) AppleWebKit/537.36 (KHTML, like Gecko) HeadlessChrome/97.0.4692.71 Safari/537.36"
10.143.2.25 - - [21/Jan/2022:09:16:52 +0000] "GET /imp/themes/default/graphics/print.png HTTP/1.1" 200 655 "https://mail.smith.russellmitchell.com/imp/themes/default/screen.css" "Mozilla/5.0 (X11; Linux x86_64) AppleWebKit/537.36 (KHTML, like Gecko) HeadlessChrome/97.0.4692.71 Safari/537.36"
10.143.3.65 - - [21/Jan/2022:09:16:53 +0000] "POST /turba/delete.php HTTP/1.1" 302 472 "https://mail.smith.russellmitchell.com/turba/contact.php?source=IJnpNGoZNZp0FmjpVsXGhXJ&key=7qgeHgWvst2KLdMwKXvpatB" "Mozilla/5.0 (X11; Ubuntu; Linux x86_64; rv:86.0) Gecko/20100101 Firefox/86.0"
10.143.3.65 - - [21/Jan/2022:09:16:53 +0000] "GET /turba/search.php HTTP/1.1" 200 4539 "https://mail.smith.russellmitchell.com/turba/contact.php?source=IJnpNGoZNZp0FmjpVsXGhXJ&key=7qgeHgWvst2KLdMwKXvpatB" "Mozilla/5.0 (X11; Ubuntu; Linux x86_64; rv:86.0) Gecko/20100101 Firefox/86.0"
172.19.131.174 - - [21/Jan/2022:09:16:56 +0000] "POST /nag/task/save.php HTTP/1.1" 302 1044 "https://mail.smith.russellmitchell.com/nag/task.php?actionID=add_task" "Mozilla/5.0 (X11; Ubuntu; Linux x86_64; rv:86.0) Gecko/20100101 Firefox/86.0"
172.19.131.174 - - [21/Jan/2022:09:16:56 +0000] "GET /nag/list.php HTTP/1.1" 200 9063 "https://mail.smith.russellmitchell.com/nag/task.php?actionID=add_task" "Mozilla/5.0 (X11; Ubuntu; Linux x86_64; rv:86.0) Gecko/20100101 Firefox/86.0"
172.19.131.174 - - [21/Jan/2022:09:17:14 +0000] "GET /nag/task.php?actionID=add_task HTTP/1.1" 200 9819 "https://mail.smith.russellmitchell.com/nag/list.php" "Mozilla/5.0 (X11; Ubuntu; Linux x86_64; rv:86.0) Gecko/20100101 Firefox/86.0"
10.143.2.25 - - [21/Jan/2022:09:17:25 +0000] "GET /themes/default/graphics/button-active-bg.png HTTP/1.1" 200 982 "https://mail.smith.russellmitchell.com/themes/default/screen.css" "Mozilla/5.0 (X11; Linux x86_64) AppleWebKit/537.36 (KHTML, like Gecko) HeadlessChrome/97.0.4692.71 Safari/537.36"
10.143.2.25 - - [21/Jan/2022:09:17:25 +0000] "GET /imp/themes/default/graphics/flags/deleted-inv.png HTTP/1.1" 200 1057 "https://mail.smith.russellmitchell.com/imp/themes/default/dynamic/screen.css" "Mozilla/5.0 (X11; Linux x86_64) AppleWebKit/537.36 (KHTML, like Gecko) HeadlessChrome/97.0.4692.71 Safari/537.36"
10.143.2.25 - - [21/Jan/2022:09:17:25 +0000] "POST /services/ajax.php/imp/deleteMessages HTTP/1.1" 200 1075 "https://mail.smith.russellmitchell.com/imp/dynamic.php?page=mailbox" "Mozilla/5.0 (X11; Linux x86_64) AppleWebKit/537.36 (KHTML, like Gecko) HeadlessChrome/97.0.4692.71 Safari/537.36"
172.19.131.174 - - [21/Jan/2022:09:17:28 +0000] "POST /nag/task/save.php HTTP/1.1" 302 1044 "https://mail.smith.russellmitchell.com/nag/task.php?actionID=add_task" "Mozilla/5.0 (X11; Ubuntu; Linux x86_64; rv:86.0) Gecko/20100101 Firefox/86.0"
172.19.131.174 - - [21/Jan/2022:09:17:29 +0000] "GET /nag/list.php HTTP/1.1" 200 9171 "https://mail.smith.russellmitchell.com/nag/task.php?actionID=add_task" "Mozilla/5.0 (X11; Ubuntu; Linux x86_64; rv:86.0) Gecko/20100101 Firefox/86.0"
10.143.3.65 - - [21/Jan/2022:09:17:29 +0000] "GET /turba/browse.php HTTP/1.1" 200 6087 "https://mail.smith.russellmitchell.com/turba/search.php" "Mozilla/5.0 (X11; Ubuntu; Linux x86_64; rv:86.0) Gecko/20100101 Firefox/86.0"
172.19.131.174 - - [21/Jan/2022:09:17:46 +0000] "GET /nag/task.php?tasklist=dV1-G1CR4lFCl9MgG0p7ifX&task=KAHgl8-yT2uHGum1eBKviSP&actionID=modify_task&have_search&tab_name=1&url=%2Fnag%2Flist.php HTTP/1.1" 200 10001 "-" "Mozilla/5.0 (X11; Ubuntu; Linux x86_64; rv:86.0) Gecko/20100101 Firefox/86.0"
10.143.2.25 - - [21/Jan/2022:09:17:59 +0000] "POST /services/ajax.php/imp/showMessage HTTP/1.1" 200 3232 "https://mail.smith.russellmitchell.com/imp/dynamic.php?page=mailbox" "Mozilla/5.0 (X11; Linux x86_64) AppleWebKit/537.36 (KHTML, like Gecko) HeadlessChrome/97.0.4692.71 Safari/537.36"
172.19.131.174 - - [21/Jan/2022:09:18:01 +0000] "POST /nag/task/save.php HTTP/1.1" 302 1044 "https://mail.smith.russellmitchell.com/nag/task.php?tasklist=dV1-G1CR4lFCl9MgG0p7ifX&task=KAHgl8-yT2uHGum1eBKviSP&actionID=modify_task&have_search&tab_name=1&url=%2Fnag%2Flist.php" "Mozilla/5.0 (X11; Ubuntu; Linux x86_64; rv:86.0) Gecko/20100101 Firefox/86.0"
172.19.131.174 - - [21/Jan/2022:09:18:01 +0000] "GET /nag/list.php HTTP/1.1" 200 9052 "https://mail.smith.russellmitchell.com/nag/task.php?tasklist=dV1-G1CR4lFCl9MgG0p7ifX&task=KAHgl8-yT2uHGum1eBKviSP&actionID=modify_task&have_search&tab_name=1&url=%2Fnag%2Flist.php" "Mozilla/5.0 (X11; Ubuntu; Linux x86_64; rv:86.0) Gecko/20100101 Firefox/86.0"
10.143.3.65 - - [21/Jan/2022:09:18:04 +0000] "GET /turba/add.php HTTP/1.1" 200 19855 "https://mail.smith.russellmitchell.com/turba/browse.php" "Mozilla/5.0 (X11; Ubuntu; Linux x86_64; rv:86.0) Gecko/20100101 Firefox/86.0"
10.143.2.25 - - [21/Jan/2022:09:18:13 +0000] "GET /imp/dynamic.php?page=message&buid=5&mailbox=SU5CT1g&token=Eu2umkguJg6cRjUTCB-hH5v&uniq=1642756693553 HTTP/1.1" 200 7907 "https://mail.smith.russellmitchell.com/imp/dynamic.php?page=mailbox" "Mozilla/5.0 (X11; Linux x86_64) AppleWebKit/537.36 (KHTML, like Gecko) HeadlessChrome/97.0.4692.71 Safari/537.36"
10.143.2.25 - - [21/Jan/2022:09:18:13 +0000] "GET /imp/themes/default/mime.css HTTP/1.1" 200 494 "https://mail.smith.russellmitchell.com/imp/dynamic.php?page=message&buid=5&mailbox=SU5CT1g&token=Eu2umkguJg6cRjUTCB-hH5v&uniq=1642756693553" "Mozilla/5.0 (X11; Linux x86_64) AppleWebKit/537.36 (KHTML, like Gecko) HeadlessChrome/97.0.4692.71 Safari/537.36"
10.143.2.25 - - [21/Jan/2022:09:18:13 +0000] "GET /imp/themes/default/screen.css HTTP/1.1" 200 3354 "https://mail.smith.russellmitchell.com/imp/dynamic.php?page=message&buid=5&mailbox=SU5CT1g&token=Eu2umkguJg6cRjUTCB-hH5v&uniq=1642756693553" "Mozilla/5.0 (X11; Linux x86_64) AppleWebKit/537.36 (KHTML, like Gecko) HeadlessChrome/97.0.4692.71 Safari/537.36"
10.143.2.25 - - [21/Jan/2022:09:18:13 +0000] "GET /imp/js/compose-base.js?v=b2b582864b8fa969bd5860bc72f0d3da HTTP/1.1" 200 2250 "https://mail.smith.russellmitchell.com/imp/dynamic.php?page=message&buid=5&mailbox=SU5CT1g&token=Eu2umkguJg6cRjUTCB-hH5v&uniq=1642756693553" "Mozilla/5.0 (X11; Linux x86_64) AppleWebKit/537.36 (KHTML, like Gecko) HeadlessChrome/97.0.4692.71 Safari/537.36"
10.143.2.25 - - [21/Jan/2022:09:18:13 +0000] "GET /imp/js/ckeditor/imagepoll.js?v=b2b582864b8fa969bd5860bc72f0d3da HTTP/1.1" 200 1166 "https://mail.smith.russellmitchell.com/imp/dynamic.php?page=message&buid=5&mailbox=SU5CT1g&token=Eu2umkguJg6cRjUTCB-hH5v&uniq=1642756693553" "Mozilla/5.0 (X11; Linux x86_64) AppleWebKit/537.36 (KHTML, like Gecko) HeadlessChrome/97.0.4692.71 Safari/537.36"
10.143.2.25 - - [21/Jan/2022:09:18:13 +0000] "GET /imp/js/compose-dimp.js?v=b2b582864b8fa969bd5860bc72f0d3da HTTP/1.1" 200 10715 "https://mail.smith.russellmitchell.com/imp/dynamic.php?page=message&buid=5&mailbox=SU5CT1g&token=Eu2umkguJg6cRjUTCB-hH5v&uniq=1642756693553" "Mozilla/5.0 (X11; Linux x86_64) AppleWebKit/537.36 (KHTML, like Gecko) HeadlessChrome/97.0.4692.71 Safari/537.36"
10.143.2.25 - - [21/Jan/2022:09:18:13 +0000] "GET /imp/js/draghandler.js?v=b2b582864b8fa969bd5860bc72f0d3da HTTP/1.1" 200 1279 "https://mail.smith.russellmitchell.com/imp/dynamic.php?page=message&buid=5&mailbox=SU5CT1g&token=Eu2umkguJg6cRjUTCB-hH5v&uniq=1642756693553" "Mozilla/5.0 (X11; Linux x86_64) AppleWebKit/537.36 (KHTML, like Gecko) HeadlessChrome/97.0.4692.71 Safari/537.36"
