172.19.131.174 - - [21/Jan/2022:09:31:36 +0000] "POST /services/ajax.php/horde/topbarUpdate HTTP/1.1" 200 2811 "https://mail.smith.russellmitchell.com/imp/dynamic.php?page=mailbox" "Mozilla/5.0 (X11; Ubuntu; Linux x86_64; rv:86.0) Gecko/20100101 Firefox/86.0"
10.143.3.65 - - [21/Jan/2022:09:31:49 +0000] "GET /nag/task.php?actionID=add_task HTTP/1.1" 200 10086 "https://mail.smith.russellmitchell.com/nag/list.php" "Mozilla/5.0 (X11; Ubuntu; Linux x86_64; rv:86.0) Gecko/20100101 Firefox/86.0"
10.143.3.65 - - [21/Jan/2022:09:32:03 +0000] "POST /nag/task/save.php HTTP/1.1" 302 1044 "https://mail.smith.russellmitchell.com/nag/task.php?actionID=add_task" "Mozilla/5.0 (X11; Ubuntu; Linux x86_64; rv:86.0) Gecko/20100101 Firefox/86.0"
10.143.3.65 - - [21/Jan/2022:09:32:03 +0000] "GET /nag/list.php HTTP/1.1" 200 10094 "https://mail.smith.russellmitchell.com/nag/task.php?actionID=add_task" "Mozilla/5.0 (X11; Ubuntu; Linux x86_64; rv:86.0) Gecko/20100101 Firefox/86.0"
172.19.131.174 - - [21/Jan/2022:09:32:20 +0000] "GET /mnemo/ HTTP/1.1" 200 7140 "https://mail.smith.russellmitchell.com/imp/dynamic.php?page=mailbox" "Mozilla/5.0 (X11; Ubuntu; Linux x86_64; rv:86.0) Gecko/20100101 Firefox/86.0"
172.19.131.174 - - [21/Jan/2022:09:32:20 +0000] "GET /mnemo/themes/default/screen.css HTTP/1.1" 200 1061 "https://mail.smith.russellmitchell.com/mnemo/" "Mozilla/5.0 (X11; Ubuntu; Linux x86_64; rv:86.0) Gecko/20100101 Firefox/86.0"
172.19.131.174 - - [21/Jan/2022:09:32:20 +0000] "GET /mnemo/js/list.js?v=0fdb5db59031a398d8e995b4ce9765c9 HTTP/1.1" 200 982 "https://mail.smith.russellmitchell.com/mnemo/" "Mozilla/5.0 (X11; Ubuntu; Linux x86_64; rv:86.0) Gecko/20100101 Firefox/86.0"
172.19.131.174 - - [21/Jan/2022:09:32:20 +0000] "GET /mnemo/themes/default/graphics/mnemo.png HTTP/1.1" 200 703 "https://mail.smith.russellmitchell.com/mnemo/themes/default/screen.css" "Mozilla/5.0 (X11; Ubuntu; Linux x86_64; rv:86.0) Gecko/20100101 Firefox/86.0"
172.19.131.174 - - [21/Jan/2022:09:32:20 +0000] "GET /mnemo/themes/default/graphics/search.png HTTP/1.1" 200 1342 "https://mail.smith.russellmitchell.com/mnemo/themes/default/screen.css" "Mozilla/5.0 (X11; Ubuntu; Linux x86_64; rv:86.0) Gecko/20100101 Firefox/86.0"
172.19.131.174 - - [21/Jan/2022:09:32:20 +0000] "GET /mnemo/themes/default/graphics/favicon.ico HTTP/1.1" 200 2064 "https://mail.smith.russellmitchell.com/mnemo/" "Mozilla/5.0 (X11; Ubuntu; Linux x86_64; rv:86.0) Gecko/20100101 Firefox/86.0"
10.143.3.65 - - [21/Jan/2022:09:32:34 +0000] "GET /nag/task.php?actionID=add_task HTTP/1.1" 200 10119 "https://mail.smith.russellmitchell.com/nag/list.php" "Mozilla/5.0 (X11; Ubuntu; Linux x86_64; rv:86.0) Gecko/20100101 Firefox/86.0"
172.19.131.174 - - [21/Jan/2022:09:32:41 +0000] "GET /mnemo/memo.php?memo=PWmR_Uk-j2dMka2LVtMwPUk&memolist=E0pGeWEW4dC4TfoUBGAC4Cm&actionID=modify_memo HTTP/1.1" 200 6892 "https://mail.smith.russellmitchell.com/mnemo/" "Mozilla/5.0 (X11; Ubuntu; Linux x86_64; rv:86.0) Gecko/20100101 Firefox/86.0"
172.19.131.174 - - [21/Jan/2022:09:32:42 +0000] "GET /mnemo/js/memo.js?v=0fdb5db59031a398d8e995b4ce9765c9 HTTP/1.1" 200 952 "https://mail.smith.russellmitchell.com/mnemo/memo.php?memo=PWmR_Uk-j2dMka2LVtMwPUk&memolist=E0pGeWEW4dC4TfoUBGAC4Cm&actionID=modify_memo" "Mozilla/5.0 (X11; Ubuntu; Linux x86_64; rv:86.0) Gecko/20100101 Firefox/86.0"
10.143.3.65 - - [21/Jan/2022:09:32:51 +0000] "POST /nag/task/save.php HTTP/1.1" 302 1044 "https://mail.smith.russellmitchell.com/nag/task.php?actionID=add_task" "Mozilla/5.0 (X11; Ubuntu; Linux x86_64; rv:86.0) Gecko/20100101 Firefox/86.0"
10.143.3.65 - - [21/Jan/2022:09:32:51 +0000] "GET /nag/list.php HTTP/1.1" 200 10174 "https://mail.smith.russellmitchell.com/nag/task.php?actionID=add_task" "Mozilla/5.0 (X11; Ubuntu; Linux x86_64; rv:86.0) Gecko/20100101 Firefox/86.0"
172.19.131.174 - - [21/Jan/2022:09:32:54 +0000] "GET /mnemo/memo.php?memo=PWmR_Uk-j2dMka2LVtMwPUk&memolist=E0pGeWEW4dC4TfoUBGAC4Cm&actionID=delete_memos HTTP/1.1" 302 1046 "https://mail.smith.russellmitchell.com/mnemo/memo.php?memo=PWmR_Uk-j2dMka2LVtMwPUk&memolist=E0pGeWEW4dC4TfoUBGAC4Cm&actionID=modify_memo" "Mozilla/5.0 (X11; Ubuntu; Linux x86_64; rv:86.0) Gecko/20100101 Firefox/86.0"
172.19.131.174 - - [21/Jan/2022:09:32:54 +0000] "GET /mnemo/list.php HTTP/1.1" 200 6471 "https://mail.smith.russellmitchell.com/mnemo/memo.php?memo=PWmR_Uk-j2dMka2LVtMwPUk&memolist=E0pGeWEW4dC4TfoUBGAC4Cm&actionID=modify_memo" "Mozilla/5.0 (X11; Ubuntu; Linux x86_64; rv:86.0) Gecko/20100101 Firefox/86.0"
172.19.131.174 - - [21/Jan/2022:09:33:09 +0000] "GET /mnemo/memo.php?actionID=add_memo HTTP/1.1" 200 6660 "https://mail.smith.russellmitchell.com/mnemo/list.php" "Mozilla/5.0 (X11; Ubuntu; Linux x86_64; rv:86.0) Gecko/20100101 Firefox/86.0"
10.143.3.65 - - [21/Jan/2022:09:33:25 +0000] "GET /nag/task.php?actionID=add_task HTTP/1.1" 200 10155 "https://mail.smith.russellmitchell.com/nag/list.php" "Mozilla/5.0 (X11; Ubuntu; Linux x86_64; rv:86.0) Gecko/20100101 Firefox/86.0"
172.19.131.174 - - [21/Jan/2022:09:33:27 +0000] "POST /mnemo/memo.php HTTP/1.1" 302 1046 "https://mail.smith.russellmitchell.com/mnemo/memo.php?actionID=add_memo" "Mozilla/5.0 (X11; Ubuntu; Linux x86_64; rv:86.0) Gecko/20100101 Firefox/86.0"
172.19.131.174 - - [21/Jan/2022:09:33:27 +0000] "GET /mnemo/list.php HTTP/1.1" 200 6604 "https://mail.smith.russellmitchell.com/mnemo/memo.php?actionID=add_memo" "Mozilla/5.0 (X11; Ubuntu; Linux x86_64; rv:86.0) Gecko/20100101 Firefox/86.0"
10.143.2.25 - - [21/Jan/2022:09:33:31 +0000] "POST /services/ajax.php/horde/topbarUpdate HTTP/1.1" 200 3498 "https://mail.smith.russellmitchell.com/turba/contact.php?source=f6I8lsQIGij7UAFdkB-6yhb&key=oZP_TDjtLCdPosNzoatSz0y" "Mozilla/5.0 (X11; Linux x86_64) AppleWebKit/537.36 (KHTML, like Gecko) HeadlessChrome/97.0.4692.71 Safari/537.36"
172.19.131.174 - - [21/Jan/2022:09:33:42 +0000] "GET /mnemo/memo.php?actionID=add_memo HTTP/1.1" 200 6660 "https://mail.smith.russellmitchell.com/mnemo/list.php" "Mozilla/5.0 (X11; Ubuntu; Linux x86_64; rv:86.0) Gecko/20100101 Firefox/86.0"
10.143.3.65 - - [21/Jan/2022:09:33:43 +0000] "POST /nag/task/save.php HTTP/1.1" 302 1044 "https://mail.smith.russellmitchell.com/nag/task.php?actionID=add_task" "Mozilla/5.0 (X11; Ubuntu; Linux x86_64; rv:86.0) Gecko/20100101 Firefox/86.0"
10.143.3.65 - - [21/Jan/2022:09:33:43 +0000] "GET /nag/list.php HTTP/1.1" 200 10307 "https://mail.smith.russellmitchell.com/nag/task.php?actionID=add_task" "Mozilla/5.0 (X11; Ubuntu; Linux x86_64; rv:86.0) Gecko/20100101 Firefox/86.0"
10.143.2.25 - - [21/Jan/2022:09:33:45 +0000] "GET /imp/dynamic.php?page=mailbox HTTP/1.1" 200 9470 "https://mail.smith.russellmitchell.com/turba/contact.php?source=f6I8lsQIGij7UAFdkB-6yhb&key=oZP_TDjtLCdPosNzoatSz0y" "Mozilla/5.0 (X11; Linux x86_64) AppleWebKit/537.36 (KHTML, like Gecko) HeadlessChrome/97.0.4692.71 Safari/537.36"
10.143.2.25 - - [21/Jan/2022:09:33:45 +0000] "GET /imp/themes/default/mime.css HTTP/1.1" 200 494 "https://mail.smith.russellmitchell.com/imp/dynamic.php?page=mailbox" "Mozilla/5.0 (X11; Linux x86_64) AppleWebKit/537.36 (KHTML, like Gecko) HeadlessChrome/97.0.4692.71 Safari/537.36"
10.143.2.25 - - [21/Jan/2022:09:33:45 +0000] "GET /imp/themes/default/screen.css HTTP/1.1" 200 3354 "https://mail.smith.russellmitchell.com/imp/dynamic.php?page=mailbox" "Mozilla/5.0 (X11; Linux x86_64) AppleWebKit/537.36 (KHTML, like Gecko) HeadlessChrome/97.0.4692.71 Safari/537.36"
10.143.2.25 - - [21/Jan/2022:09:33:45 +0000] "GET /imp/js/dimpcore.js?v=b2b582864b8fa969bd5860bc72f0d3da HTTP/1.1" 200 4298 "https://mail.smith.russellmitchell.com/imp/dynamic.php?page=mailbox" "Mozilla/5.0 (X11; Linux x86_64) AppleWebKit/537.36 (KHTML, like Gecko) HeadlessChrome/97.0.4692.71 Safari/537.36"
10.143.2.25 - - [21/Jan/2022:09:33:45 +0000] "GET /js/contextsensitive.js?v=d0d0749382c4cc649651134fc974b2e8 HTTP/1.1" 200 4272 "https://mail.smith.russellmitchell.com/imp/dynamic.php?page=mailbox" "Mozilla/5.0 (X11; Linux x86_64) AppleWebKit/537.36 (KHTML, like Gecko) HeadlessChrome/97.0.4692.71 Safari/537.36"
10.143.2.25 - - [21/Jan/2022:09:33:45 +0000] "GET /imp/js/viewport.js?v=b2b582864b8fa969bd5860bc72f0d3da HTTP/1.1" 200 14008 "https://mail.smith.russellmitchell.com/imp/dynamic.php?page=mailbox" "Mozilla/5.0 (X11; Linux x86_64) AppleWebKit/537.36 (KHTML, like Gecko) HeadlessChrome/97.0.4692.71 Safari/537.36"
10.143.2.25 - - [21/Jan/2022:09:33:45 +0000] "GET /imp/themes/default/dynamic/screen.css HTTP/1.1" 200 5959 "https://mail.smith.russellmitchell.com/imp/dynamic.php?page=mailbox" "Mozilla/5.0 (X11; Linux x86_64) AppleWebKit/537.36 (KHTML, like Gecko) HeadlessChrome/97.0.4692.71 Safari/537.36"
10.143.2.25 - - [21/Jan/2022:09:33:45 +0000] "GET /js/dragdrop2.js?v=d0d0749382c4cc649651134fc974b2e8 HTTP/1.1" 200 6344 "https://mail.smith.russellmitchell.com/imp/dynamic.php?page=mailbox" "Mozilla/5.0 (X11; Linux x86_64) AppleWebKit/537.36 (KHTML, like Gecko) HeadlessChrome/97.0.4692.71 Safari/537.36"
10.143.2.25 - - [21/Jan/2022:09:33:45 +0000] "GET /js/form_ghost.js?v=d0d0749382c4cc649651134fc974b2e8 HTTP/1.1" 200 1939 "https://mail.smith.russellmitchell.com/imp/dynamic.php?page=mailbox" "Mozilla/5.0 (X11; Linux x86_64) AppleWebKit/537.36 (KHTML, like Gecko) HeadlessChrome/97.0.4692.71 Safari/537.36"
10.143.2.25 - - [21/Jan/2022:09:33:45 +0000] "GET /js/jstorage.js?v=d0d0749382c4cc649651134fc974b2e8 HTTP/1.1" 200 4612 "https://mail.smith.russellmitchell.com/imp/dynamic.php?page=mailbox" "Mozilla/5.0 (X11; Linux x86_64) AppleWebKit/537.36 (KHTML, like Gecko) HeadlessChrome/97.0.4692.71 Safari/537.36"
10.143.2.25 - - [21/Jan/2022:09:33:45 +0000] "GET /themes/default/graphics/search-topbar.png HTTP/1.1" 200 669 "https://mail.smith.russellmitchell.com/imp/dynamic.php?page=mailbox" "Mozilla/5.0 (X11; Linux x86_64) AppleWebKit/537.36 (KHTML, like Gecko) HeadlessChrome/97.0.4692.71 Safari/537.36"
10.143.2.25 - - [21/Jan/2022:09:33:45 +0000] "GET /js/toggle_quotes.js?v=d0d0749382c4cc649651134fc974b2e8 HTTP/1.1" 200 873 "https://mail.smith.russellmitchell.com/imp/dynamic.php?page=mailbox" "Mozilla/5.0 (X11; Linux x86_64) AppleWebKit/537.36 (KHTML, like Gecko) HeadlessChrome/97.0.4692.71 Safari/537.36"
10.143.2.25 - - [21/Jan/2022:09:33:45 +0000] "GET /js/slider2.js?v=d0d0749382c4cc649651134fc974b2e8 HTTP/1.1" 200 2825 "https://mail.smith.russellmitchell.com/imp/dynamic.php?page=mailbox" "Mozilla/5.0 (X11; Linux x86_64) AppleWebKit/537.36 (KHTML, like Gecko) HeadlessChrome/97.0.4692.71 Safari/537.36"
10.143.2.25 - - [21/Jan/2022:09:33:45 +0000] "GET /imp/js/viewport_utils.js?v=b2b582864b8fa969bd5860bc72f0d3da HTTP/1.1" 200 1680 "https://mail.smith.russellmitchell.com/imp/dynamic.php?page=mailbox" "Mozilla/5.0 (X11; Linux x86_64) AppleWebKit/537.36 (KHTML, like Gecko) HeadlessChrome/97.0.4692.71 Safari/537.36"
10.143.2.25 - - [21/Jan/2022:09:33:45 +0000] "GET /js/redbox.js?v=d0d0749382c4cc649651134fc974b2e8 HTTP/1.1" 200 1648 "https://mail.smith.russellmitchell.com/imp/dynamic.php?page=mailbox" "Mozilla/5.0 (X11; Linux x86_64) AppleWebKit/537.36 (KHTML, like Gecko) HeadlessChrome/97.0.4692.71 Safari/537.36"
10.143.2.25 - - [21/Jan/2022:09:33:45 +0000] "GET /imp/js/imp.js?v=b2b582864b8fa969bd5860bc72f0d3da HTTP/1.1" 200 2180 "https://mail.smith.russellmitchell.com/imp/dynamic.php?page=mailbox" "Mozilla/5.0 (X11; Linux x86_64) AppleWebKit/537.36 (KHTML, like Gecko) HeadlessChrome/97.0.4692.71 Safari/537.36"
10.143.2.25 - - [21/Jan/2022:09:33:45 +0000] "GET /js/dialog.js?v=d0d0749382c4cc649651134fc974b2e8 HTTP/1.1" 200 1688 "https://mail.smith.russellmitchell.com/imp/dynamic.php?page=mailbox" "Mozilla/5.0 (X11; Linux x86_64) AppleWebKit/537.36 (KHTML, like Gecko) HeadlessChrome/97.0.4692.71 Safari/537.36"
10.143.2.25 - - [21/Jan/2022:09:33:45 +0000] "GET /js/colorpicker.js?v=d0d0749382c4cc649651134fc974b2e8 HTTP/1.1" 200 3818 "https://mail.smith.russellmitchell.com/imp/dynamic.php?page=mailbox" "Mozilla/5.0 (X11; Linux x86_64) AppleWebKit/537.36 (KHTML, like Gecko) HeadlessChrome/97.0.4692.71 Safari/537.36"
10.143.2.25 - - [21/Jan/2022:09:33:45 +0000] "GET /imp/js/external/base64.js?v=b2b582864b8fa969bd5860bc72f0d3da HTTP/1.1" 200 2379 "https://mail.smith.russellmitchell.com/imp/dynamic.php?page=mailbox" "Mozilla/5.0 (X11; Linux x86_64) AppleWebKit/537.36 (KHTML, like Gecko) HeadlessChrome/97.0.4692.71 Safari/537.36"
10.143.2.25 - - [21/Jan/2022:09:33:45 +0000] "GET /imp/js/passphrase.js?v=b2b582864b8fa969bd5860bc72f0d3da HTTP/1.1" 200 1437 "https://mail.smith.russellmitchell.com/imp/dynamic.php?page=mailbox" "Mozilla/5.0 (X11; Linux x86_64) AppleWebKit/537.36 (KHTML, like Gecko) HeadlessChrome/97.0.4692.71 Safari/537.36"
10.143.2.25 - - [21/Jan/2022:09:33:45 +0000] "GET /imp/js/external/tinycon.js?v=b2b582864b8fa969bd5860bc72f0d3da HTTP/1.1" 200 6538 "https://mail.smith.russellmitchell.com/imp/dynamic.php?page=mailbox" "Mozilla/5.0 (X11; Linux x86_64) AppleWebKit/537.36 (KHTML, like Gecko) HeadlessChrome/97.0.4692.71 Safari/537.36"
10.143.2.25 - - [21/Jan/2022:09:33:45 +0000] "GET /imp/js/dimpbase.js?v=b2b582864b8fa969bd5860bc72f0d3da HTTP/1.1" 200 31046 "https://mail.smith.russellmitchell.com/imp/dynamic.php?page=mailbox" "Mozilla/5.0 (X11; Linux x86_64) AppleWebKit/537.36 (KHTML, like Gecko) HeadlessChrome/97.0.4692.71 Safari/537.36"
10.143.2.25 - - [21/Jan/2022:09:33:45 +0000] "GET /imp/themes/default/graphics/reload.png HTTP/1.1" 200 784 "https://mail.smith.russellmitchell.com/imp/themes/default/dynamic/screen.css" "Mozilla/5.0 (X11; Linux x86_64) AppleWebKit/537.36 (KHTML, like Gecko) HeadlessChrome/97.0.4692.71 Safari/537.36"
10.143.2.25 - - [21/Jan/2022:09:33:45 +0000] "GET /imp/themes/default/graphics/checkbox_off.png HTTP/1.1" 200 646 "https://mail.smith.russellmitchell.com/imp/themes/default/dynamic/screen.css" "Mozilla/5.0 (X11; Linux x86_64) AppleWebKit/537.36 (KHTML, like Gecko) HeadlessChrome/97.0.4692.71 Safari/537.36"
10.143.2.25 - - [21/Jan/2022:09:33:45 +0000] "GET /imp/themes/default/graphics/ico_message_off.png HTTP/1.1" 200 774 "https://mail.smith.russellmitchell.com/imp/themes/default/dynamic/screen.css" "Mozilla/5.0 (X11; Linux x86_64) AppleWebKit/537.36 (KHTML, like Gecko) HeadlessChrome/97.0.4692.71 Safari/537.36"
10.143.2.25 - - [21/Jan/2022:09:33:45 +0000] "GET /imp/themes/default/graphics/reload.gif HTTP/1.1" 200 13946 "https://mail.smith.russellmitchell.com/imp/themes/default/dynamic/screen.css" "Mozilla/5.0 (X11; Linux x86_64) AppleWebKit/537.36 (KHTML, like Gecko) HeadlessChrome/97.0.4692.71 Safari/537.36"
10.143.2.25 - - [21/Jan/2022:09:33:45 +0000] "POST /services/ajax.php/imp/dynamicInit HTTP/1.1" 200 2031 "https://mail.smith.russellmitchell.com/imp/dynamic.php?page=mailbox" "Mozilla/5.0 (X11; Linux x86_64) AppleWebKit/537.36 (KHTML, like Gecko) HeadlessChrome/97.0.4692.71 Safari/537.36"
10.143.2.25 - - [21/Jan/2022:09:33:45 +0000] "GET /imp/themes/default/graphics/scroller_back.png HTTP/1.1" 200 397 "https://mail.smith.russellmitchell.com/imp/themes/default/dynamic/screen.css" "Mozilla/5.0 (X11; Linux x86_64) AppleWebKit/537.36 (KHTML, like Gecko) HeadlessChrome/97.0.4692.71 Safari/537.36"
10.143.2.25 - - [21/Jan/2022:09:33:45 +0000] "GET /imp/themes/default/graphics/sbcursor_top.png HTTP/1.1" 200 432 "https://mail.smith.russellmitchell.com/imp/themes/default/dynamic/screen.css" "Mozilla/5.0 (X11; Linux x86_64) AppleWebKit/537.36 (KHTML, like Gecko) HeadlessChrome/97.0.4692.71 Safari/537.36"
10.143.2.25 - - [21/Jan/2022:09:33:45 +0000] "GET /imp/themes/default/graphics/scroller.png HTTP/1.1" 200 401 "https://mail.smith.russellmitchell.com/imp/themes/default/dynamic/screen.css" "Mozilla/5.0 (X11; Linux x86_64) AppleWebKit/537.36 (KHTML, like Gecko) HeadlessChrome/97.0.4692.71 Safari/537.36"
10.143.2.25 - - [21/Jan/2022:09:33:45 +0000] "GET /imp/themes/default/graphics/sbcursor_bottom.png HTTP/1.1" 200 437 "https://mail.smith.russellmitchell.com/imp/themes/default/dynamic/screen.css" "Mozilla/5.0 (X11; Linux x86_64) AppleWebKit/537.36 (KHTML, like Gecko) HeadlessChrome/97.0.4692.71 Safari/537.36"
10.143.2.25 - - [21/Jan/2022:09:33:45 +0000] "GET /imp/themes/default/graphics/flags/personal.png HTTP/1.1" 200 491 "https://mail.smith.russellmitchell.com/imp/themes/default/screen.css" "Mozilla/5.0 (X11; Linux x86_64) AppleWebKit/537.36 (KHTML, like Gecko) HeadlessChrome/97.0.4692.71 Safari/537.36"
10.143.2.25 - - [21/Jan/2022:09:33:45 +0000] "GET /imp/themes/default/graphics/flags/unseen.png HTTP/1.1" 200 511 "https://mail.smith.russellmitchell.com/imp/themes/default/screen.css" "Mozilla/5.0 (X11; Linux x86_64) AppleWebKit/537.36 (KHTML, like Gecko) HeadlessChrome/97.0.4692.71 Safari/537.36"
10.143.2.25 - - [21/Jan/2022:09:33:45 +0000] "GET /imp/themes/default/graphics/flags/deleted.png HTTP/1.1" 200 480 "https://mail.smith.russellmitchell.com/imp/themes/default/screen.css" "Mozilla/5.0 (X11; Linux x86_64) AppleWebKit/537.36 (KHTML, like Gecko) HeadlessChrome/97.0.4692.71 Safari/537.36"
10.143.2.25 - - [21/Jan/2022:09:33:45 +0000] "GET /imp/themes/default/graphics/flags/answered.png HTTP/1.1" 200 437 "https://mail.smith.russellmitchell.com/imp/themes/default/screen.css" "Mozilla/5.0 (X11; Linux x86_64) AppleWebKit/537.36 (KHTML, like Gecko) HeadlessChrome/97.0.4692.71 Safari/537.36"
10.143.2.25 - - [21/Jan/2022:09:33:45 +0000] "GET /imp/themes/default/graphics/folders/inbox.png HTTP/1.1" 200 748 "https://mail.smith.russellmitchell.com/imp/themes/default/screen.css" "Mozilla/5.0 (X11; Linux x86_64) AppleWebKit/537.36 (KHTML, like Gecko) HeadlessChrome/97.0.4692.71 Safari/537.36"
10.143.2.25 - - [21/Jan/2022:09:33:45 +0000] "GET /imp/themes/default/graphics/folders/spam.png HTTP/1.1" 200 795 "https://mail.smith.russellmitchell.com/imp/themes/default/screen.css" "Mozilla/5.0 (X11; Linux x86_64) AppleWebKit/537.36 (KHTML, like Gecko) HeadlessChrome/97.0.4692.71 Safari/537.36"
10.143.2.25 - - [21/Jan/2022:09:33:45 +0000] "GET /imp/themes/default/graphics/folders/drafts.png HTTP/1.1" 200 788 "https://mail.smith.russellmitchell.com/imp/themes/default/screen.css" "Mozilla/5.0 (X11; Linux x86_64) AppleWebKit/537.36 (KHTML, like Gecko) HeadlessChrome/97.0.4692.71 Safari/537.36"
10.143.2.25 - - [21/Jan/2022:09:33:45 +0000] "GET /imp/themes/default/graphics/folders/folder.png HTTP/1.1" 200 516 "https://mail.smith.russellmitchell.com/imp/themes/default/dynamic/screen.css" "Mozilla/5.0 (X11; Linux x86_64) AppleWebKit/537.36 (KHTML, like Gecko) HeadlessChrome/97.0.4692.71 Safari/537.36"
10.143.2.25 - - [21/Jan/2022:09:33:45 +0000] "GET /imp/themes/default/graphics/folders/plus.png HTTP/1.1" 200 657 "https://mail.smith.russellmitchell.com/imp/themes/default/dynamic/screen.css" "Mozilla/5.0 (X11; Linux x86_64) AppleWebKit/537.36 (KHTML, like Gecko) HeadlessChrome/97.0.4692.71 Safari/537.36"
10.143.2.25 - - [21/Jan/2022:09:33:45 +0000] "GET /imp/themes/default/graphics/favicon.ico HTTP/1.1" 200 2064 "https://mail.smith.russellmitchell.com/imp/dynamic.php?page=mailbox" "Mozilla/5.0 (X11; Linux x86_64) AppleWebKit/537.36 (KHTML, like Gecko) HeadlessChrome/97.0.4692.71 Safari/537.36"
172.19.131.174 - - [21/Jan/2022:09:34:08 +0000] "POST /mnemo/memo.php HTTP/1.1" 302 1046 "https://mail.smith.russellmitchell.com/mnemo/memo.php?actionID=add_memo" "Mozilla/5.0 (X11; Ubuntu; Linux x86_64; rv:86.0) Gecko/20100101 Firefox/86.0"
172.19.131.174 - - [21/Jan/2022:09:34:08 +0000] "GET /mnemo/list.php HTTP/1.1" 200 6747 "https://mail.smith.russellmitchell.com/mnemo/memo.php?actionID=add_memo" "Mozilla/5.0 (X11; Ubuntu; Linux x86_64; rv:86.0) Gecko/20100101 Firefox/86.0"
10.143.3.65 - - [21/Jan/2022:09:34:11 +0000] "GET /nag/task.php?actionID=add_task HTTP/1.1" 200 10191 "https://mail.smith.russellmitchell.com/nag/list.php" "Mozilla/5.0 (X11; Ubuntu; Linux x86_64; rv:86.0) Gecko/20100101 Firefox/86.0"
10.143.3.65 - - [21/Jan/2022:09:34:20 +0000] "POST /services/ajax.php/horde/imple?token=wQrYv95h2OvHejnB9tMKIcS&app=nag&imple=Nag_Ajax_Imple_TagAutoCompleter&input=tags HTTP/1.1" 200 984 "https://mail.smith.russellmitchell.com/nag/task.php?actionID=add_task" "Mozilla/5.0 (X11; Ubuntu; Linux x86_64; rv:86.0) Gecko/20100101 Firefox/86.0"
10.143.3.65 - - [21/Jan/2022:09:34:25 +0000] "POST /nag/task/save.php HTTP/1.1" 302 468 "https://mail.smith.russellmitchell.com/nag/task.php?actionID=add_task" "Mozilla/5.0 (X11; Ubuntu; Linux x86_64; rv:86.0) Gecko/20100101 Firefox/86.0"
10.143.3.65 - - [21/Jan/2022:09:34:25 +0000] "GET /nag/list.php HTTP/1.1" 200 10421 "https://mail.smith.russellmitchell.com/nag/task.php?actionID=add_task" "Mozilla/5.0 (X11; Ubuntu; Linux x86_64; rv:86.0) Gecko/20100101 Firefox/86.0"
10.143.3.65 - - [21/Jan/2022:09:35:06 +0000] "GET /nag/task.php?tasklist=KO7vz7Bnb8OdPe8OZ1nh8fz&task=drSZ1QBMvp6O4Ab_lWItGDP&actionID=modify_task&have_search&tab_name=1&url=%2Fnag%2Flist.php HTTP/1.1" 200 10365 "-" "Mozilla/5.0 (X11; Ubuntu; Linux x86_64; rv:86.0) Gecko/20100101 Firefox/86.0"
10.143.3.65 - - [21/Jan/2022:09:35:30 +0000] "POST /nag/task/save.php HTTP/1.1" 302 1044 "https://mail.smith.russellmitchell.com/nag/task.php?tasklist=KO7vz7Bnb8OdPe8OZ1nh8fz&task=drSZ1QBMvp6O4Ab_lWItGDP&actionID=modify_task&have_search&tab_name=1&url=%2Fnag%2Flist.php" "Mozilla/5.0 (X11; Ubuntu; Linux x86_64; rv:86.0) Gecko/20100101 Firefox/86.0"
10.143.3.65 - - [21/Jan/2022:09:35:30 +0000] "GET /nag/list.php HTTP/1.1" 200 10345 "https://mail.smith.russellmitchell.com/nag/task.php?tasklist=KO7vz7Bnb8OdPe8OZ1nh8fz&task=drSZ1QBMvp6O4Ab_lWItGDP&actionID=modify_task&have_search&tab_name=1&url=%2Fnag%2Flist.php" "Mozilla/5.0 (X11; Ubuntu; Linux x86_64; rv:86.0) Gecko/20100101 Firefox/86.0"
172.19.131.174 - - [21/Jan/2022:09:36:47 +0000] "GET /kronolith/ HTTP/1.1" 200 25549 "https://mail.smith.russellmitchell.com/mnemo/list.php" "Mozilla/5.0 (X11; Ubuntu; Linux x86_64; rv:86.0) Gecko/20100101 Firefox/86.0"
172.19.131.174 - - [21/Jan/2022:09:36:47 +0000] "POST /services/ajax.php/kronolith/listCalendars HTTP/1.1" 200 1035 "https://mail.smith.russellmitchell.com/kronolith/" "Mozilla/5.0 (X11; Ubuntu; Linux x86_64; rv:86.0) Gecko/20100101 Firefox/86.0"
172.19.131.174 - - [21/Jan/2022:09:36:48 +0000] "POST /services/ajax.php/kronolith/listEvents HTTP/1.1" 200 1069 "https://mail.smith.russellmitchell.com/kronolith/" "Mozilla/5.0 (X11; Ubuntu; Linux x86_64; rv:86.0) Gecko/20100101 Firefox/86.0"
172.19.131.174 - - [21/Jan/2022:09:36:48 +0000] "POST /services/ajax.php/kronolith/listEvents HTTP/1.1" 200 1180 "https://mail.smith.russellmitchell.com/kronolith/" "Mozilla/5.0 (X11; Ubuntu; Linux x86_64; rv:86.0) Gecko/20100101 Firefox/86.0"
172.19.131.174 - - [21/Jan/2022:09:37:02 +0000] "POST /services/ajax.php/kronolith/getEvent HTTP/1.1" 200 1473 "https://mail.smith.russellmitchell.com/kronolith/" "Mozilla/5.0 (X11; Ubuntu; Linux x86_64; rv:86.0) Gecko/20100101 Firefox/86.0"
172.19.131.174 - - [21/Jan/2022:09:37:02 +0000] "POST /services/ajax.php/kronolith/listTopTags HTTP/1.1" 200 487 "https://mail.smith.russellmitchell.com/kronolith/" "Mozilla/5.0 (X11; Ubuntu; Linux x86_64; rv:86.0) Gecko/20100101 Firefox/86.0"
10.143.2.25 - - [21/Jan/2022:09:37:11 +0000] "GET /kronolith/ HTTP/1.1" 200 25559 "https://mail.smith.russellmitchell.com/imp/dynamic.php?page=mailbox" "Mozilla/5.0 (X11; Linux x86_64) AppleWebKit/537.36 (KHTML, like Gecko) HeadlessChrome/97.0.4692.71 Safari/537.36"
10.143.2.25 - - [21/Jan/2022:09:37:12 +0000] "GET /kronolith/themes/default/screen.css HTTP/1.1" 200 2854 "https://mail.smith.russellmitchell.com/kronolith/" "Mozilla/5.0 (X11; Linux x86_64) AppleWebKit/537.36 (KHTML, like Gecko) HeadlessChrome/97.0.4692.71 Safari/537.36"
10.143.2.25 - - [21/Jan/2022:09:37:12 +0000] "GET /js/keynavlist.js?v=d0d0749382c4cc649651134fc974b2e8 HTTP/1.1" 200 2916 "https://mail.smith.russellmitchell.com/kronolith/" "Mozilla/5.0 (X11; Linux x86_64) AppleWebKit/537.36 (KHTML, like Gecko) HeadlessChrome/97.0.4692.71 Safari/537.36"
10.143.2.25 - - [21/Jan/2022:09:37:12 +0000] "GET /js/autocomplete.js?v=d0d0749382c4cc649651134fc974b2e8 HTTP/1.1" 200 3195 "https://mail.smith.russellmitchell.com/kronolith/" "Mozilla/5.0 (X11; Linux x86_64) AppleWebKit/537.36 (KHTML, like Gecko) HeadlessChrome/97.0.4692.71 Safari/537.36"
10.143.2.25 - - [21/Jan/2022:09:37:12 +0000] "GET /js/prettyautocomplete.js?v=d0d0749382c4cc649651134fc974b2e8 HTTP/1.1" 200 3463 "https://mail.smith.russellmitchell.com/kronolith/" "Mozilla/5.0 (X11; Linux x86_64) AppleWebKit/537.36 (KHTML, like Gecko) HeadlessChrome/97.0.4692.71 Safari/537.36"
10.143.2.25 - - [21/Jan/2022:09:37:12 +0000] "GET /js/tooltips.js?v=d0d0749382c4cc649651134fc974b2e8 HTTP/1.1" 200 1318 "https://mail.smith.russellmitchell.com/kronolith/" "Mozilla/5.0 (X11; Linux x86_64) AppleWebKit/537.36 (KHTML, like Gecko) HeadlessChrome/97.0.4692.71 Safari/537.36"
10.143.2.25 - - [21/Jan/2022:09:37:12 +0000] "GET /js/calendar.js?v=d0d0749382c4cc649651134fc974b2e8 HTTP/1.1" 200 2934 "https://mail.smith.russellmitchell.com/kronolith/" "Mozilla/5.0 (X11; Linux x86_64) AppleWebKit/537.36 (KHTML, like Gecko) HeadlessChrome/97.0.4692.71 Safari/537.36"
10.143.2.25 - - [21/Jan/2022:09:37:12 +0000] "GET /kronolith/themes/default/webkit.css HTTP/1.1" 200 1029 "https://mail.smith.russellmitchell.com/kronolith/" "Mozilla/5.0 (X11; Linux x86_64) AppleWebKit/537.36 (KHTML, like Gecko) HeadlessChrome/97.0.4692.71 Safari/537.36"
10.143.2.25 - - [21/Jan/2022:09:37:12 +0000] "GET /kronolith/themes/default/dynamic/screen.css HTTP/1.1" 200 4449 "https://mail.smith.russellmitchell.com/kronolith/" "Mozilla/5.0 (X11; Linux x86_64) AppleWebKit/537.36 (KHTML, like Gecko) HeadlessChrome/97.0.4692.71 Safari/537.36"
10.143.2.25 - - [21/Jan/2022:09:37:12 +0000] "GET /kronolith/themes/default/graphics/left.png HTTP/1.1" 200 598 "https://mail.smith.russellmitchell.com/kronolith/themes/default/screen.css" "Mozilla/5.0 (X11; Linux x86_64) AppleWebKit/537.36 (KHTML, like Gecko) HeadlessChrome/97.0.4692.71 Safari/537.36"
10.143.2.25 - - [21/Jan/2022:09:37:12 +0000] "GET /kronolith/js/dragdrop2.js?v=839a6380454bbd865d6aa6063c84bc2b HTTP/1.1" 200 7369 "https://mail.smith.russellmitchell.com/kronolith/" "Mozilla/5.0 (X11; Linux x86_64) AppleWebKit/537.36 (KHTML, like Gecko) HeadlessChrome/97.0.4692.71 Safari/537.36"
10.143.2.25 - - [21/Jan/2022:09:37:12 +0000] "GET /js/liquidmetal.js?v=d0d0749382c4cc649651134fc974b2e8 HTTP/1.1" 200 2351 "https://mail.smith.russellmitchell.com/kronolith/" "Mozilla/5.0 (X11; Linux x86_64) AppleWebKit/537.36 (KHTML, like Gecko) HeadlessChrome/97.0.4692.71 Safari/537.36"
10.143.2.25 - - [21/Jan/2022:09:37:12 +0000] "GET /kronolith/themes/default/graphics/right.png HTTP/1.1" 200 588 "https://mail.smith.russellmitchell.com/kronolith/themes/default/screen.css" "Mozilla/5.0 (X11; Linux x86_64) AppleWebKit/537.36 (KHTML, like Gecko) HeadlessChrome/97.0.4692.71 Safari/537.36"
10.143.2.25 - - [21/Jan/2022:09:37:12 +0000] "GET /kronolith/themes/default/graphics/dayview.png HTTP/1.1" 200 655 "https://mail.smith.russellmitchell.com/kronolith/themes/default/screen.css" "Mozilla/5.0 (X11; Linux x86_64) AppleWebKit/537.36 (KHTML, like Gecko) HeadlessChrome/97.0.4692.71 Safari/537.36"
10.143.2.25 - - [21/Jan/2022:09:37:12 +0000] "GET /kronolith/themes/default/graphics/weekview.png HTTP/1.1" 200 609 "https://mail.smith.russellmitchell.com/kronolith/themes/default/screen.css" "Mozilla/5.0 (X11; Linux x86_64) AppleWebKit/537.36 (KHTML, like Gecko) HeadlessChrome/97.0.4692.71 Safari/537.36"
10.143.2.25 - - [21/Jan/2022:09:37:12 +0000] "GET /kronolith/themes/default/graphics/workweekview.png HTTP/1.1" 200 609 "https://mail.smith.russellmitchell.com/kronolith/themes/default/screen.css" "Mozilla/5.0 (X11; Linux x86_64) AppleWebKit/537.36 (KHTML, like Gecko) HeadlessChrome/97.0.4692.71 Safari/537.36"
10.143.2.25 - - [21/Jan/2022:09:37:12 +0000] "GET /kronolith/themes/default/graphics/monthview.png HTTP/1.1" 200 664 "https://mail.smith.russellmitchell.com/kronolith/themes/default/screen.css" "Mozilla/5.0 (X11; Linux x86_64) AppleWebKit/537.36 (KHTML, like Gecko) HeadlessChrome/97.0.4692.71 Safari/537.36"
10.143.2.25 - - [21/Jan/2022:09:37:12 +0000] "GET /kronolith/themes/default/graphics/yearview.png HTTP/1.1" 200 607 "https://mail.smith.russellmitchell.com/kronolith/themes/default/screen.css" "Mozilla/5.0 (X11; Linux x86_64) AppleWebKit/537.36 (KHTML, like Gecko) HeadlessChrome/97.0.4692.71 Safari/537.36"
10.143.2.25 - - [21/Jan/2022:09:37:12 +0000] "GET /kronolith/themes/default/graphics/tasks.png HTTP/1.1" 200 920 "https://mail.smith.russellmitchell.com/kronolith/themes/default/screen.css" "Mozilla/5.0 (X11; Linux x86_64) AppleWebKit/537.36 (KHTML, like Gecko) HeadlessChrome/97.0.4692.71 Safari/537.36"
10.143.2.25 - - [21/Jan/2022:09:37:12 +0000] "GET /kronolith/themes/default/graphics/new.png HTTP/1.1" 200 866 "https://mail.smith.russellmitchell.com/kronolith/themes/default/dynamic/screen.css" "Mozilla/5.0 (X11; Linux x86_64) AppleWebKit/537.36 (KHTML, like Gecko) HeadlessChrome/97.0.4692.71 Safari/537.36"
10.143.2.25 - - [21/Jan/2022:09:37:12 +0000] "GET /themes/default/graphics/sidebar-split.png HTTP/1.1" 200 391 "https://mail.smith.russellmitchell.com/themes/default/screen.css" "Mozilla/5.0 (X11; Linux x86_64) AppleWebKit/537.36 (KHTML, like Gecko) HeadlessChrome/97.0.4692.71 Safari/537.36"
10.143.2.25 - - [21/Jan/2022:09:37:12 +0000] "GET /kronolith/js/kronolith.js?v=839a6380454bbd865d6aa6063c84bc2b HTTP/1.1" 200 51692 "https://mail.smith.russellmitchell.com/kronolith/" "Mozilla/5.0 (X11; Linux x86_64) AppleWebKit/537.36 (KHTML, like Gecko) HeadlessChrome/97.0.4692.71 Safari/537.36"
10.143.2.25 - - [21/Jan/2022:09:37:12 +0000] "POST /services/ajax.php/kronolith/listCalendars HTTP/1.1" 200 1037 "https://mail.smith.russellmitchell.com/kronolith/" "Mozilla/5.0 (X11; Linux x86_64) AppleWebKit/537.36 (KHTML, like Gecko) HeadlessChrome/97.0.4692.71 Safari/537.36"
10.143.2.25 - - [21/Jan/2022:09:37:12 +0000] "GET /kronolith/themes/default/graphics/loading.gif HTTP/1.1" 200 2823 "https://mail.smith.russellmitchell.com/kronolith/themes/default/dynamic/screen.css" "Mozilla/5.0 (X11; Linux x86_64) AppleWebKit/537.36 (KHTML, like Gecko) HeadlessChrome/97.0.4692.71 Safari/537.36"
10.143.2.25 - - [21/Jan/2022:09:37:12 +0000] "GET /themes/default/graphics/edit-sidebar-fff.png HTTP/1.1" 200 525 "https://mail.smith.russellmitchell.com/themes/default/screen.css" "Mozilla/5.0 (X11; Linux x86_64) AppleWebKit/537.36 (KHTML, like Gecko) HeadlessChrome/97.0.4692.71 Safari/537.36"
10.143.2.25 - - [21/Jan/2022:09:37:12 +0000] "GET /themes/default/graphics/checkbox_on.png HTTP/1.1" 200 783 "https://mail.smith.russellmitchell.com/themes/default/screen.css" "Mozilla/5.0 (X11; Linux x86_64) AppleWebKit/537.36 (KHTML, like Gecko) HeadlessChrome/97.0.4692.71 Safari/537.36"
10.143.2.25 - - [21/Jan/2022:09:37:12 +0000] "POST /services/ajax.php/kronolith/listEvents HTTP/1.1" 200 604 "https://mail.smith.russellmitchell.com/kronolith/" "Mozilla/5.0 (X11; Linux x86_64) AppleWebKit/537.36 (KHTML, like Gecko) HeadlessChrome/97.0.4692.71 Safari/537.36"
10.143.2.25 - - [21/Jan/2022:09:37:12 +0000] "POST /services/ajax.php/kronolith/listEvents HTTP/1.1" 200 597 "https://mail.smith.russellmitchell.com/kronolith/" "Mozilla/5.0 (X11; Linux x86_64) AppleWebKit/537.36 (KHTML, like Gecko) HeadlessChrome/97.0.4692.71 Safari/537.36"
172.19.131.174 - - [21/Jan/2022:09:37:48 +0000] "POST /services/ajax.php/kronolith/poll HTTP/1.1" 200 1000 "https://mail.smith.russellmitchell.com/kronolith/" "Mozilla/5.0 (X11; Ubuntu; Linux x86_64; rv:86.0) Gecko/20100101 Firefox/86.0"
10.143.3.65 - - [21/Jan/2022:09:37:56 +0000] "GET /mnemo/ HTTP/1.1" 200 7168 "https://mail.smith.russellmitchell.com/nag/list.php" "Mozilla/5.0 (X11; Ubuntu; Linux x86_64; rv:86.0) Gecko/20100101 Firefox/86.0"
10.143.3.65 - - [21/Jan/2022:09:37:56 +0000] "GET /mnemo/themes/default/screen.css HTTP/1.1" 200 1061 "https://mail.smith.russellmitchell.com/mnemo/" "Mozilla/5.0 (X11; Ubuntu; Linux x86_64; rv:86.0) Gecko/20100101 Firefox/86.0"
10.143.3.65 - - [21/Jan/2022:09:37:56 +0000] "GET /mnemo/js/list.js?v=0fdb5db59031a398d8e995b4ce9765c9 HTTP/1.1" 200 982 "https://mail.smith.russellmitchell.com/mnemo/" "Mozilla/5.0 (X11; Ubuntu; Linux x86_64; rv:86.0) Gecko/20100101 Firefox/86.0"
10.143.3.65 - - [21/Jan/2022:09:37:56 +0000] "GET /mnemo/themes/default/graphics/mnemo.png HTTP/1.1" 200 703 "https://mail.smith.russellmitchell.com/mnemo/themes/default/screen.css" "Mozilla/5.0 (X11; Ubuntu; Linux x86_64; rv:86.0) Gecko/20100101 Firefox/86.0"
10.143.3.65 - - [21/Jan/2022:09:37:56 +0000] "GET /mnemo/themes/default/graphics/search.png HTTP/1.1" 200 1342 "https://mail.smith.russellmitchell.com/mnemo/themes/default/screen.css" "Mozilla/5.0 (X11; Ubuntu; Linux x86_64; rv:86.0) Gecko/20100101 Firefox/86.0"
10.143.3.65 - - [21/Jan/2022:09:37:56 +0000] "GET /mnemo/themes/default/graphics/favicon.ico HTTP/1.1" 200 2064 "https://mail.smith.russellmitchell.com/mnemo/" "Mozilla/5.0 (X11; Ubuntu; Linux x86_64; rv:86.0) Gecko/20100101 Firefox/86.0"
172.19.131.174 - - [21/Jan/2022:09:37:59 +0000] "POST /services/ajax.php/kronolith/saveEvent HTTP/1.1" 200 1296 "https://mail.smith.russellmitchell.com/kronolith/" "Mozilla/5.0 (X11; Ubuntu; Linux x86_64; rv:86.0) Gecko/20100101 Firefox/86.0"
10.143.2.25 - - [21/Jan/2022:09:38:12 +0000] "POST /services/ajax.php/kronolith/poll HTTP/1.1" 200 1000 "https://mail.smith.russellmitchell.com/kronolith/" "Mozilla/5.0 (X11; Linux x86_64) AppleWebKit/537.36 (KHTML, like Gecko) HeadlessChrome/97.0.4692.71 Safari/537.36"
10.143.3.65 - - [21/Jan/2022:09:38:15 +0000] "GET /mnemo/memo.php?actionID=add_memo HTTP/1.1" 200 6663 "https://mail.smith.russellmitchell.com/mnemo/" "Mozilla/5.0 (X11; Ubuntu; Linux x86_64; rv:86.0) Gecko/20100101 Firefox/86.0"
10.143.3.65 - - [21/Jan/2022:09:38:15 +0000] "GET /mnemo/js/memo.js?v=0fdb5db59031a398d8e995b4ce9765c9 HTTP/1.1" 200 952 "https://mail.smith.russellmitchell.com/mnemo/memo.php?actionID=add_memo" "Mozilla/5.0 (X11; Ubuntu; Linux x86_64; rv:86.0) Gecko/20100101 Firefox/86.0"
172.19.131.174 - - [21/Jan/2022:09:38:48 +0000] "POST /services/ajax.php/kronolith/poll HTTP/1.1" 200 1000 "https://mail.smith.russellmitchell.com/kronolith/" "Mozilla/5.0 (X11; Ubuntu; Linux x86_64; rv:86.0) Gecko/20100101 Firefox/86.0"
10.143.2.25 - - [21/Jan/2022:09:39:12 +0000] "POST /services/ajax.php/kronolith/poll HTTP/1.1" 200 1000 "https://mail.smith.russellmitchell.com/kronolith/" "Mozilla/5.0 (X11; Linux x86_64) AppleWebKit/537.36 (KHTML, like Gecko) HeadlessChrome/97.0.4692.71 Safari/537.36"
10.143.3.65 - - [21/Jan/2022:09:39:20 +0000] "POST /mnemo/memo.php HTTP/1.1" 302 1046 "https://mail.smith.russellmitchell.com/mnemo/memo.php?actionID=add_memo" "Mozilla/5.0 (X11; Ubuntu; Linux x86_64; rv:86.0) Gecko/20100101 Firefox/86.0"
10.143.3.65 - - [21/Jan/2022:09:39:20 +0000] "GET /mnemo/list.php HTTP/1.1" 200 6953 "https://mail.smith.russellmitchell.com/mnemo/memo.php?actionID=add_memo" "Mozilla/5.0 (X11; Ubuntu; Linux x86_64; rv:86.0) Gecko/20100101 Firefox/86.0"
10.143.3.65 - - [21/Jan/2022:09:39:37 +0000] "GET /mnemo/memo.php?actionID=add_memo HTTP/1.1" 200 6663 "https://mail.smith.russellmitchell.com/mnemo/list.php" "Mozilla/5.0 (X11; Ubuntu; Linux x86_64; rv:86.0) Gecko/20100101 Firefox/86.0"
172.19.131.174 - - [21/Jan/2022:09:39:48 +0000] "POST /services/ajax.php/kronolith/poll HTTP/1.1" 200 1000 "https://mail.smith.russellmitchell.com/kronolith/" "Mozilla/5.0 (X11; Ubuntu; Linux x86_64; rv:86.0) Gecko/20100101 Firefox/86.0"
10.143.2.25 - - [21/Jan/2022:09:40:12 +0000] "POST /services/ajax.php/kronolith/poll HTTP/1.1" 200 1000 "https://mail.smith.russellmitchell.com/kronolith/" "Mozilla/5.0 (X11; Linux x86_64) AppleWebKit/537.36 (KHTML, like Gecko) HeadlessChrome/97.0.4692.71 Safari/537.36"
10.143.3.65 - - [21/Jan/2022:09:40:18 +0000] "POST /mnemo/memo.php HTTP/1.1" 302 1046 "https://mail.smith.russellmitchell.com/mnemo/memo.php?actionID=add_memo" "Mozilla/5.0 (X11; Ubuntu; Linux x86_64; rv:86.0) Gecko/20100101 Firefox/86.0"
10.143.3.65 - - [21/Jan/2022:09:40:18 +0000] "GET /mnemo/list.php HTTP/1.1" 200 7138 "https://mail.smith.russellmitchell.com/mnemo/memo.php?actionID=add_memo" "Mozilla/5.0 (X11; Ubuntu; Linux x86_64; rv:86.0) Gecko/20100101 Firefox/86.0"
10.143.3.65 - - [21/Jan/2022:09:40:38 +0000] "GET /mnemo/memo.php?memo=dX8Vq9vZs-vnpWg-ttWI1Db&memolist=fCMn_d8lIdfu5PC8jq1b3jI&actionID=modify_memo HTTP/1.1" 200 6828 "https://mail.smith.russellmitchell.com/mnemo/list.php" "Mozilla/5.0 (X11; Ubuntu; Linux x86_64; rv:86.0) Gecko/20100101 Firefox/86.0"
172.19.131.174 - - [21/Jan/2022:09:40:48 +0000] "POST /services/ajax.php/kronolith/poll HTTP/1.1" 200 1000 "https://mail.smith.russellmitchell.com/kronolith/" "Mozilla/5.0 (X11; Ubuntu; Linux x86_64; rv:86.0) Gecko/20100101 Firefox/86.0"
10.143.2.25 - - [21/Jan/2022:09:41:12 +0000] "POST /services/ajax.php/kronolith/poll HTTP/1.1" 200 1000 "https://mail.smith.russellmitchell.com/kronolith/" "Mozilla/5.0 (X11; Linux x86_64) AppleWebKit/537.36 (KHTML, like Gecko) HeadlessChrome/97.0.4692.71 Safari/537.36"
172.19.131.174 - - [21/Jan/2022:09:41:47 +0000] "POST /services/ajax.php/horde/topbarUpdate HTTP/1.1" 200 2781 "https://mail.smith.russellmitchell.com/kronolith/" "Mozilla/5.0 (X11; Ubuntu; Linux x86_64; rv:86.0) Gecko/20100101 Firefox/86.0"
172.19.131.174 - - [21/Jan/2022:09:41:48 +0000] "POST /services/ajax.php/kronolith/poll HTTP/1.1" 200 424 "https://mail.smith.russellmitchell.com/kronolith/" "Mozilla/5.0 (X11; Ubuntu; Linux x86_64; rv:86.0) Gecko/20100101 Firefox/86.0"
10.143.3.65 - - [21/Jan/2022:09:42:03 +0000] "POST /mnemo/memo.php HTTP/1.1" 302 1046 "https://mail.smith.russellmitchell.com/mnemo/memo.php?memo=dX8Vq9vZs-vnpWg-ttWI1Db&memolist=fCMn_d8lIdfu5PC8jq1b3jI&actionID=modify_memo" "Mozilla/5.0 (X11; Ubuntu; Linux x86_64; rv:86.0) Gecko/20100101 Firefox/86.0"
10.143.3.65 - - [21/Jan/2022:09:42:03 +0000] "GET /mnemo/list.php HTTP/1.1" 200 7269 "https://mail.smith.russellmitchell.com/mnemo/memo.php?memo=dX8Vq9vZs-vnpWg-ttWI1Db&memolist=fCMn_d8lIdfu5PC8jq1b3jI&actionID=modify_memo" "Mozilla/5.0 (X11; Ubuntu; Linux x86_64; rv:86.0) Gecko/20100101 Firefox/86.0"
10.143.2.25 - - [21/Jan/2022:09:42:12 +0000] "POST /services/ajax.php/horde/topbarUpdate HTTP/1.1" 200 2785 "https://mail.smith.russellmitchell.com/kronolith/" "Mozilla/5.0 (X11; Linux x86_64) AppleWebKit/537.36 (KHTML, like Gecko) HeadlessChrome/97.0.4692.71 Safari/537.36"
10.143.2.25 - - [21/Jan/2022:09:42:12 +0000] "POST /services/ajax.php/kronolith/poll HTTP/1.1" 200 424 "https://mail.smith.russellmitchell.com/kronolith/" "Mozilla/5.0 (X11; Linux x86_64) AppleWebKit/537.36 (KHTML, like Gecko) HeadlessChrome/97.0.4692.71 Safari/537.36"
10.143.3.65 - - [21/Jan/2022:09:42:41 +0000] "GET /mnemo/memo.php?actionID=add_memo HTTP/1.1" 200 6663 "https://mail.smith.russellmitchell.com/mnemo/list.php" "Mozilla/5.0 (X11; Ubuntu; Linux x86_64; rv:86.0) Gecko/20100101 Firefox/86.0"
172.19.131.174 - - [21/Jan/2022:09:42:48 +0000] "POST /services/ajax.php/kronolith/poll HTTP/1.1" 200 1000 "https://mail.smith.russellmitchell.com/kronolith/" "Mozilla/5.0 (X11; Ubuntu; Linux x86_64; rv:86.0) Gecko/20100101 Firefox/86.0"
172.19.131.174 - - [21/Jan/2022:09:43:48 +0000] "POST /services/ajax.php/kronolith/poll HTTP/1.1" 200 1000 "https://mail.smith.russellmitchell.com/kronolith/" "Mozilla/5.0 (X11; Ubuntu; Linux x86_64; rv:86.0) Gecko/20100101 Firefox/86.0"
10.143.3.65 - - [21/Jan/2022:09:44:28 +0000] "POST /mnemo/memo.php HTTP/1.1" 302 1046 "https://mail.smith.russellmitchell.com/mnemo/memo.php?actionID=add_memo" "Mozilla/5.0 (X11; Ubuntu; Linux x86_64; rv:86.0) Gecko/20100101 Firefox/86.0"
10.143.3.65 - - [21/Jan/2022:09:44:28 +0000] "GET /mnemo/list.php HTTP/1.1" 200 7613 "https://mail.smith.russellmitchell.com/mnemo/memo.php?actionID=add_memo" "Mozilla/5.0 (X11; Ubuntu; Linux x86_64; rv:86.0) Gecko/20100101 Firefox/86.0"
172.19.131.174 - - [21/Jan/2022:09:44:48 +0000] "POST /services/ajax.php/kronolith/poll HTTP/1.1" 200 1000 "https://mail.smith.russellmitchell.com/kronolith/" "Mozilla/5.0 (X11; Ubuntu; Linux x86_64; rv:86.0) Gecko/20100101 Firefox/86.0"
172.19.131.174 - - [21/Jan/2022:09:45:48 +0000] "POST /services/ajax.php/kronolith/poll HTTP/1.1" 200 1000 "https://mail.smith.russellmitchell.com/kronolith/" "Mozilla/5.0 (X11; Ubuntu; Linux x86_64; rv:86.0) Gecko/20100101 Firefox/86.0"
172.19.131.174 - - [21/Jan/2022:09:46:47 +0000] "POST /services/ajax.php/horde/topbarUpdate HTTP/1.1" 200 1061 "https://mail.smith.russellmitchell.com/kronolith/" "Mozilla/5.0 (X11; Ubuntu; Linux x86_64; rv:86.0) Gecko/20100101 Firefox/86.0"
172.19.131.174 - - [21/Jan/2022:09:46:48 +0000] "POST /services/ajax.php/kronolith/poll HTTP/1.1" 200 424 "https://mail.smith.russellmitchell.com/kronolith/" "Mozilla/5.0 (X11; Ubuntu; Linux x86_64; rv:86.0) Gecko/20100101 Firefox/86.0"
172.19.131.174 - - [21/Jan/2022:09:47:48 +0000] "POST /services/ajax.php/kronolith/poll HTTP/1.1" 200 1000 "https://mail.smith.russellmitchell.com/kronolith/" "Mozilla/5.0 (X11; Ubuntu; Linux x86_64; rv:86.0) Gecko/20100101 Firefox/86.0"
10.143.3.65 - - [21/Jan/2022:09:48:34 +0000] "GET /imp/dynamic.php?page=mailbox HTTP/1.1" 200 9475 "https://mail.smith.russellmitchell.com/mnemo/list.php" "Mozilla/5.0 (X11; Ubuntu; Linux x86_64; rv:86.0) Gecko/20100101 Firefox/86.0"
10.143.3.65 - - [21/Jan/2022:09:48:35 +0000] "POST /services/ajax.php/imp/dynamicInit HTTP/1.1" 200 2742 "https://mail.smith.russellmitchell.com/imp/dynamic.php?page=mailbox" "Mozilla/5.0 (X11; Ubuntu; Linux x86_64; rv:86.0) Gecko/20100101 Firefox/86.0"
172.19.131.174 - - [21/Jan/2022:09:48:48 +0000] "POST /services/ajax.php/kronolith/poll HTTP/1.1" 200 1000 "https://mail.smith.russellmitchell.com/kronolith/" "Mozilla/5.0 (X11; Ubuntu; Linux x86_64; rv:86.0) Gecko/20100101 Firefox/86.0"
10.143.3.65 - - [21/Jan/2022:09:49:19 +0000] "GET /imp/dynamic.php?page=compose&type=new&token=wQrYv95h2OvHejnB9tMKIcS&uniq=1642758559323 HTTP/1.1" 200 6259 "https://mail.smith.russellmitchell.com/imp/dynamic.php?page=mailbox" "Mozilla/5.0 (X11; Ubuntu; Linux x86_64; rv:86.0) Gecko/20100101 Firefox/86.0"
172.19.131.174 - - [21/Jan/2022:09:49:48 +0000] "POST /services/ajax.php/kronolith/poll HTTP/1.1" 200 1000 "https://mail.smith.russellmitchell.com/kronolith/" "Mozilla/5.0 (X11; Ubuntu; Linux x86_64; rv:86.0) Gecko/20100101 Firefox/86.0"
172.19.131.174 - - [21/Jan/2022:09:50:48 +0000] "POST /services/ajax.php/kronolith/poll HTTP/1.1" 200 1000 "https://mail.smith.russellmitchell.com/kronolith/" "Mozilla/5.0 (X11; Ubuntu; Linux x86_64; rv:86.0) Gecko/20100101 Firefox/86.0"
10.143.3.65 - - [21/Jan/2022:09:50:52 +0000] "POST /services/ajax.php/imp/sendMessage HTTP/1.1" 200 1087 "https://mail.smith.russellmitchell.com/imp/dynamic.php?page=compose&type=new&token=wQrYv95h2OvHejnB9tMKIcS&uniq=1642758559323" "Mozilla/5.0 (X11; Ubuntu; Linux x86_64; rv:86.0) Gecko/20100101 Firefox/86.0"
10.143.3.65 - - [21/Jan/2022:09:50:53 +0000] "GET /imp/themes/default/graphics/flags/unseen-inv.png HTTP/1.1" 200 518 "https://mail.smith.russellmitchell.com/imp/themes/default/dynamic/screen.css" "Mozilla/5.0 (X11; Ubuntu; Linux x86_64; rv:86.0) Gecko/20100101 Firefox/86.0"
10.143.3.65 - - [21/Jan/2022:09:50:53 +0000] "POST /services/ajax.php/imp/showMessage HTTP/1.1" 200 2337 "https://mail.smith.russellmitchell.com/imp/dynamic.php?page=mailbox" "Mozilla/5.0 (X11; Ubuntu; Linux x86_64; rv:86.0) Gecko/20100101 Firefox/86.0"
10.143.3.65 - - [21/Jan/2022:09:51:16 +0000] "POST /services/ajax.php/imp/deleteMessages HTTP/1.1" 200 1076 "https://mail.smith.russellmitchell.com/imp/dynamic.php?page=mailbox" "Mozilla/5.0 (X11; Ubuntu; Linux x86_64; rv:86.0) Gecko/20100101 Firefox/86.0"
10.143.3.65 - - [21/Jan/2022:09:52:08 +0000] "POST /services/ajax.php/imp/showMessage HTTP/1.1" 200 4119 "https://mail.smith.russellmitchell.com/imp/dynamic.php?page=mailbox" "Mozilla/5.0 (X11; Ubuntu; Linux x86_64; rv:86.0) Gecko/20100101 Firefox/86.0"
10.143.3.65 - - [21/Jan/2022:09:52:41 +0000] "POST /services/ajax.php/imp/deleteMessages HTTP/1.1" 200 1074 "https://mail.smith.russellmitchell.com/imp/dynamic.php?page=mailbox" "Mozilla/5.0 (X11; Ubuntu; Linux x86_64; rv:86.0) Gecko/20100101 Firefox/86.0"
10.143.3.65 - - [21/Jan/2022:09:53:35 +0000] "POST /services/ajax.php/horde/topbarUpdate HTTP/1.1" 200 2818 "https://mail.smith.russellmitchell.com/imp/dynamic.php?page=mailbox" "Mozilla/5.0 (X11; Ubuntu; Linux x86_64; rv:86.0) Gecko/20100101 Firefox/86.0"
10.143.2.91 - - [21/Jan/2022:10:15:37 +0000] "GET / HTTP/1.1" 302 471 "-" "Mozilla/5.0 (X11; Ubuntu; Linux x86_64; rv:86.0) Gecko/20100101 Firefox/86.0"
10.143.2.91 - - [21/Jan/2022:10:15:37 +0000] "GET / HTTP/1.1" 302 3695 "-" "Mozilla/5.0 (X11; Ubuntu; Linux x86_64; rv:86.0) Gecko/20100101 Firefox/86.0"
10.143.2.91 - - [21/Jan/2022:10:15:37 +0000] "GET /login.php HTTP/1.1" 200 2450 "-" "Mozilla/5.0 (X11; Ubuntu; Linux x86_64; rv:86.0) Gecko/20100101 Firefox/86.0"
10.143.2.91 - - [21/Jan/2022:10:15:38 +0000] "GET /themes/default/screen.css HTTP/1.1" 200 9649 "https://mail.smith.russellmitchell.com/login.php" "Mozilla/5.0 (X11; Ubuntu; Linux x86_64; rv:86.0) Gecko/20100101 Firefox/86.0"
10.143.2.91 - - [21/Jan/2022:10:15:38 +0000] "GET /themes/default/mozilla.css HTTP/1.1" 200 497 "https://mail.smith.russellmitchell.com/login.php" "Mozilla/5.0 (X11; Ubuntu; Linux x86_64; rv:86.0) Gecko/20100101 Firefox/86.0"
10.143.2.91 - - [21/Jan/2022:10:15:38 +0000] "GET /js/prototype.js?v=d0d0749382c4cc649651134fc974b2e8 HTTP/1.1" 200 41172 "https://mail.smith.russellmitchell.com/login.php" "Mozilla/5.0 (X11; Ubuntu; Linux x86_64; rv:86.0) Gecko/20100101 Firefox/86.0"
10.143.2.91 - - [21/Jan/2022:10:15:38 +0000] "GET /js/accesskeys.js?v=d0d0749382c4cc649651134fc974b2e8 HTTP/1.1" 200 1953 "https://mail.smith.russellmitchell.com/login.php" "Mozilla/5.0 (X11; Ubuntu; Linux x86_64; rv:86.0) Gecko/20100101 Firefox/86.0"
10.143.2.91 - - [21/Jan/2022:10:15:38 +0000] "GET /themes/default/graphics/locked-inv.png HTTP/1.1" 200 625 "https://mail.smith.russellmitchell.com/themes/default/screen.css" "Mozilla/5.0 (X11; Ubuntu; Linux x86_64; rv:86.0) Gecko/20100101 Firefox/86.0"
10.143.2.91 - - [21/Jan/2022:10:15:38 +0000] "GET /themes/default/graphics/button-default.png HTTP/1.1" 200 391 "https://mail.smith.russellmitchell.com/themes/default/screen.css" "Mozilla/5.0 (X11; Ubuntu; Linux x86_64; rv:86.0) Gecko/20100101 Firefox/86.0"
10.143.2.91 - - [21/Jan/2022:10:15:38 +0000] "GET /js/horde.js?v=d0d0749382c4cc649651134fc974b2e8 HTTP/1.1" 200 3229 "https://mail.smith.russellmitchell.com/login.php" "Mozilla/5.0 (X11; Ubuntu; Linux x86_64; rv:86.0) Gecko/20100101 Firefox/86.0"
10.143.2.91 - - [21/Jan/2022:10:15:38 +0000] "GET /themes/default/graphics/horde-power1.png HTTP/1.1" 200 3163 "https://mail.smith.russellmitchell.com/login.php" "Mozilla/5.0 (X11; Ubuntu; Linux x86_64; rv:86.0) Gecko/20100101 Firefox/86.0"
10.143.2.91 - - [21/Jan/2022:10:15:38 +0000] "GET /js/login.js?v=d0d0749382c4cc649651134fc974b2e8 HTTP/1.1" 200 2066 "https://mail.smith.russellmitchell.com/login.php" "Mozilla/5.0 (X11; Ubuntu; Linux x86_64; rv:86.0) Gecko/20100101 Firefox/86.0"
10.143.2.91 - - [21/Jan/2022:10:15:38 +0000] "GET /themes/default/graphics/favicon.ico HTTP/1.1" 200 1239 "https://mail.smith.russellmitchell.com/login.php" "Mozilla/5.0 (X11; Ubuntu; Linux x86_64; rv:86.0) Gecko/20100101 Firefox/86.0"
10.143.2.91 - - [21/Jan/2022:10:15:43 +0000] "POST /login.php HTTP/1.1" 302 1300 "https://mail.smith.russellmitchell.com/login.php" "Mozilla/5.0 (X11; Ubuntu; Linux x86_64; rv:86.0) Gecko/20100101 Firefox/86.0"
10.143.2.91 - - [21/Jan/2022:10:15:44 +0000] "GET /imp/dynamic.php?page=mailbox HTTP/1.1" 200 8899 "https://mail.smith.russellmitchell.com/login.php" "Mozilla/5.0 (X11; Ubuntu; Linux x86_64; rv:86.0) Gecko/20100101 Firefox/86.0"
10.143.2.91 - - [21/Jan/2022:10:15:44 +0000] "GET /imp/themes/default/mime.css HTTP/1.1" 200 494 "https://mail.smith.russellmitchell.com/imp/dynamic.php?page=mailbox" "Mozilla/5.0 (X11; Ubuntu; Linux x86_64; rv:86.0) Gecko/20100101 Firefox/86.0"
10.143.2.91 - - [21/Jan/2022:10:15:44 +0000] "GET /imp/themes/default/screen.css HTTP/1.1" 200 3354 "https://mail.smith.russellmitchell.com/imp/dynamic.php?page=mailbox" "Mozilla/5.0 (X11; Ubuntu; Linux x86_64; rv:86.0) Gecko/20100101 Firefox/86.0"
10.143.2.91 - - [21/Jan/2022:10:15:44 +0000] "GET /imp/themes/default/dynamic/screen.css HTTP/1.1" 200 5383 "https://mail.smith.russellmitchell.com/imp/dynamic.php?page=mailbox" "Mozilla/5.0 (X11; Ubuntu; Linux x86_64; rv:86.0) Gecko/20100101 Firefox/86.0"
10.143.2.91 - - [21/Jan/2022:10:15:44 +0000] "GET /imp/js/dimpcore.js?v=b2b582864b8fa969bd5860bc72f0d3da HTTP/1.1" 200 4298 "https://mail.smith.russellmitchell.com/imp/dynamic.php?page=mailbox" "Mozilla/5.0 (X11; Ubuntu; Linux x86_64; rv:86.0) Gecko/20100101 Firefox/86.0"
10.143.2.91 - - [21/Jan/2022:10:15:44 +0000] "GET /js/hordecore.js?v=d0d0749382c4cc649651134fc974b2e8 HTTP/1.1" 200 7110 "https://mail.smith.russellmitchell.com/imp/dynamic.php?page=mailbox" "Mozilla/5.0 (X11; Ubuntu; Linux x86_64; rv:86.0) Gecko/20100101 Firefox/86.0"
10.143.2.91 - - [21/Jan/2022:10:15:44 +0000] "GET /imp/js/viewport_utils.js?v=b2b582864b8fa969bd5860bc72f0d3da HTTP/1.1" 200 1680 "https://mail.smith.russellmitchell.com/imp/dynamic.php?page=mailbox" "Mozilla/5.0 (X11; Ubuntu; Linux x86_64; rv:86.0) Gecko/20100101 Firefox/86.0"
10.143.2.91 - - [21/Jan/2022:10:15:44 +0000] "GET /js/contextsensitive.js?v=d0d0749382c4cc649651134fc974b2e8 HTTP/1.1" 200 4848 "https://mail.smith.russellmitchell.com/imp/dynamic.php?page=mailbox" "Mozilla/5.0 (X11; Ubuntu; Linux x86_64; rv:86.0) Gecko/20100101 Firefox/86.0"
10.143.2.91 - - [21/Jan/2022:10:15:44 +0000] "GET /imp/js/passphrase.js?v=b2b582864b8fa969bd5860bc72f0d3da HTTP/1.1" 200 861 "https://mail.smith.russellmitchell.com/imp/dynamic.php?page=mailbox" "Mozilla/5.0 (X11; Ubuntu; Linux x86_64; rv:86.0) Gecko/20100101 Firefox/86.0"
