10.143.2.25 - - [23/Jan/2022:08:31:01 +0000] "GET /turba/themes/default/screen.css HTTP/1.1" 200 1335 "https://mail.smith.russellmitchell.com/turba/" "Mozilla/5.0 (X11; Linux x86_64) AppleWebKit/537.36 (KHTML, like Gecko) HeadlessChrome/97.0.4692.71 Safari/537.36"
10.143.2.25 - - [23/Jan/2022:08:31:01 +0000] "GET /turba/js/search.js?v=eda5828c1e506c15900222f7df71d86f HTTP/1.1" 200 1053 "https://mail.smith.russellmitchell.com/turba/" "Mozilla/5.0 (X11; Linux x86_64) AppleWebKit/537.36 (KHTML, like Gecko) HeadlessChrome/97.0.4692.71 Safari/537.36"
10.143.2.25 - - [23/Jan/2022:08:31:01 +0000] "GET /turba/themes/default/graphics/menu/browse.png HTTP/1.1" 200 774 "https://mail.smith.russellmitchell.com/turba/themes/default/screen.css" "Mozilla/5.0 (X11; Linux x86_64) AppleWebKit/537.36 (KHTML, like Gecko) HeadlessChrome/97.0.4692.71 Safari/537.36"
10.143.2.25 - - [23/Jan/2022:08:31:01 +0000] "GET /turba/themes/default/graphics/search.png HTTP/1.1" 200 701 "https://mail.smith.russellmitchell.com/turba/themes/default/screen.css" "Mozilla/5.0 (X11; Linux x86_64) AppleWebKit/537.36 (KHTML, like Gecko) HeadlessChrome/97.0.4692.71 Safari/537.36"
10.143.2.25 - - [23/Jan/2022:08:31:01 +0000] "GET /js/redbox.js?v=d0d0749382c4cc649651134fc974b2e8 HTTP/1.1" 200 2224 "https://mail.smith.russellmitchell.com/turba/" "Mozilla/5.0 (X11; Linux x86_64) AppleWebKit/537.36 (KHTML, like Gecko) HeadlessChrome/97.0.4692.71 Safari/537.36"
10.143.2.25 - - [23/Jan/2022:08:31:01 +0000] "GET /themes/default/graphics/radiobox_on.png HTTP/1.1" 200 1470 "https://mail.smith.russellmitchell.com/themes/default/screen.css" "Mozilla/5.0 (X11; Linux x86_64) AppleWebKit/537.36 (KHTML, like Gecko) HeadlessChrome/97.0.4692.71 Safari/537.36"
10.143.3.65 - - [23/Jan/2022:08:31:01 +0000] "POST /services/ajax.php/kronolith/poll HTTP/1.1" 200 1000 "https://mail.smith.russellmitchell.com/kronolith/" "Mozilla/5.0 (X11; Ubuntu; Linux x86_64; rv:86.0) Gecko/20100101 Firefox/86.0"
10.143.2.25 - - [23/Jan/2022:08:31:12 +0000] "GET /turba/browse.php HTTP/1.1" 200 6749 "https://mail.smith.russellmitchell.com/turba/" "Mozilla/5.0 (X11; Linux x86_64) AppleWebKit/537.36 (KHTML, like Gecko) HeadlessChrome/97.0.4692.71 Safari/537.36"
10.143.2.25 - - [23/Jan/2022:08:31:13 +0000] "GET /turba/themes/default/screen.css HTTP/1.1" 200 1335 "https://mail.smith.russellmitchell.com/turba/browse.php" "Mozilla/5.0 (X11; Linux x86_64) AppleWebKit/537.36 (KHTML, like Gecko) HeadlessChrome/97.0.4692.71 Safari/537.36"
10.143.2.25 - - [23/Jan/2022:08:31:13 +0000] "GET /turba/js/browse.js?v=eda5828c1e506c15900222f7df71d86f HTTP/1.1" 200 1003 "https://mail.smith.russellmitchell.com/turba/browse.php" "Mozilla/5.0 (X11; Linux x86_64) AppleWebKit/537.36 (KHTML, like Gecko) HeadlessChrome/97.0.4692.71 Safari/537.36"
10.143.2.25 - - [23/Jan/2022:08:31:13 +0000] "GET /turba/themes/default/graphics/delete.png HTTP/1.1" 200 618 "https://mail.smith.russellmitchell.com/turba/themes/default/screen.css" "Mozilla/5.0 (X11; Linux x86_64) AppleWebKit/537.36 (KHTML, like Gecko) HeadlessChrome/97.0.4692.71 Safari/537.36"
10.143.2.25 - - [23/Jan/2022:08:31:13 +0000] "GET /turba/themes/default/graphics/edit.png HTTP/1.1" 200 598 "https://mail.smith.russellmitchell.com/turba/themes/default/screen.css" "Mozilla/5.0 (X11; Linux x86_64) AppleWebKit/537.36 (KHTML, like Gecko) HeadlessChrome/97.0.4692.71 Safari/537.36"
10.143.2.25 - - [23/Jan/2022:08:31:13 +0000] "GET /turba/themes/default/graphics/group.png HTTP/1.1" 200 1383 "https://mail.smith.russellmitchell.com/turba/themes/default/screen.css" "Mozilla/5.0 (X11; Linux x86_64) AppleWebKit/537.36 (KHTML, like Gecko) HeadlessChrome/97.0.4692.71 Safari/537.36"
10.143.2.25 - - [23/Jan/2022:08:31:13 +0000] "GET /turba/themes/default/graphics/mime/vcard.png HTTP/1.1" 200 1211 "https://mail.smith.russellmitchell.com/turba/themes/default/screen.css" "Mozilla/5.0 (X11; Linux x86_64) AppleWebKit/537.36 (KHTML, like Gecko) HeadlessChrome/97.0.4692.71 Safari/537.36"
10.143.2.25 - - [23/Jan/2022:08:31:26 +0000] "GET /turba/add.php HTTP/1.1" 200 22295 "https://mail.smith.russellmitchell.com/turba/browse.php" "Mozilla/5.0 (X11; Linux x86_64) AppleWebKit/537.36 (KHTML, like Gecko) HeadlessChrome/97.0.4692.71 Safari/537.36"
10.143.2.25 - - [23/Jan/2022:08:31:26 +0000] "GET /turba/themes/default/screen.css HTTP/1.1" 200 1335 "https://mail.smith.russellmitchell.com/turba/add.php" "Mozilla/5.0 (X11; Linux x86_64) AppleWebKit/537.36 (KHTML, like Gecko) HeadlessChrome/97.0.4692.71 Safari/537.36"
10.143.2.25 - - [23/Jan/2022:08:31:26 +0000] "GET /js/form_sections.js?v=d0d0749382c4cc649651134fc974b2e8 HTTP/1.1" 200 985 "https://mail.smith.russellmitchell.com/turba/add.php" "Mozilla/5.0 (X11; Linux x86_64) AppleWebKit/537.36 (KHTML, like Gecko) HeadlessChrome/97.0.4692.71 Safari/537.36"
10.143.2.25 - - [23/Jan/2022:08:31:26 +0000] "GET /js/calendar.js?v=d0d0749382c4cc649651134fc974b2e8 HTTP/1.1" 200 2934 "https://mail.smith.russellmitchell.com/turba/add.php" "Mozilla/5.0 (X11; Linux x86_64) AppleWebKit/537.36 (KHTML, like Gecko) HeadlessChrome/97.0.4692.71 Safari/537.36"
10.143.2.25 - - [23/Jan/2022:08:31:26 +0000] "GET /js/liquidmetal.js?v=d0d0749382c4cc649651134fc974b2e8 HTTP/1.1" 200 2351 "https://mail.smith.russellmitchell.com/turba/add.php" "Mozilla/5.0 (X11; Linux x86_64) AppleWebKit/537.36 (KHTML, like Gecko) HeadlessChrome/97.0.4692.71 Safari/537.36"
10.143.2.25 - - [23/Jan/2022:08:31:26 +0000] "GET /js/image.js?v=d0d0749382c4cc649651134fc974b2e8 HTTP/1.1" 200 1661 "https://mail.smith.russellmitchell.com/turba/add.php" "Mozilla/5.0 (X11; Linux x86_64) AppleWebKit/537.36 (KHTML, like Gecko) HeadlessChrome/97.0.4692.71 Safari/537.36"
10.143.2.25 - - [23/Jan/2022:08:31:26 +0000] "GET /js/imple.js?v=d0d0749382c4cc649651134fc974b2e8 HTTP/1.1" 200 3998 "https://mail.smith.russellmitchell.com/turba/add.php" "Mozilla/5.0 (X11; Linux x86_64) AppleWebKit/537.36 (KHTML, like Gecko) HeadlessChrome/97.0.4692.71 Safari/537.36"
10.143.2.25 - - [23/Jan/2022:08:31:26 +0000] "GET /js/autocomplete.js?v=d0d0749382c4cc649651134fc974b2e8 HTTP/1.1" 200 3771 "https://mail.smith.russellmitchell.com/turba/add.php" "Mozilla/5.0 (X11; Linux x86_64) AppleWebKit/537.36 (KHTML, like Gecko) HeadlessChrome/97.0.4692.71 Safari/537.36"
10.143.2.25 - - [23/Jan/2022:08:31:26 +0000] "GET /js/keynavlist.js?v=d0d0749382c4cc649651134fc974b2e8 HTTP/1.1" 200 3492 "https://mail.smith.russellmitchell.com/turba/add.php" "Mozilla/5.0 (X11; Linux x86_64) AppleWebKit/537.36 (KHTML, like Gecko) HeadlessChrome/97.0.4692.71 Safari/537.36"
10.143.2.25 - - [23/Jan/2022:08:31:40 +0000] "POST /turba/add.php HTTP/1.1" 302 1121 "https://mail.smith.russellmitchell.com/turba/add.php" "Mozilla/5.0 (X11; Linux x86_64) AppleWebKit/537.36 (KHTML, like Gecko) HeadlessChrome/97.0.4692.71 Safari/537.36"
10.143.2.25 - - [23/Jan/2022:08:31:40 +0000] "GET /turba/contact.php?source=f6I8lsQIGij7UAFdkB-6yhb&key=ukwEON1B5KC-z_-PjWp2TLJ&view=Contact HTTP/1.1" 200 21167 "https://mail.smith.russellmitchell.com/turba/add.php" "Mozilla/5.0 (X11; Linux x86_64) AppleWebKit/537.36 (KHTML, like Gecko) HeadlessChrome/97.0.4692.71 Safari/537.36"
10.143.2.25 - - [23/Jan/2022:08:31:40 +0000] "GET /turba/themes/default/screen.css HTTP/1.1" 200 1335 "https://mail.smith.russellmitchell.com/turba/contact.php?source=f6I8lsQIGij7UAFdkB-6yhb&key=ukwEON1B5KC-z_-PjWp2TLJ&view=Contact" "Mozilla/5.0 (X11; Linux x86_64) AppleWebKit/537.36 (KHTML, like Gecko) HeadlessChrome/97.0.4692.71 Safari/537.36"
10.143.2.25 - - [23/Jan/2022:08:31:40 +0000] "GET /turba/themes/default/graphics/turba.png HTTP/1.1" 200 664 "https://mail.smith.russellmitchell.com/turba/themes/default/screen.css" "Mozilla/5.0 (X11; Linux x86_64) AppleWebKit/537.36 (KHTML, like Gecko) HeadlessChrome/97.0.4692.71 Safari/537.36"
10.143.2.25 - - [23/Jan/2022:08:31:40 +0000] "GET /turba/js/contact_tabs.js?v=eda5828c1e506c15900222f7df71d86f HTTP/1.1" 200 815 "https://mail.smith.russellmitchell.com/turba/contact.php?source=f6I8lsQIGij7UAFdkB-6yhb&key=ukwEON1B5KC-z_-PjWp2TLJ&view=Contact" "Mozilla/5.0 (X11; Linux x86_64) AppleWebKit/537.36 (KHTML, like Gecko) HeadlessChrome/97.0.4692.71 Safari/537.36"
10.143.2.25 - - [23/Jan/2022:08:31:40 +0000] "GET /turba/themes/default/graphics/delete.png HTTP/1.1" 200 1194 "https://mail.smith.russellmitchell.com/turba/themes/default/screen.css" "Mozilla/5.0 (X11; Linux x86_64) AppleWebKit/537.36 (KHTML, like Gecko) HeadlessChrome/97.0.4692.71 Safari/537.36"
10.143.2.25 - - [23/Jan/2022:08:31:40 +0000] "GET /turba/themes/default/graphics/edit.png HTTP/1.1" 200 1174 "https://mail.smith.russellmitchell.com/turba/themes/default/screen.css" "Mozilla/5.0 (X11; Linux x86_64) AppleWebKit/537.36 (KHTML, like Gecko) HeadlessChrome/97.0.4692.71 Safari/537.36"
10.143.3.65 - - [23/Jan/2022:08:32:01 +0000] "POST /services/ajax.php/kronolith/poll HTTP/1.1" 200 1000 "https://mail.smith.russellmitchell.com/kronolith/" "Mozilla/5.0 (X11; Ubuntu; Linux x86_64; rv:86.0) Gecko/20100101 Firefox/86.0"
10.143.2.25 - - [23/Jan/2022:08:32:07 +0000] "GET /turba/browse.php HTTP/1.1" 200 6808 "https://mail.smith.russellmitchell.com/turba/contact.php?source=f6I8lsQIGij7UAFdkB-6yhb&key=ukwEON1B5KC-z_-PjWp2TLJ&view=Contact" "Mozilla/5.0 (X11; Linux x86_64) AppleWebKit/537.36 (KHTML, like Gecko) HeadlessChrome/97.0.4692.71 Safari/537.36"
10.143.2.25 - - [23/Jan/2022:08:32:07 +0000] "GET /turba/themes/default/screen.css HTTP/1.1" 200 1335 "https://mail.smith.russellmitchell.com/turba/browse.php" "Mozilla/5.0 (X11; Linux x86_64) AppleWebKit/537.36 (KHTML, like Gecko) HeadlessChrome/97.0.4692.71 Safari/537.36"
10.143.2.25 - - [23/Jan/2022:08:32:07 +0000] "GET /turba/js/browse.js?v=eda5828c1e506c15900222f7df71d86f HTTP/1.1" 200 1003 "https://mail.smith.russellmitchell.com/turba/browse.php" "Mozilla/5.0 (X11; Linux x86_64) AppleWebKit/537.36 (KHTML, like Gecko) HeadlessChrome/97.0.4692.71 Safari/537.36"
10.143.2.25 - - [23/Jan/2022:08:32:07 +0000] "GET /js/quickfinder.js?v=d0d0749382c4cc649651134fc974b2e8 HTTP/1.1" 200 1531 "https://mail.smith.russellmitchell.com/turba/browse.php" "Mozilla/5.0 (X11; Linux x86_64) AppleWebKit/537.36 (KHTML, like Gecko) HeadlessChrome/97.0.4692.71 Safari/537.36"
10.143.2.25 - - [23/Jan/2022:08:32:07 +0000] "GET /js/redbox.js?v=d0d0749382c4cc649651134fc974b2e8 HTTP/1.1" 200 2224 "https://mail.smith.russellmitchell.com/turba/browse.php" "Mozilla/5.0 (X11; Linux x86_64) AppleWebKit/537.36 (KHTML, like Gecko) HeadlessChrome/97.0.4692.71 Safari/537.36"
10.143.2.25 - - [23/Jan/2022:08:32:07 +0000] "GET /turba/themes/default/graphics/mime/vcard.png HTTP/1.1" 200 635 "https://mail.smith.russellmitchell.com/turba/themes/default/screen.css" "Mozilla/5.0 (X11; Linux x86_64) AppleWebKit/537.36 (KHTML, like Gecko) HeadlessChrome/97.0.4692.71 Safari/537.36"
10.143.2.25 - - [23/Jan/2022:08:32:07 +0000] "GET /turba/themes/default/graphics/group.png HTTP/1.1" 200 807 "https://mail.smith.russellmitchell.com/turba/themes/default/screen.css" "Mozilla/5.0 (X11; Linux x86_64) AppleWebKit/537.36 (KHTML, like Gecko) HeadlessChrome/97.0.4692.71 Safari/537.36"
10.143.2.25 - - [23/Jan/2022:08:32:39 +0000] "GET /turba/contact.php?source=f6I8lsQIGij7UAFdkB-6yhb&key=UdXIBUwc756pMxOokelN5f7 HTTP/1.1" 200 21615 "https://mail.smith.russellmitchell.com/turba/browse.php" "Mozilla/5.0 (X11; Linux x86_64) AppleWebKit/537.36 (KHTML, like Gecko) HeadlessChrome/97.0.4692.71 Safari/537.36"
10.143.2.25 - - [23/Jan/2022:08:32:39 +0000] "GET /turba/themes/default/screen.css HTTP/1.1" 200 1335 "https://mail.smith.russellmitchell.com/turba/contact.php?source=f6I8lsQIGij7UAFdkB-6yhb&key=UdXIBUwc756pMxOokelN5f7" "Mozilla/5.0 (X11; Linux x86_64) AppleWebKit/537.36 (KHTML, like Gecko) HeadlessChrome/97.0.4692.71 Safari/537.36"
10.143.2.25 - - [23/Jan/2022:08:32:39 +0000] "GET /turba/js/contact_tabs.js?v=eda5828c1e506c15900222f7df71d86f HTTP/1.1" 200 815 "https://mail.smith.russellmitchell.com/turba/contact.php?source=f6I8lsQIGij7UAFdkB-6yhb&key=UdXIBUwc756pMxOokelN5f7" "Mozilla/5.0 (X11; Linux x86_64) AppleWebKit/537.36 (KHTML, like Gecko) HeadlessChrome/97.0.4692.71 Safari/537.36"
10.143.2.25 - - [23/Jan/2022:08:32:39 +0000] "GET /js/form_sections.js?v=d0d0749382c4cc649651134fc974b2e8 HTTP/1.1" 200 985 "https://mail.smith.russellmitchell.com/turba/contact.php?source=f6I8lsQIGij7UAFdkB-6yhb&key=UdXIBUwc756pMxOokelN5f7" "Mozilla/5.0 (X11; Linux x86_64) AppleWebKit/537.36 (KHTML, like Gecko) HeadlessChrome/97.0.4692.71 Safari/537.36"
10.143.2.25 - - [23/Jan/2022:08:32:39 +0000] "GET /js/calendar.js?v=d0d0749382c4cc649651134fc974b2e8 HTTP/1.1" 200 2934 "https://mail.smith.russellmitchell.com/turba/contact.php?source=f6I8lsQIGij7UAFdkB-6yhb&key=UdXIBUwc756pMxOokelN5f7" "Mozilla/5.0 (X11; Linux x86_64) AppleWebKit/537.36 (KHTML, like Gecko) HeadlessChrome/97.0.4692.71 Safari/537.36"
10.143.2.25 - - [23/Jan/2022:08:32:39 +0000] "GET /turba/themes/default/graphics/turba.png HTTP/1.1" 200 664 "https://mail.smith.russellmitchell.com/turba/themes/default/screen.css" "Mozilla/5.0 (X11; Linux x86_64) AppleWebKit/537.36 (KHTML, like Gecko) HeadlessChrome/97.0.4692.71 Safari/537.36"
10.143.2.25 - - [23/Jan/2022:08:32:40 +0000] "GET /js/image.js?v=d0d0749382c4cc649651134fc974b2e8 HTTP/1.1" 200 1085 "https://mail.smith.russellmitchell.com/turba/contact.php?source=f6I8lsQIGij7UAFdkB-6yhb&key=UdXIBUwc756pMxOokelN5f7" "Mozilla/5.0 (X11; Linux x86_64) AppleWebKit/537.36 (KHTML, like Gecko) HeadlessChrome/97.0.4692.71 Safari/537.36"
10.143.2.25 - - [23/Jan/2022:08:32:40 +0000] "GET /js/keynavlist.js?v=d0d0749382c4cc649651134fc974b2e8 HTTP/1.1" 200 2916 "https://mail.smith.russellmitchell.com/turba/contact.php?source=f6I8lsQIGij7UAFdkB-6yhb&key=UdXIBUwc756pMxOokelN5f7" "Mozilla/5.0 (X11; Linux x86_64) AppleWebKit/537.36 (KHTML, like Gecko) HeadlessChrome/97.0.4692.71 Safari/537.36"
10.143.2.25 - - [23/Jan/2022:08:32:40 +0000] "GET /js/liquidmetal.js?v=d0d0749382c4cc649651134fc974b2e8 HTTP/1.1" 200 1775 "https://mail.smith.russellmitchell.com/turba/contact.php?source=f6I8lsQIGij7UAFdkB-6yhb&key=UdXIBUwc756pMxOokelN5f7" "Mozilla/5.0 (X11; Linux x86_64) AppleWebKit/537.36 (KHTML, like Gecko) HeadlessChrome/97.0.4692.71 Safari/537.36"
10.143.2.25 - - [23/Jan/2022:08:32:40 +0000] "GET /js/autocomplete.js?v=d0d0749382c4cc649651134fc974b2e8 HTTP/1.1" 200 3771 "https://mail.smith.russellmitchell.com/turba/contact.php?source=f6I8lsQIGij7UAFdkB-6yhb&key=UdXIBUwc756pMxOokelN5f7" "Mozilla/5.0 (X11; Linux x86_64) AppleWebKit/537.36 (KHTML, like Gecko) HeadlessChrome/97.0.4692.71 Safari/537.36"
10.143.2.25 - - [23/Jan/2022:08:32:40 +0000] "GET /js/imple.js?v=d0d0749382c4cc649651134fc974b2e8 HTTP/1.1" 200 1561 "https://mail.smith.russellmitchell.com/turba/contact.php?source=f6I8lsQIGij7UAFdkB-6yhb&key=UdXIBUwc756pMxOokelN5f7" "Mozilla/5.0 (X11; Linux x86_64) AppleWebKit/537.36 (KHTML, like Gecko) HeadlessChrome/97.0.4692.71 Safari/537.36"
10.143.3.65 - - [23/Jan/2022:08:32:56 +0000] "GET /imp/dynamic.php?page=mailbox HTTP/1.1" 200 9477 "https://mail.smith.russellmitchell.com/kronolith/" "Mozilla/5.0 (X11; Ubuntu; Linux x86_64; rv:86.0) Gecko/20100101 Firefox/86.0"
10.143.3.65 - - [23/Jan/2022:08:32:56 +0000] "POST /services/ajax.php/imp/dynamicInit HTTP/1.1" 200 5205 "https://mail.smith.russellmitchell.com/imp/dynamic.php?page=mailbox" "Mozilla/5.0 (X11; Ubuntu; Linux x86_64; rv:86.0) Gecko/20100101 Firefox/86.0"
10.143.2.91 - - [23/Jan/2022:08:33:32 +0000] "POST /services/ajax.php/horde/topbarUpdate HTTP/1.1" 200 3498 "https://mail.smith.russellmitchell.com/mnemo/list.php" "Mozilla/5.0 (X11; Ubuntu; Linux x86_64; rv:86.0) Gecko/20100101 Firefox/86.0"
10.143.3.65 - - [23/Jan/2022:08:33:43 +0000] "GET /imp/dynamic.php?page=compose&type=new&token=pVT1OReTFt1VCA3W227DFao&uniq=1642926823544 HTTP/1.1" 200 6257 "https://mail.smith.russellmitchell.com/imp/dynamic.php?page=mailbox" "Mozilla/5.0 (X11; Ubuntu; Linux x86_64; rv:86.0) Gecko/20100101 Firefox/86.0"
10.143.2.25 - - [23/Jan/2022:08:33:47 +0000] "GET /turba/browse.php HTTP/1.1" 200 6807 "https://mail.smith.russellmitchell.com/turba/contact.php?source=f6I8lsQIGij7UAFdkB-6yhb&key=UdXIBUwc756pMxOokelN5f7" "Mozilla/5.0 (X11; Linux x86_64) AppleWebKit/537.36 (KHTML, like Gecko) HeadlessChrome/97.0.4692.71 Safari/537.36"
10.143.2.25 - - [23/Jan/2022:08:33:47 +0000] "GET /turba/themes/default/screen.css HTTP/1.1" 200 1335 "https://mail.smith.russellmitchell.com/turba/browse.php" "Mozilla/5.0 (X11; Linux x86_64) AppleWebKit/537.36 (KHTML, like Gecko) HeadlessChrome/97.0.4692.71 Safari/537.36"
10.143.2.25 - - [23/Jan/2022:08:33:47 +0000] "GET /turba/js/browse.js?v=eda5828c1e506c15900222f7df71d86f HTTP/1.1" 200 1003 "https://mail.smith.russellmitchell.com/turba/browse.php" "Mozilla/5.0 (X11; Linux x86_64) AppleWebKit/537.36 (KHTML, like Gecko) HeadlessChrome/97.0.4692.71 Safari/537.36"
10.143.2.25 - - [23/Jan/2022:08:33:47 +0000] "GET /js/quickfinder.js?v=d0d0749382c4cc649651134fc974b2e8 HTTP/1.1" 200 1531 "https://mail.smith.russellmitchell.com/turba/browse.php" "Mozilla/5.0 (X11; Linux x86_64) AppleWebKit/537.36 (KHTML, like Gecko) HeadlessChrome/97.0.4692.71 Safari/537.36"
10.143.2.25 - - [23/Jan/2022:08:33:47 +0000] "GET /js/redbox.js?v=d0d0749382c4cc649651134fc974b2e8 HTTP/1.1" 200 1648 "https://mail.smith.russellmitchell.com/turba/browse.php" "Mozilla/5.0 (X11; Linux x86_64) AppleWebKit/537.36 (KHTML, like Gecko) HeadlessChrome/97.0.4692.71 Safari/537.36"
10.143.2.25 - - [23/Jan/2022:08:33:47 +0000] "GET /turba/themes/default/graphics/mime/vcard.png HTTP/1.1" 200 635 "https://mail.smith.russellmitchell.com/turba/themes/default/screen.css" "Mozilla/5.0 (X11; Linux x86_64) AppleWebKit/537.36 (KHTML, like Gecko) HeadlessChrome/97.0.4692.71 Safari/537.36"
10.143.2.25 - - [23/Jan/2022:08:33:47 +0000] "GET /turba/themes/default/graphics/group.png HTTP/1.1" 200 1383 "https://mail.smith.russellmitchell.com/turba/themes/default/screen.css" "Mozilla/5.0 (X11; Linux x86_64) AppleWebKit/537.36 (KHTML, like Gecko) HeadlessChrome/97.0.4692.71 Safari/537.36"
10.143.2.25 - - [23/Jan/2022:08:34:11 +0000] "GET /turba/contact.php?source=f6I8lsQIGij7UAFdkB-6yhb&key=oZP_TDjtLCdPosNzoatSz0y HTTP/1.1" 200 21628 "https://mail.smith.russellmitchell.com/turba/browse.php" "Mozilla/5.0 (X11; Linux x86_64) AppleWebKit/537.36 (KHTML, like Gecko) HeadlessChrome/97.0.4692.71 Safari/537.36"
10.143.2.25 - - [23/Jan/2022:08:34:12 +0000] "GET /turba/themes/default/screen.css HTTP/1.1" 200 1335 "https://mail.smith.russellmitchell.com/turba/contact.php?source=f6I8lsQIGij7UAFdkB-6yhb&key=oZP_TDjtLCdPosNzoatSz0y" "Mozilla/5.0 (X11; Linux x86_64) AppleWebKit/537.36 (KHTML, like Gecko) HeadlessChrome/97.0.4692.71 Safari/537.36"
10.143.2.25 - - [23/Jan/2022:08:34:12 +0000] "GET /turba/themes/default/graphics/turba.png HTTP/1.1" 200 664 "https://mail.smith.russellmitchell.com/turba/themes/default/screen.css" "Mozilla/5.0 (X11; Linux x86_64) AppleWebKit/537.36 (KHTML, like Gecko) HeadlessChrome/97.0.4692.71 Safari/537.36"
10.143.2.25 - - [23/Jan/2022:08:34:12 +0000] "GET /turba/js/contact_tabs.js?v=eda5828c1e506c15900222f7df71d86f HTTP/1.1" 200 815 "https://mail.smith.russellmitchell.com/turba/contact.php?source=f6I8lsQIGij7UAFdkB-6yhb&key=oZP_TDjtLCdPosNzoatSz0y" "Mozilla/5.0 (X11; Linux x86_64) AppleWebKit/537.36 (KHTML, like Gecko) HeadlessChrome/97.0.4692.71 Safari/537.36"
10.143.2.25 - - [23/Jan/2022:08:34:12 +0000] "GET /js/form_sections.js?v=d0d0749382c4cc649651134fc974b2e8 HTTP/1.1" 200 985 "https://mail.smith.russellmitchell.com/turba/contact.php?source=f6I8lsQIGij7UAFdkB-6yhb&key=oZP_TDjtLCdPosNzoatSz0y" "Mozilla/5.0 (X11; Linux x86_64) AppleWebKit/537.36 (KHTML, like Gecko) HeadlessChrome/97.0.4692.71 Safari/537.36"
10.143.2.25 - - [23/Jan/2022:08:34:12 +0000] "GET /js/calendar.js?v=d0d0749382c4cc649651134fc974b2e8 HTTP/1.1" 200 2934 "https://mail.smith.russellmitchell.com/turba/contact.php?source=f6I8lsQIGij7UAFdkB-6yhb&key=oZP_TDjtLCdPosNzoatSz0y" "Mozilla/5.0 (X11; Linux x86_64) AppleWebKit/537.36 (KHTML, like Gecko) HeadlessChrome/97.0.4692.71 Safari/537.36"
10.143.2.25 - - [23/Jan/2022:08:34:12 +0000] "GET /js/image.js?v=d0d0749382c4cc649651134fc974b2e8 HTTP/1.1" 200 1085 "https://mail.smith.russellmitchell.com/turba/contact.php?source=f6I8lsQIGij7UAFdkB-6yhb&key=oZP_TDjtLCdPosNzoatSz0y" "Mozilla/5.0 (X11; Linux x86_64) AppleWebKit/537.36 (KHTML, like Gecko) HeadlessChrome/97.0.4692.71 Safari/537.36"
10.143.2.25 - - [23/Jan/2022:08:34:12 +0000] "GET /js/imple.js?v=d0d0749382c4cc649651134fc974b2e8 HTTP/1.1" 200 985 "https://mail.smith.russellmitchell.com/turba/contact.php?source=f6I8lsQIGij7UAFdkB-6yhb&key=oZP_TDjtLCdPosNzoatSz0y" "Mozilla/5.0 (X11; Linux x86_64) AppleWebKit/537.36 (KHTML, like Gecko) HeadlessChrome/97.0.4692.71 Safari/537.36"
10.143.2.25 - - [23/Jan/2022:08:34:12 +0000] "GET /js/liquidmetal.js?v=d0d0749382c4cc649651134fc974b2e8 HTTP/1.1" 200 2351 "https://mail.smith.russellmitchell.com/turba/contact.php?source=f6I8lsQIGij7UAFdkB-6yhb&key=oZP_TDjtLCdPosNzoatSz0y" "Mozilla/5.0 (X11; Linux x86_64) AppleWebKit/537.36 (KHTML, like Gecko) HeadlessChrome/97.0.4692.71 Safari/537.36"
10.143.2.25 - - [23/Jan/2022:08:34:12 +0000] "GET /js/autocomplete.js?v=d0d0749382c4cc649651134fc974b2e8 HTTP/1.1" 200 3771 "https://mail.smith.russellmitchell.com/turba/contact.php?source=f6I8lsQIGij7UAFdkB-6yhb&key=oZP_TDjtLCdPosNzoatSz0y" "Mozilla/5.0 (X11; Linux x86_64) AppleWebKit/537.36 (KHTML, like Gecko) HeadlessChrome/97.0.4692.71 Safari/537.36"
10.143.2.25 - - [23/Jan/2022:08:34:12 +0000] "GET /js/keynavlist.js?v=d0d0749382c4cc649651134fc974b2e8 HTTP/1.1" 200 3492 "https://mail.smith.russellmitchell.com/turba/contact.php?source=f6I8lsQIGij7UAFdkB-6yhb&key=oZP_TDjtLCdPosNzoatSz0y" "Mozilla/5.0 (X11; Linux x86_64) AppleWebKit/537.36 (KHTML, like Gecko) HeadlessChrome/97.0.4692.71 Safari/537.36"
10.143.2.91 - - [23/Jan/2022:08:34:14 +0000] "GET /turba/ HTTP/1.1" 200 5032 "https://mail.smith.russellmitchell.com/mnemo/list.php" "Mozilla/5.0 (X11; Ubuntu; Linux x86_64; rv:86.0) Gecko/20100101 Firefox/86.0"
10.143.2.91 - - [23/Jan/2022:08:34:14 +0000] "GET /turba/themes/default/screen.css HTTP/1.1" 200 1335 "https://mail.smith.russellmitchell.com/turba/" "Mozilla/5.0 (X11; Ubuntu; Linux x86_64; rv:86.0) Gecko/20100101 Firefox/86.0"
10.143.2.91 - - [23/Jan/2022:08:34:14 +0000] "GET /turba/js/search.js?v=eda5828c1e506c15900222f7df71d86f HTTP/1.1" 200 1053 "https://mail.smith.russellmitchell.com/turba/" "Mozilla/5.0 (X11; Ubuntu; Linux x86_64; rv:86.0) Gecko/20100101 Firefox/86.0"
10.143.2.91 - - [23/Jan/2022:08:34:14 +0000] "GET /turba/themes/default/graphics/menu/browse.png HTTP/1.1" 200 774 "https://mail.smith.russellmitchell.com/turba/themes/default/screen.css" "Mozilla/5.0 (X11; Ubuntu; Linux x86_64; rv:86.0) Gecko/20100101 Firefox/86.0"
10.143.2.91 - - [23/Jan/2022:08:34:14 +0000] "GET /themes/default/graphics/radiobox_on.png HTTP/1.1" 200 894 "https://mail.smith.russellmitchell.com/themes/default/screen.css" "Mozilla/5.0 (X11; Ubuntu; Linux x86_64; rv:86.0) Gecko/20100101 Firefox/86.0"
10.143.2.91 - - [23/Jan/2022:08:34:14 +0000] "GET /turba/themes/default/graphics/search.png HTTP/1.1" 200 1277 "https://mail.smith.russellmitchell.com/turba/themes/default/screen.css" "Mozilla/5.0 (X11; Ubuntu; Linux x86_64; rv:86.0) Gecko/20100101 Firefox/86.0"
10.143.2.91 - - [23/Jan/2022:08:34:14 +0000] "GET /turba/themes/default/graphics/favicon.ico HTTP/1.1" 200 2064 "https://mail.smith.russellmitchell.com/turba/" "Mozilla/5.0 (X11; Ubuntu; Linux x86_64; rv:86.0) Gecko/20100101 Firefox/86.0"
10.143.2.91 - - [23/Jan/2022:08:34:29 +0000] "GET /turba/browse.php HTTP/1.1" 200 6022 "https://mail.smith.russellmitchell.com/turba/" "Mozilla/5.0 (X11; Ubuntu; Linux x86_64; rv:86.0) Gecko/20100101 Firefox/86.0"
10.143.2.91 - - [23/Jan/2022:08:34:29 +0000] "GET /turba/js/browse.js?v=eda5828c1e506c15900222f7df71d86f HTTP/1.1" 200 1003 "https://mail.smith.russellmitchell.com/turba/browse.php" "Mozilla/5.0 (X11; Ubuntu; Linux x86_64; rv:86.0) Gecko/20100101 Firefox/86.0"
10.143.2.91 - - [23/Jan/2022:08:34:29 +0000] "GET /turba/themes/default/graphics/delete.png HTTP/1.1" 200 618 "https://mail.smith.russellmitchell.com/turba/themes/default/screen.css" "Mozilla/5.0 (X11; Ubuntu; Linux x86_64; rv:86.0) Gecko/20100101 Firefox/86.0"
10.143.2.91 - - [23/Jan/2022:08:34:29 +0000] "GET /turba/themes/default/graphics/edit.png HTTP/1.1" 200 598 "https://mail.smith.russellmitchell.com/turba/themes/default/screen.css" "Mozilla/5.0 (X11; Ubuntu; Linux x86_64; rv:86.0) Gecko/20100101 Firefox/86.0"
10.143.2.91 - - [23/Jan/2022:08:34:30 +0000] "GET /turba/themes/default/graphics/group.png HTTP/1.1" 200 1383 "https://mail.smith.russellmitchell.com/turba/themes/default/screen.css" "Mozilla/5.0 (X11; Ubuntu; Linux x86_64; rv:86.0) Gecko/20100101 Firefox/86.0"
10.143.2.91 - - [23/Jan/2022:08:34:30 +0000] "GET /turba/themes/default/graphics/mime/vcard.png HTTP/1.1" 200 1211 "https://mail.smith.russellmitchell.com/turba/themes/default/screen.css" "Mozilla/5.0 (X11; Ubuntu; Linux x86_64; rv:86.0) Gecko/20100101 Firefox/86.0"
10.143.2.91 - - [23/Jan/2022:08:34:48 +0000] "GET /turba/contact.php?source=tNEEb9nOu8MEOi5akc0A4Os&key=SBbShsPRl8KRw28nPPvsyZa HTTP/1.1" 200 21627 "https://mail.smith.russellmitchell.com/turba/browse.php" "Mozilla/5.0 (X11; Ubuntu; Linux x86_64; rv:86.0) Gecko/20100101 Firefox/86.0"
10.143.2.91 - - [23/Jan/2022:08:34:48 +0000] "GET /turba/themes/default/graphics/turba.png HTTP/1.1" 200 664 "https://mail.smith.russellmitchell.com/turba/themes/default/screen.css" "Mozilla/5.0 (X11; Ubuntu; Linux x86_64; rv:86.0) Gecko/20100101 Firefox/86.0"
10.143.2.91 - - [23/Jan/2022:08:34:48 +0000] "GET /turba/js/contact_tabs.js?v=eda5828c1e506c15900222f7df71d86f HTTP/1.1" 200 815 "https://mail.smith.russellmitchell.com/turba/contact.php?source=tNEEb9nOu8MEOi5akc0A4Os&key=SBbShsPRl8KRw28nPPvsyZa" "Mozilla/5.0 (X11; Ubuntu; Linux x86_64; rv:86.0) Gecko/20100101 Firefox/86.0"
10.143.2.91 - - [23/Jan/2022:08:34:48 +0000] "GET /js/image.js?v=d0d0749382c4cc649651134fc974b2e8 HTTP/1.1" 200 1085 "https://mail.smith.russellmitchell.com/turba/contact.php?source=tNEEb9nOu8MEOi5akc0A4Os&key=SBbShsPRl8KRw28nPPvsyZa" "Mozilla/5.0 (X11; Ubuntu; Linux x86_64; rv:86.0) Gecko/20100101 Firefox/86.0"
10.143.2.25 - - [23/Jan/2022:08:35:02 +0000] "GET /turba/browse.php HTTP/1.1" 200 6806 "https://mail.smith.russellmitchell.com/turba/contact.php?source=f6I8lsQIGij7UAFdkB-6yhb&key=oZP_TDjtLCdPosNzoatSz0y" "Mozilla/5.0 (X11; Linux x86_64) AppleWebKit/537.36 (KHTML, like Gecko) HeadlessChrome/97.0.4692.71 Safari/537.36"
10.143.2.25 - - [23/Jan/2022:08:35:02 +0000] "GET /turba/themes/default/screen.css HTTP/1.1" 200 1335 "https://mail.smith.russellmitchell.com/turba/browse.php" "Mozilla/5.0 (X11; Linux x86_64) AppleWebKit/537.36 (KHTML, like Gecko) HeadlessChrome/97.0.4692.71 Safari/537.36"
10.143.2.25 - - [23/Jan/2022:08:35:02 +0000] "GET /turba/js/browse.js?v=eda5828c1e506c15900222f7df71d86f HTTP/1.1" 200 1003 "https://mail.smith.russellmitchell.com/turba/browse.php" "Mozilla/5.0 (X11; Linux x86_64) AppleWebKit/537.36 (KHTML, like Gecko) HeadlessChrome/97.0.4692.71 Safari/537.36"
10.143.2.25 - - [23/Jan/2022:08:35:02 +0000] "GET /js/quickfinder.js?v=d0d0749382c4cc649651134fc974b2e8 HTTP/1.1" 200 1531 "https://mail.smith.russellmitchell.com/turba/browse.php" "Mozilla/5.0 (X11; Linux x86_64) AppleWebKit/537.36 (KHTML, like Gecko) HeadlessChrome/97.0.4692.71 Safari/537.36"
10.143.2.25 - - [23/Jan/2022:08:35:02 +0000] "GET /js/redbox.js?v=d0d0749382c4cc649651134fc974b2e8 HTTP/1.1" 200 2224 "https://mail.smith.russellmitchell.com/turba/browse.php" "Mozilla/5.0 (X11; Linux x86_64) AppleWebKit/537.36 (KHTML, like Gecko) HeadlessChrome/97.0.4692.71 Safari/537.36"
10.143.2.25 - - [23/Jan/2022:08:35:02 +0000] "GET /turba/themes/default/graphics/mime/vcard.png HTTP/1.1" 200 635 "https://mail.smith.russellmitchell.com/turba/themes/default/screen.css" "Mozilla/5.0 (X11; Linux x86_64) AppleWebKit/537.36 (KHTML, like Gecko) HeadlessChrome/97.0.4692.71 Safari/537.36"
10.143.2.25 - - [23/Jan/2022:08:35:02 +0000] "GET /turba/themes/default/graphics/group.png HTTP/1.1" 200 807 "https://mail.smith.russellmitchell.com/turba/themes/default/screen.css" "Mozilla/5.0 (X11; Linux x86_64) AppleWebKit/537.36 (KHTML, like Gecko) HeadlessChrome/97.0.4692.71 Safari/537.36"
10.143.2.25 - - [23/Jan/2022:08:35:28 +0000] "GET /turba/contact.php?source=f6I8lsQIGij7UAFdkB-6yhb&key=vXm25tSv6oX4JZe14TUpfXi HTTP/1.1" 200 21619 "https://mail.smith.russellmitchell.com/turba/browse.php" "Mozilla/5.0 (X11; Linux x86_64) AppleWebKit/537.36 (KHTML, like Gecko) HeadlessChrome/97.0.4692.71 Safari/537.36"
10.143.2.25 - - [23/Jan/2022:08:35:29 +0000] "GET /turba/themes/default/screen.css HTTP/1.1" 200 1335 "https://mail.smith.russellmitchell.com/turba/contact.php?source=f6I8lsQIGij7UAFdkB-6yhb&key=vXm25tSv6oX4JZe14TUpfXi" "Mozilla/5.0 (X11; Linux x86_64) AppleWebKit/537.36 (KHTML, like Gecko) HeadlessChrome/97.0.4692.71 Safari/537.36"
10.143.2.25 - - [23/Jan/2022:08:35:29 +0000] "GET /turba/js/contact_tabs.js?v=eda5828c1e506c15900222f7df71d86f HTTP/1.1" 200 815 "https://mail.smith.russellmitchell.com/turba/contact.php?source=f6I8lsQIGij7UAFdkB-6yhb&key=vXm25tSv6oX4JZe14TUpfXi" "Mozilla/5.0 (X11; Linux x86_64) AppleWebKit/537.36 (KHTML, like Gecko) HeadlessChrome/97.0.4692.71 Safari/537.36"
10.143.2.25 - - [23/Jan/2022:08:35:29 +0000] "GET /js/form_sections.js?v=d0d0749382c4cc649651134fc974b2e8 HTTP/1.1" 200 985 "https://mail.smith.russellmitchell.com/turba/contact.php?source=f6I8lsQIGij7UAFdkB-6yhb&key=vXm25tSv6oX4JZe14TUpfXi" "Mozilla/5.0 (X11; Linux x86_64) AppleWebKit/537.36 (KHTML, like Gecko) HeadlessChrome/97.0.4692.71 Safari/537.36"
10.143.2.25 - - [23/Jan/2022:08:35:29 +0000] "GET /js/calendar.js?v=d0d0749382c4cc649651134fc974b2e8 HTTP/1.1" 200 2934 "https://mail.smith.russellmitchell.com/turba/contact.php?source=f6I8lsQIGij7UAFdkB-6yhb&key=vXm25tSv6oX4JZe14TUpfXi" "Mozilla/5.0 (X11; Linux x86_64) AppleWebKit/537.36 (KHTML, like Gecko) HeadlessChrome/97.0.4692.71 Safari/537.36"
10.143.2.25 - - [23/Jan/2022:08:35:29 +0000] "GET /turba/themes/default/graphics/turba.png HTTP/1.1" 200 664 "https://mail.smith.russellmitchell.com/turba/themes/default/screen.css" "Mozilla/5.0 (X11; Linux x86_64) AppleWebKit/537.36 (KHTML, like Gecko) HeadlessChrome/97.0.4692.71 Safari/537.36"
10.143.2.25 - - [23/Jan/2022:08:35:29 +0000] "GET /js/image.js?v=d0d0749382c4cc649651134fc974b2e8 HTTP/1.1" 200 1085 "https://mail.smith.russellmitchell.com/turba/contact.php?source=f6I8lsQIGij7UAFdkB-6yhb&key=vXm25tSv6oX4JZe14TUpfXi" "Mozilla/5.0 (X11; Linux x86_64) AppleWebKit/537.36 (KHTML, like Gecko) HeadlessChrome/97.0.4692.71 Safari/537.36"
10.143.2.25 - - [23/Jan/2022:08:35:29 +0000] "GET /js/autocomplete.js?v=d0d0749382c4cc649651134fc974b2e8 HTTP/1.1" 200 3195 "https://mail.smith.russellmitchell.com/turba/contact.php?source=f6I8lsQIGij7UAFdkB-6yhb&key=vXm25tSv6oX4JZe14TUpfXi" "Mozilla/5.0 (X11; Linux x86_64) AppleWebKit/537.36 (KHTML, like Gecko) HeadlessChrome/97.0.4692.71 Safari/537.36"
10.143.2.25 - - [23/Jan/2022:08:35:29 +0000] "GET /js/imple.js?v=d0d0749382c4cc649651134fc974b2e8 HTTP/1.1" 200 1561 "https://mail.smith.russellmitchell.com/turba/contact.php?source=f6I8lsQIGij7UAFdkB-6yhb&key=vXm25tSv6oX4JZe14TUpfXi" "Mozilla/5.0 (X11; Linux x86_64) AppleWebKit/537.36 (KHTML, like Gecko) HeadlessChrome/97.0.4692.71 Safari/537.36"
10.143.2.25 - - [23/Jan/2022:08:35:29 +0000] "GET /js/liquidmetal.js?v=d0d0749382c4cc649651134fc974b2e8 HTTP/1.1" 200 2351 "https://mail.smith.russellmitchell.com/turba/contact.php?source=f6I8lsQIGij7UAFdkB-6yhb&key=vXm25tSv6oX4JZe14TUpfXi" "Mozilla/5.0 (X11; Linux x86_64) AppleWebKit/537.36 (KHTML, like Gecko) HeadlessChrome/97.0.4692.71 Safari/537.36"
10.143.2.25 - - [23/Jan/2022:08:35:29 +0000] "GET /js/keynavlist.js?v=d0d0749382c4cc649651134fc974b2e8 HTTP/1.1" 200 3492 "https://mail.smith.russellmitchell.com/turba/contact.php?source=f6I8lsQIGij7UAFdkB-6yhb&key=vXm25tSv6oX4JZe14TUpfXi" "Mozilla/5.0 (X11; Linux x86_64) AppleWebKit/537.36 (KHTML, like Gecko) HeadlessChrome/97.0.4692.71 Safari/537.36"
10.143.3.65 - - [23/Jan/2022:08:35:57 +0000] "POST /services/ajax.php/imp/sendMessage HTTP/1.1" 200 1083 "https://mail.smith.russellmitchell.com/imp/dynamic.php?page=compose&type=new&token=pVT1OReTFt1VCA3W227DFao&uniq=1642926823544" "Mozilla/5.0 (X11; Ubuntu; Linux x86_64; rv:86.0) Gecko/20100101 Firefox/86.0"
10.143.3.65 - - [23/Jan/2022:08:35:58 +0000] "POST /services/ajax.php/imp/showMessage HTTP/1.1" 200 3167 "https://mail.smith.russellmitchell.com/imp/dynamic.php?page=mailbox" "Mozilla/5.0 (X11; Ubuntu; Linux x86_64; rv:86.0) Gecko/20100101 Firefox/86.0"
10.143.2.25 - - [23/Jan/2022:08:36:15 +0000] "GET /turba/browse.php HTTP/1.1" 200 6805 "https://mail.smith.russellmitchell.com/turba/contact.php?source=f6I8lsQIGij7UAFdkB-6yhb&key=vXm25tSv6oX4JZe14TUpfXi" "Mozilla/5.0 (X11; Linux x86_64) AppleWebKit/537.36 (KHTML, like Gecko) HeadlessChrome/97.0.4692.71 Safari/537.36"
10.143.2.25 - - [23/Jan/2022:08:36:15 +0000] "GET /turba/themes/default/screen.css HTTP/1.1" 200 1335 "https://mail.smith.russellmitchell.com/turba/browse.php" "Mozilla/5.0 (X11; Linux x86_64) AppleWebKit/537.36 (KHTML, like Gecko) HeadlessChrome/97.0.4692.71 Safari/537.36"
10.143.2.25 - - [23/Jan/2022:08:36:15 +0000] "GET /js/redbox.js?v=d0d0749382c4cc649651134fc974b2e8 HTTP/1.1" 200 1648 "https://mail.smith.russellmitchell.com/turba/browse.php" "Mozilla/5.0 (X11; Linux x86_64) AppleWebKit/537.36 (KHTML, like Gecko) HeadlessChrome/97.0.4692.71 Safari/537.36"
10.143.2.25 - - [23/Jan/2022:08:36:15 +0000] "GET /turba/themes/default/graphics/mime/vcard.png HTTP/1.1" 200 3648 "https://mail.smith.russellmitchell.com/turba/themes/default/screen.css" "Mozilla/5.0 (X11; Linux x86_64) AppleWebKit/537.36 (KHTML, like Gecko) HeadlessChrome/97.0.4692.71 Safari/537.36"
10.143.2.25 - - [23/Jan/2022:08:36:15 +0000] "GET /turba/js/browse.js?v=eda5828c1e506c15900222f7df71d86f HTTP/1.1" 200 1579 "https://mail.smith.russellmitchell.com/turba/browse.php" "Mozilla/5.0 (X11; Linux x86_64) AppleWebKit/537.36 (KHTML, like Gecko) HeadlessChrome/97.0.4692.71 Safari/537.36"
10.143.2.25 - - [23/Jan/2022:08:36:15 +0000] "GET /js/quickfinder.js?v=d0d0749382c4cc649651134fc974b2e8 HTTP/1.1" 200 2107 "https://mail.smith.russellmitchell.com/turba/browse.php" "Mozilla/5.0 (X11; Linux x86_64) AppleWebKit/537.36 (KHTML, like Gecko) HeadlessChrome/97.0.4692.71 Safari/537.36"
10.143.2.25 - - [23/Jan/2022:08:36:15 +0000] "GET /turba/themes/default/graphics/group.png HTTP/1.1" 200 1383 "https://mail.smith.russellmitchell.com/turba/themes/default/screen.css" "Mozilla/5.0 (X11; Linux x86_64) AppleWebKit/537.36 (KHTML, like Gecko) HeadlessChrome/97.0.4692.71 Safari/537.36"
10.143.3.65 - - [23/Jan/2022:08:36:38 +0000] "POST /services/ajax.php/imp/deleteMessages HTTP/1.1" 200 1076 "https://mail.smith.russellmitchell.com/imp/dynamic.php?page=mailbox" "Mozilla/5.0 (X11; Ubuntu; Linux x86_64; rv:86.0) Gecko/20100101 Firefox/86.0"
10.143.2.25 - - [23/Jan/2022:08:37:03 +0000] "GET /turba/add.php HTTP/1.1" 200 19860 "https://mail.smith.russellmitchell.com/turba/browse.php" "Mozilla/5.0 (X11; Linux x86_64) AppleWebKit/537.36 (KHTML, like Gecko) HeadlessChrome/97.0.4692.71 Safari/537.36"
10.143.2.25 - - [23/Jan/2022:08:37:03 +0000] "GET /turba/themes/default/screen.css HTTP/1.1" 200 1335 "https://mail.smith.russellmitchell.com/turba/add.php" "Mozilla/5.0 (X11; Linux x86_64) AppleWebKit/537.36 (KHTML, like Gecko) HeadlessChrome/97.0.4692.71 Safari/537.36"
10.143.2.25 - - [23/Jan/2022:08:37:03 +0000] "GET /js/form_sections.js?v=d0d0749382c4cc649651134fc974b2e8 HTTP/1.1" 200 985 "https://mail.smith.russellmitchell.com/turba/add.php" "Mozilla/5.0 (X11; Linux x86_64) AppleWebKit/537.36 (KHTML, like Gecko) HeadlessChrome/97.0.4692.71 Safari/537.36"
10.143.2.25 - - [23/Jan/2022:08:37:03 +0000] "GET /js/calendar.js?v=d0d0749382c4cc649651134fc974b2e8 HTTP/1.1" 200 2934 "https://mail.smith.russellmitchell.com/turba/add.php" "Mozilla/5.0 (X11; Linux x86_64) AppleWebKit/537.36 (KHTML, like Gecko) HeadlessChrome/97.0.4692.71 Safari/537.36"
10.143.2.25 - - [23/Jan/2022:08:37:03 +0000] "GET /js/liquidmetal.js?v=d0d0749382c4cc649651134fc974b2e8 HTTP/1.1" 200 1775 "https://mail.smith.russellmitchell.com/turba/add.php" "Mozilla/5.0 (X11; Linux x86_64) AppleWebKit/537.36 (KHTML, like Gecko) HeadlessChrome/97.0.4692.71 Safari/537.36"
10.143.2.25 - - [23/Jan/2022:08:37:03 +0000] "GET /js/imple.js?v=d0d0749382c4cc649651134fc974b2e8 HTTP/1.1" 200 985 "https://mail.smith.russellmitchell.com/turba/add.php" "Mozilla/5.0 (X11; Linux x86_64) AppleWebKit/537.36 (KHTML, like Gecko) HeadlessChrome/97.0.4692.71 Safari/537.36"
10.143.2.25 - - [23/Jan/2022:08:37:03 +0000] "GET /js/image.js?v=d0d0749382c4cc649651134fc974b2e8 HTTP/1.1" 200 1661 "https://mail.smith.russellmitchell.com/turba/add.php" "Mozilla/5.0 (X11; Linux x86_64) AppleWebKit/537.36 (KHTML, like Gecko) HeadlessChrome/97.0.4692.71 Safari/537.36"
10.143.2.25 - - [23/Jan/2022:08:37:03 +0000] "GET /js/keynavlist.js?v=d0d0749382c4cc649651134fc974b2e8 HTTP/1.1" 200 3492 "https://mail.smith.russellmitchell.com/turba/add.php" "Mozilla/5.0 (X11; Linux x86_64) AppleWebKit/537.36 (KHTML, like Gecko) HeadlessChrome/97.0.4692.71 Safari/537.36"
10.143.2.25 - - [23/Jan/2022:08:37:03 +0000] "GET /js/autocomplete.js?v=d0d0749382c4cc649651134fc974b2e8 HTTP/1.1" 200 3771 "https://mail.smith.russellmitchell.com/turba/add.php" "Mozilla/5.0 (X11; Linux x86_64) AppleWebKit/537.36 (KHTML, like Gecko) HeadlessChrome/97.0.4692.71 Safari/537.36"
10.143.2.25 - - [23/Jan/2022:08:37:14 +0000] "POST /turba/add.php HTTP/1.1" 302 3558 "https://mail.smith.russellmitchell.com/turba/add.php" "Mozilla/5.0 (X11; Linux x86_64) AppleWebKit/537.36 (KHTML, like Gecko) HeadlessChrome/97.0.4692.71 Safari/537.36"
10.143.2.25 - - [23/Jan/2022:08:37:15 +0000] "GET /turba/contact.php?source=f6I8lsQIGij7UAFdkB-6yhb&key=xdU6GqPH7V4vPOWuvB3K95c&view=Contact HTTP/1.1" 200 21148 "https://mail.smith.russellmitchell.com/turba/add.php" "Mozilla/5.0 (X11; Linux x86_64) AppleWebKit/537.36 (KHTML, like Gecko) HeadlessChrome/97.0.4692.71 Safari/537.36"
10.143.2.25 - - [23/Jan/2022:08:37:15 +0000] "GET /turba/themes/default/screen.css HTTP/1.1" 200 1335 "https://mail.smith.russellmitchell.com/turba/contact.php?source=f6I8lsQIGij7UAFdkB-6yhb&key=xdU6GqPH7V4vPOWuvB3K95c&view=Contact" "Mozilla/5.0 (X11; Linux x86_64) AppleWebKit/537.36 (KHTML, like Gecko) HeadlessChrome/97.0.4692.71 Safari/537.36"
10.143.2.25 - - [23/Jan/2022:08:37:15 +0000] "GET /turba/themes/default/graphics/turba.png HTTP/1.1" 200 664 "https://mail.smith.russellmitchell.com/turba/themes/default/screen.css" "Mozilla/5.0 (X11; Linux x86_64) AppleWebKit/537.36 (KHTML, like Gecko) HeadlessChrome/97.0.4692.71 Safari/537.36"
10.143.2.25 - - [23/Jan/2022:08:37:15 +0000] "GET /turba/themes/default/graphics/delete.png HTTP/1.1" 200 618 "https://mail.smith.russellmitchell.com/turba/themes/default/screen.css" "Mozilla/5.0 (X11; Linux x86_64) AppleWebKit/537.36 (KHTML, like Gecko) HeadlessChrome/97.0.4692.71 Safari/537.36"
10.143.2.25 - - [23/Jan/2022:08:37:15 +0000] "GET /turba/themes/default/graphics/edit.png HTTP/1.1" 200 3611 "https://mail.smith.russellmitchell.com/turba/themes/default/screen.css" "Mozilla/5.0 (X11; Linux x86_64) AppleWebKit/537.36 (KHTML, like Gecko) HeadlessChrome/97.0.4692.71 Safari/537.36"
10.143.2.25 - - [23/Jan/2022:08:37:15 +0000] "GET /turba/js/contact_tabs.js?v=eda5828c1e506c15900222f7df71d86f HTTP/1.1" 200 815 "https://mail.smith.russellmitchell.com/turba/contact.php?source=f6I8lsQIGij7UAFdkB-6yhb&key=xdU6GqPH7V4vPOWuvB3K95c&view=Contact" "Mozilla/5.0 (X11; Linux x86_64) AppleWebKit/537.36 (KHTML, like Gecko) HeadlessChrome/97.0.4692.71 Safari/537.36"
10.143.3.65 - - [23/Jan/2022:08:37:56 +0000] "POST /services/ajax.php/horde/topbarUpdate HTTP/1.1" 200 2819 "https://mail.smith.russellmitchell.com/imp/dynamic.php?page=mailbox" "Mozilla/5.0 (X11; Ubuntu; Linux x86_64; rv:86.0) Gecko/20100101 Firefox/86.0"
10.143.2.91 - - [23/Jan/2022:08:39:07 +0000] "GET /nag/ HTTP/1.1" 200 11882 "https://mail.smith.russellmitchell.com/turba/contact.php?source=tNEEb9nOu8MEOi5akc0A4Os&key=SBbShsPRl8KRw28nPPvsyZa" "Mozilla/5.0 (X11; Ubuntu; Linux x86_64; rv:86.0) Gecko/20100101 Firefox/86.0"
10.143.2.91 - - [23/Jan/2022:08:39:25 +0000] "GET /nag/task.php?actionID=add_task HTTP/1.1" 200 10481 "https://mail.smith.russellmitchell.com/nag/" "Mozilla/5.0 (X11; Ubuntu; Linux x86_64; rv:86.0) Gecko/20100101 Firefox/86.0"
10.143.2.91 - - [23/Jan/2022:08:39:40 +0000] "POST /nag/task/save.php HTTP/1.1" 302 1044 "https://mail.smith.russellmitchell.com/nag/task.php?actionID=add_task" "Mozilla/5.0 (X11; Ubuntu; Linux x86_64; rv:86.0) Gecko/20100101 Firefox/86.0"
10.143.2.91 - - [23/Jan/2022:08:39:40 +0000] "GET /nag/list.php HTTP/1.1" 200 11533 "https://mail.smith.russellmitchell.com/nag/task.php?actionID=add_task" "Mozilla/5.0 (X11; Ubuntu; Linux x86_64; rv:86.0) Gecko/20100101 Firefox/86.0"
10.143.2.91 - - [23/Jan/2022:08:39:51 +0000] "GET /nag/task.php?actionID=add_task HTTP/1.1" 200 10535 "https://mail.smith.russellmitchell.com/nag/list.php" "Mozilla/5.0 (X11; Ubuntu; Linux x86_64; rv:86.0) Gecko/20100101 Firefox/86.0"
10.143.3.65 - - [23/Jan/2022:08:39:55 +0000] "POST /services/ajax.php/imp/showMessage HTTP/1.1" 200 5084 "https://mail.smith.russellmitchell.com/imp/dynamic.php?page=mailbox" "Mozilla/5.0 (X11; Ubuntu; Linux x86_64; rv:86.0) Gecko/20100101 Firefox/86.0"
10.143.3.65 - - [23/Jan/2022:08:39:55 +0000] "GET /imp/view.php?imp_img_view=view_thumbnail&actionID=view_attach&id=2&muid=%7B5%7DINBOX45&view_token=pVT1OReTFt1VCA3W227DFao HTTP/1.1" 200 1062 "https://mail.smith.russellmitchell.com/imp/dynamic.php?page=mailbox" "Mozilla/5.0 (X11; Ubuntu; Linux x86_64; rv:86.0) Gecko/20100101 Firefox/86.0"
10.143.2.91 - - [23/Jan/2022:08:40:05 +0000] "POST /nag/task/save.php HTTP/1.1" 302 1044 "https://mail.smith.russellmitchell.com/nag/task.php?actionID=add_task" "Mozilla/5.0 (X11; Ubuntu; Linux x86_64; rv:86.0) Gecko/20100101 Firefox/86.0"
10.143.2.91 - - [23/Jan/2022:08:40:05 +0000] "GET /nag/list.php HTTP/1.1" 200 11604 "https://mail.smith.russellmitchell.com/nag/task.php?actionID=add_task" "Mozilla/5.0 (X11; Ubuntu; Linux x86_64; rv:86.0) Gecko/20100101 Firefox/86.0"
10.143.3.65 - - [23/Jan/2022:08:40:49 +0000] "POST /services/ajax.php/imp/deleteMessages HTTP/1.1" 200 1076 "https://mail.smith.russellmitchell.com/imp/dynamic.php?page=mailbox" "Mozilla/5.0 (X11; Ubuntu; Linux x86_64; rv:86.0) Gecko/20100101 Firefox/86.0"
10.143.3.65 - - [23/Jan/2022:08:41:00 +0000] "GET /imp/dynamic.php?page=compose&type=new&token=pVT1OReTFt1VCA3W227DFao&uniq=1642927260455 HTTP/1.1" 200 6256 "https://mail.smith.russellmitchell.com/imp/dynamic.php?page=mailbox" "Mozilla/5.0 (X11; Ubuntu; Linux x86_64; rv:86.0) Gecko/20100101 Firefox/86.0"
10.143.2.25 - - [23/Jan/2022:08:41:27 +0000] "GET /imp/dynamic.php?page=mailbox HTTP/1.1" 200 9471 "https://mail.smith.russellmitchell.com/turba/contact.php?source=f6I8lsQIGij7UAFdkB-6yhb&key=xdU6GqPH7V4vPOWuvB3K95c&view=Contact" "Mozilla/5.0 (X11; Linux x86_64) AppleWebKit/537.36 (KHTML, like Gecko) HeadlessChrome/97.0.4692.71 Safari/537.36"
10.143.2.25 - - [23/Jan/2022:08:41:27 +0000] "GET /imp/themes/default/mime.css HTTP/1.1" 200 494 "https://mail.smith.russellmitchell.com/imp/dynamic.php?page=mailbox" "Mozilla/5.0 (X11; Linux x86_64) AppleWebKit/537.36 (KHTML, like Gecko) HeadlessChrome/97.0.4692.71 Safari/537.36"
10.143.2.25 - - [23/Jan/2022:08:41:27 +0000] "GET /imp/themes/default/screen.css HTTP/1.1" 200 3354 "https://mail.smith.russellmitchell.com/imp/dynamic.php?page=mailbox" "Mozilla/5.0 (X11; Linux x86_64) AppleWebKit/537.36 (KHTML, like Gecko) HeadlessChrome/97.0.4692.71 Safari/537.36"
10.143.2.25 - - [23/Jan/2022:08:41:27 +0000] "GET /imp/js/dimpcore.js?v=b2b582864b8fa969bd5860bc72f0d3da HTTP/1.1" 200 4298 "https://mail.smith.russellmitchell.com/imp/dynamic.php?page=mailbox" "Mozilla/5.0 (X11; Linux x86_64) AppleWebKit/537.36 (KHTML, like Gecko) HeadlessChrome/97.0.4692.71 Safari/537.36"
10.143.2.25 - - [23/Jan/2022:08:41:27 +0000] "GET /imp/themes/default/dynamic/screen.css HTTP/1.1" 200 5959 "https://mail.smith.russellmitchell.com/imp/dynamic.php?page=mailbox" "Mozilla/5.0 (X11; Linux x86_64) AppleWebKit/537.36 (KHTML, like Gecko) HeadlessChrome/97.0.4692.71 Safari/537.36"
10.143.2.25 - - [23/Jan/2022:08:41:27 +0000] "GET /imp/js/passphrase.js?v=b2b582864b8fa969bd5860bc72f0d3da HTTP/1.1" 200 861 "https://mail.smith.russellmitchell.com/imp/dynamic.php?page=mailbox" "Mozilla/5.0 (X11; Linux x86_64) AppleWebKit/537.36 (KHTML, like Gecko) HeadlessChrome/97.0.4692.71 Safari/537.36"
10.143.2.25 - - [23/Jan/2022:08:41:27 +0000] "GET /imp/js/external/tinycon.js?v=b2b582864b8fa969bd5860bc72f0d3da HTTP/1.1" 200 3525 "https://mail.smith.russellmitchell.com/imp/dynamic.php?page=mailbox" "Mozilla/5.0 (X11; Linux x86_64) AppleWebKit/537.36 (KHTML, like Gecko) HeadlessChrome/97.0.4692.71 Safari/537.36"
10.143.2.25 - - [23/Jan/2022:08:41:27 +0000] "GET /js/form_ghost.js?v=d0d0749382c4cc649651134fc974b2e8 HTTP/1.1" 200 1939 "https://mail.smith.russellmitchell.com/imp/dynamic.php?page=mailbox" "Mozilla/5.0 (X11; Linux x86_64) AppleWebKit/537.36 (KHTML, like Gecko) HeadlessChrome/97.0.4692.71 Safari/537.36"
10.143.2.25 - - [23/Jan/2022:08:41:27 +0000] "GET /themes/default/graphics/search-topbar.png HTTP/1.1" 200 669 "https://mail.smith.russellmitchell.com/imp/dynamic.php?page=mailbox" "Mozilla/5.0 (X11; Linux x86_64) AppleWebKit/537.36 (KHTML, like Gecko) HeadlessChrome/97.0.4692.71 Safari/537.36"
10.143.2.25 - - [23/Jan/2022:08:41:27 +0000] "GET /js/jstorage.js?v=d0d0749382c4cc649651134fc974b2e8 HTTP/1.1" 200 4612 "https://mail.smith.russellmitchell.com/imp/dynamic.php?page=mailbox" "Mozilla/5.0 (X11; Linux x86_64) AppleWebKit/537.36 (KHTML, like Gecko) HeadlessChrome/97.0.4692.71 Safari/537.36"
10.143.2.25 - - [23/Jan/2022:08:41:27 +0000] "GET /js/slider2.js?v=d0d0749382c4cc649651134fc974b2e8 HTTP/1.1" 200 2825 "https://mail.smith.russellmitchell.com/imp/dynamic.php?page=mailbox" "Mozilla/5.0 (X11; Linux x86_64) AppleWebKit/537.36 (KHTML, like Gecko) HeadlessChrome/97.0.4692.71 Safari/537.36"
10.143.2.25 - - [23/Jan/2022:08:41:27 +0000] "GET /js/toggle_quotes.js?v=d0d0749382c4cc649651134fc974b2e8 HTTP/1.1" 200 873 "https://mail.smith.russellmitchell.com/imp/dynamic.php?page=mailbox" "Mozilla/5.0 (X11; Linux x86_64) AppleWebKit/537.36 (KHTML, like Gecko) HeadlessChrome/97.0.4692.71 Safari/537.36"
10.143.2.25 - - [23/Jan/2022:08:41:27 +0000] "GET /imp/js/viewport.js?v=b2b582864b8fa969bd5860bc72f0d3da HTTP/1.1" 200 14008 "https://mail.smith.russellmitchell.com/imp/dynamic.php?page=mailbox" "Mozilla/5.0 (X11; Linux x86_64) AppleWebKit/537.36 (KHTML, like Gecko) HeadlessChrome/97.0.4692.71 Safari/537.36"
10.143.2.25 - - [23/Jan/2022:08:41:27 +0000] "GET /js/dialog.js?v=d0d0749382c4cc649651134fc974b2e8 HTTP/1.1" 200 1688 "https://mail.smith.russellmitchell.com/imp/dynamic.php?page=mailbox" "Mozilla/5.0 (X11; Linux x86_64) AppleWebKit/537.36 (KHTML, like Gecko) HeadlessChrome/97.0.4692.71 Safari/537.36"
10.143.2.25 - - [23/Jan/2022:08:41:27 +0000] "GET /js/redbox.js?v=d0d0749382c4cc649651134fc974b2e8 HTTP/1.1" 200 1648 "https://mail.smith.russellmitchell.com/imp/dynamic.php?page=mailbox" "Mozilla/5.0 (X11; Linux x86_64) AppleWebKit/537.36 (KHTML, like Gecko) HeadlessChrome/97.0.4692.71 Safari/537.36"
10.143.2.25 - - [23/Jan/2022:08:41:27 +0000] "GET /imp/js/imp.js?v=b2b582864b8fa969bd5860bc72f0d3da HTTP/1.1" 200 2180 "https://mail.smith.russellmitchell.com/imp/dynamic.php?page=mailbox" "Mozilla/5.0 (X11; Linux x86_64) AppleWebKit/537.36 (KHTML, like Gecko) HeadlessChrome/97.0.4692.71 Safari/537.36"
10.143.2.25 - - [23/Jan/2022:08:41:27 +0000] "GET /js/colorpicker.js?v=d0d0749382c4cc649651134fc974b2e8 HTTP/1.1" 200 3818 "https://mail.smith.russellmitchell.com/imp/dynamic.php?page=mailbox" "Mozilla/5.0 (X11; Linux x86_64) AppleWebKit/537.36 (KHTML, like Gecko) HeadlessChrome/97.0.4692.71 Safari/537.36"
10.143.2.25 - - [23/Jan/2022:08:41:27 +0000] "GET /imp/js/external/base64.js?v=b2b582864b8fa969bd5860bc72f0d3da HTTP/1.1" 200 2379 "https://mail.smith.russellmitchell.com/imp/dynamic.php?page=mailbox" "Mozilla/5.0 (X11; Linux x86_64) AppleWebKit/537.36 (KHTML, like Gecko) HeadlessChrome/97.0.4692.71 Safari/537.36"
10.143.2.25 - - [23/Jan/2022:08:41:27 +0000] "GET /imp/js/viewport_utils.js?v=b2b582864b8fa969bd5860bc72f0d3da HTTP/1.1" 200 1680 "https://mail.smith.russellmitchell.com/imp/dynamic.php?page=mailbox" "Mozilla/5.0 (X11; Linux x86_64) AppleWebKit/537.36 (KHTML, like Gecko) HeadlessChrome/97.0.4692.71 Safari/537.36"
10.143.2.25 - - [23/Jan/2022:08:41:27 +0000] "GET /js/dragdrop2.js?v=d0d0749382c4cc649651134fc974b2e8 HTTP/1.1" 200 9357 "https://mail.smith.russellmitchell.com/imp/dynamic.php?page=mailbox" "Mozilla/5.0 (X11; Linux x86_64) AppleWebKit/537.36 (KHTML, like Gecko) HeadlessChrome/97.0.4692.71 Safari/537.36"
10.143.2.25 - - [23/Jan/2022:08:41:27 +0000] "GET /js/contextsensitive.js?v=d0d0749382c4cc649651134fc974b2e8 HTTP/1.1" 200 4848 "https://mail.smith.russellmitchell.com/imp/dynamic.php?page=mailbox" "Mozilla/5.0 (X11; Linux x86_64) AppleWebKit/537.36 (KHTML, like Gecko) HeadlessChrome/97.0.4692.71 Safari/537.36"
10.143.2.25 - - [23/Jan/2022:08:41:27 +0000] "GET /imp/js/dimpbase.js?v=b2b582864b8fa969bd5860bc72f0d3da HTTP/1.1" 200 31046 "https://mail.smith.russellmitchell.com/imp/dynamic.php?page=mailbox" "Mozilla/5.0 (X11; Linux x86_64) AppleWebKit/537.36 (KHTML, like Gecko) HeadlessChrome/97.0.4692.71 Safari/537.36"
10.143.2.25 - - [23/Jan/2022:08:41:28 +0000] "GET /imp/themes/default/graphics/reload.png HTTP/1.1" 200 784 "https://mail.smith.russellmitchell.com/imp/themes/default/dynamic/screen.css" "Mozilla/5.0 (X11; Linux x86_64) AppleWebKit/537.36 (KHTML, like Gecko) HeadlessChrome/97.0.4692.71 Safari/537.36"
