10.143.3.65 - - [21/Jan/2022:06:44:30 +0000] "GET /imp/js/ckeditor/imagepoll.js?v=b2b582864b8fa969bd5860bc72f0d3da HTTP/1.1" 200 1166 "https://mail.smith.russellmitchell.com/imp/dynamic.php?page=compose&type=new&token=zuyUVc5yDOHHyfwTdTT75Xa&uniq=1642747469758" "Mozilla/5.0 (X11; Ubuntu; Linux x86_64; rv:86.0) Gecko/20100101 Firefox/86.0"
10.143.3.65 - - [21/Jan/2022:06:44:30 +0000] "GET /imp/js/prettyautocomplete.js?v=b2b582864b8fa969bd5860bc72f0d3da HTTP/1.1" 200 3182 "https://mail.smith.russellmitchell.com/imp/dynamic.php?page=compose&type=new&token=zuyUVc5yDOHHyfwTdTT75Xa&uniq=1642747469758" "Mozilla/5.0 (X11; Ubuntu; Linux x86_64; rv:86.0) Gecko/20100101 Firefox/86.0"
10.143.3.65 - - [21/Jan/2022:06:44:30 +0000] "GET /js/ckeditor/ckeditor_basic.js HTTP/1.1" 200 3985 "https://mail.smith.russellmitchell.com/imp/dynamic.php?page=compose&type=new&token=zuyUVc5yDOHHyfwTdTT75Xa&uniq=1642747469758" "Mozilla/5.0 (X11; Ubuntu; Linux x86_64; rv:86.0) Gecko/20100101 Firefox/86.0"
10.143.3.65 - - [21/Jan/2022:06:44:30 +0000] "GET /imp/js/draghandler.js?v=b2b582864b8fa969bd5860bc72f0d3da HTTP/1.1" 200 1855 "https://mail.smith.russellmitchell.com/imp/dynamic.php?page=compose&type=new&token=zuyUVc5yDOHHyfwTdTT75Xa&uniq=1642747469758" "Mozilla/5.0 (X11; Ubuntu; Linux x86_64; rv:86.0) Gecko/20100101 Firefox/86.0"
10.143.3.65 - - [21/Jan/2022:06:44:30 +0000] "GET /imp/js/editor.js?v=b2b582864b8fa969bd5860bc72f0d3da HTTP/1.1" 200 1659 "https://mail.smith.russellmitchell.com/imp/dynamic.php?page=compose&type=new&token=zuyUVc5yDOHHyfwTdTT75Xa&uniq=1642747469758" "Mozilla/5.0 (X11; Ubuntu; Linux x86_64; rv:86.0) Gecko/20100101 Firefox/86.0"
10.143.3.65 - - [21/Jan/2022:06:44:30 +0000] "GET /imp/js/compose-dimp.js?v=b2b582864b8fa969bd5860bc72f0d3da HTTP/1.1" 200 11291 "https://mail.smith.russellmitchell.com/imp/dynamic.php?page=compose&type=new&token=zuyUVc5yDOHHyfwTdTT75Xa&uniq=1642747469758" "Mozilla/5.0 (X11; Ubuntu; Linux x86_64; rv:86.0) Gecko/20100101 Firefox/86.0"
10.143.3.65 - - [21/Jan/2022:06:44:30 +0000] "GET /imp/themes/default/graphics/close.png HTTP/1.1" 200 795 "https://mail.smith.russellmitchell.com/imp/themes/default/screen.css" "Mozilla/5.0 (X11; Ubuntu; Linux x86_64; rv:86.0) Gecko/20100101 Firefox/86.0"
10.143.3.65 - - [21/Jan/2022:06:44:30 +0000] "GET /imp/themes/default/graphics/forward.png HTTP/1.1" 200 558 "https://mail.smith.russellmitchell.com/imp/themes/default/dynamic/screen.css" "Mozilla/5.0 (X11; Ubuntu; Linux x86_64; rv:86.0) Gecko/20100101 Firefox/86.0"
10.143.3.65 - - [21/Jan/2022:06:44:30 +0000] "GET /imp/themes/default/graphics/drafts.png HTTP/1.1" 200 786 "https://mail.smith.russellmitchell.com/imp/themes/default/dynamic/screen.css" "Mozilla/5.0 (X11; Ubuntu; Linux x86_64; rv:86.0) Gecko/20100101 Firefox/86.0"
10.143.3.65 - - [21/Jan/2022:06:44:30 +0000] "GET /imp/themes/default/graphics/attachment.png HTTP/1.1" 200 851 "https://mail.smith.russellmitchell.com/imp/themes/default/dynamic/screen.css" "Mozilla/5.0 (X11; Ubuntu; Linux x86_64; rv:86.0) Gecko/20100101 Firefox/86.0"
10.143.3.65 - - [21/Jan/2022:06:44:44 +0000] "GET /imp/themes/default/graphics/delete-small.png HTTP/1.1" 200 1005 "https://mail.smith.russellmitchell.com/imp/dynamic.php?page=compose&type=new&token=zuyUVc5yDOHHyfwTdTT75Xa&uniq=1642747469758" "Mozilla/5.0 (X11; Ubuntu; Linux x86_64; rv:86.0) Gecko/20100101 Firefox/86.0"
10.143.3.65 - - [21/Jan/2022:06:46:10 +0000] "GET /themes/default/graphics/button-active-bg.png HTTP/1.1" 200 982 "https://mail.smith.russellmitchell.com/themes/default/screen.css" "Mozilla/5.0 (X11; Ubuntu; Linux x86_64; rv:86.0) Gecko/20100101 Firefox/86.0"
10.143.3.65 - - [21/Jan/2022:06:46:10 +0000] "GET /themes/default/graphics/loading.gif HTTP/1.1" 200 2620 "https://mail.smith.russellmitchell.com/themes/default/screen.css" "Mozilla/5.0 (X11; Ubuntu; Linux x86_64; rv:86.0) Gecko/20100101 Firefox/86.0"
10.143.3.65 - - [21/Jan/2022:06:46:10 +0000] "POST /services/ajax.php/imp/sendMessage HTTP/1.1" 200 1081 "https://mail.smith.russellmitchell.com/imp/dynamic.php?page=compose&type=new&token=zuyUVc5yDOHHyfwTdTT75Xa&uniq=1642747469758" "Mozilla/5.0 (X11; Ubuntu; Linux x86_64; rv:86.0) Gecko/20100101 Firefox/86.0"
172.19.131.174 - - [21/Jan/2022:06:46:45 +0000] "POST /services/ajax.php/horde/topbarUpdate HTTP/1.1" 200 2813 "https://mail.smith.russellmitchell.com/imp/dynamic.php?page=mailbox" "Mozilla/5.0 (X11; Linux x86_64) AppleWebKit/537.36 (KHTML, like Gecko) HeadlessChrome/97.0.4692.71 Safari/537.36"
172.19.131.174 - - [21/Jan/2022:06:47:55 +0000] "GET /imp/dynamic.php?page=compose&type=new&token=uplztD1P3yVezseybDFxbtK&uniq=1642747675353 HTTP/1.1" 200 6257 "https://mail.smith.russellmitchell.com/imp/dynamic.php?page=mailbox" "Mozilla/5.0 (X11; Linux x86_64) AppleWebKit/537.36 (KHTML, like Gecko) HeadlessChrome/97.0.4692.71 Safari/537.36"
172.19.131.174 - - [21/Jan/2022:06:47:55 +0000] "GET /imp/themes/default/mime.css HTTP/1.1" 200 494 "https://mail.smith.russellmitchell.com/imp/dynamic.php?page=compose&type=new&token=uplztD1P3yVezseybDFxbtK&uniq=1642747675353" "Mozilla/5.0 (X11; Linux x86_64) AppleWebKit/537.36 (KHTML, like Gecko) HeadlessChrome/97.0.4692.71 Safari/537.36"
172.19.131.174 - - [21/Jan/2022:06:47:55 +0000] "GET /imp/themes/default/screen.css HTTP/1.1" 200 3354 "https://mail.smith.russellmitchell.com/imp/dynamic.php?page=compose&type=new&token=uplztD1P3yVezseybDFxbtK&uniq=1642747675353" "Mozilla/5.0 (X11; Linux x86_64) AppleWebKit/537.36 (KHTML, like Gecko) HeadlessChrome/97.0.4692.71 Safari/537.36"
172.19.131.174 - - [21/Jan/2022:06:47:55 +0000] "GET /imp/themes/default/dynamic/screen.css HTTP/1.1" 200 5959 "https://mail.smith.russellmitchell.com/imp/dynamic.php?page=compose&type=new&token=uplztD1P3yVezseybDFxbtK&uniq=1642747675353" "Mozilla/5.0 (X11; Linux x86_64) AppleWebKit/537.36 (KHTML, like Gecko) HeadlessChrome/97.0.4692.71 Safari/537.36"
10.143.3.65 - - [21/Jan/2022:06:48:45 +0000] "GET /nag/ HTTP/1.1" 200 9393 "https://mail.smith.russellmitchell.com/imp/dynamic.php?page=mailbox" "Mozilla/5.0 (X11; Ubuntu; Linux x86_64; rv:86.0) Gecko/20100101 Firefox/86.0"
10.143.3.65 - - [21/Jan/2022:06:48:45 +0000] "GET /nag/themes/default/screen.css HTTP/1.1" 200 1170 "https://mail.smith.russellmitchell.com/nag/" "Mozilla/5.0 (X11; Ubuntu; Linux x86_64; rv:86.0) Gecko/20100101 Firefox/86.0"
10.143.3.65 - - [21/Jan/2022:06:48:46 +0000] "GET /themes/default/graphics/tab.png HTTP/1.1" 200 413 "https://mail.smith.russellmitchell.com/themes/default/screen.css" "Mozilla/5.0 (X11; Ubuntu; Linux x86_64; rv:86.0) Gecko/20100101 Firefox/86.0"
10.143.3.65 - - [21/Jan/2022:06:48:46 +0000] "GET /nag/themes/default/graphics/add.png HTTP/1.1" 200 818 "https://mail.smith.russellmitchell.com/nag/themes/default/screen.css" "Mozilla/5.0 (X11; Ubuntu; Linux x86_64; rv:86.0) Gecko/20100101 Firefox/86.0"
10.143.3.65 - - [21/Jan/2022:06:48:46 +0000] "GET /themes/default/graphics/sidebar-split.png HTTP/1.1" 200 391 "https://mail.smith.russellmitchell.com/themes/default/screen.css" "Mozilla/5.0 (X11; Ubuntu; Linux x86_64; rv:86.0) Gecko/20100101 Firefox/86.0"
10.143.3.65 - - [21/Jan/2022:06:48:46 +0000] "GET /nag/themes/default/graphics/nag.png HTTP/1.1" 200 771 "https://mail.smith.russellmitchell.com/nag/themes/default/screen.css" "Mozilla/5.0 (X11; Ubuntu; Linux x86_64; rv:86.0) Gecko/20100101 Firefox/86.0"
10.143.3.65 - - [21/Jan/2022:06:48:46 +0000] "GET /nag/themes/default/graphics/search.png HTTP/1.1" 200 1342 "https://mail.smith.russellmitchell.com/nag/themes/default/screen.css" "Mozilla/5.0 (X11; Ubuntu; Linux x86_64; rv:86.0) Gecko/20100101 Firefox/86.0"
10.143.3.65 - - [21/Jan/2022:06:48:46 +0000] "GET /nag/themes/default/graphics/favicon.ico HTTP/1.1" 200 2064 "https://mail.smith.russellmitchell.com/nag/" "Mozilla/5.0 (X11; Ubuntu; Linux x86_64; rv:86.0) Gecko/20100101 Firefox/86.0"
10.143.3.65 - - [21/Jan/2022:06:49:31 +0000] "GET /nag/task.php?actionID=add_task HTTP/1.1" 200 9801 "https://mail.smith.russellmitchell.com/nag/" "Mozilla/5.0 (X11; Ubuntu; Linux x86_64; rv:86.0) Gecko/20100101 Firefox/86.0"
10.143.3.65 - - [21/Jan/2022:06:49:31 +0000] "GET /js/form_sections.js?v=d0d0749382c4cc649651134fc974b2e8 HTTP/1.1" 200 985 "https://mail.smith.russellmitchell.com/nag/task.php?actionID=add_task" "Mozilla/5.0 (X11; Ubuntu; Linux x86_64; rv:86.0) Gecko/20100101 Firefox/86.0"
10.143.3.65 - - [21/Jan/2022:06:49:31 +0000] "GET /js/calendar.js?v=d0d0749382c4cc649651134fc974b2e8 HTTP/1.1" 200 2934 "https://mail.smith.russellmitchell.com/nag/task.php?actionID=add_task" "Mozilla/5.0 (X11; Ubuntu; Linux x86_64; rv:86.0) Gecko/20100101 Firefox/86.0"
10.143.3.65 - - [21/Jan/2022:06:49:31 +0000] "GET /nag/js/calendar.js?v=1c1ea9cb7680a625043f90fc61ea7261 HTTP/1.1" 200 1344 "https://mail.smith.russellmitchell.com/nag/task.php?actionID=add_task" "Mozilla/5.0 (X11; Ubuntu; Linux x86_64; rv:86.0) Gecko/20100101 Firefox/86.0"
10.143.3.65 - - [21/Jan/2022:06:49:31 +0000] "GET /nag/js/task.js?v=1c1ea9cb7680a625043f90fc61ea7261 HTTP/1.1" 200 1086 "https://mail.smith.russellmitchell.com/nag/task.php?actionID=add_task" "Mozilla/5.0 (X11; Ubuntu; Linux x86_64; rv:86.0) Gecko/20100101 Firefox/86.0"
172.19.131.174 - - [21/Jan/2022:06:49:39 +0000] "POST /services/ajax.php/imp/sendMessage HTTP/1.1" 200 1081 "https://mail.smith.russellmitchell.com/imp/dynamic.php?page=compose&type=new&token=uplztD1P3yVezseybDFxbtK&uniq=1642747675353" "Mozilla/5.0 (X11; Linux x86_64) AppleWebKit/537.36 (KHTML, like Gecko) HeadlessChrome/97.0.4692.71 Safari/537.36"
172.19.131.174 - - [21/Jan/2022:06:49:40 +0000] "GET /imp/dynamic.php?page=compose&type=new&token=uplztD1P3yVezseybDFxbtK&uniq=1642747780434 HTTP/1.1" 200 5679 "https://mail.smith.russellmitchell.com/imp/dynamic.php?page=mailbox" "Mozilla/5.0 (X11; Linux x86_64) AppleWebKit/537.36 (KHTML, like Gecko) HeadlessChrome/97.0.4692.71 Safari/537.36"
172.19.131.174 - - [21/Jan/2022:06:49:40 +0000] "GET /imp/themes/default/mime.css HTTP/1.1" 200 494 "https://mail.smith.russellmitchell.com/imp/dynamic.php?page=compose&type=new&token=uplztD1P3yVezseybDFxbtK&uniq=1642747780434" "Mozilla/5.0 (X11; Linux x86_64) AppleWebKit/537.36 (KHTML, like Gecko) HeadlessChrome/97.0.4692.71 Safari/537.36"
172.19.131.174 - - [21/Jan/2022:06:49:40 +0000] "GET /imp/themes/default/screen.css HTTP/1.1" 200 3354 "https://mail.smith.russellmitchell.com/imp/dynamic.php?page=compose&type=new&token=uplztD1P3yVezseybDFxbtK&uniq=1642747780434" "Mozilla/5.0 (X11; Linux x86_64) AppleWebKit/537.36 (KHTML, like Gecko) HeadlessChrome/97.0.4692.71 Safari/537.36"
172.19.131.174 - - [21/Jan/2022:06:49:40 +0000] "GET /imp/themes/default/dynamic/screen.css HTTP/1.1" 200 5959 "https://mail.smith.russellmitchell.com/imp/dynamic.php?page=compose&type=new&token=uplztD1P3yVezseybDFxbtK&uniq=1642747780434" "Mozilla/5.0 (X11; Linux x86_64) AppleWebKit/537.36 (KHTML, like Gecko) HeadlessChrome/97.0.4692.71 Safari/537.36"
10.143.3.65 - - [21/Jan/2022:06:49:49 +0000] "POST /nag/task/save.php HTTP/1.1" 302 1044 "https://mail.smith.russellmitchell.com/nag/task.php?actionID=add_task" "Mozilla/5.0 (X11; Ubuntu; Linux x86_64; rv:86.0) Gecko/20100101 Firefox/86.0"
10.143.3.65 - - [21/Jan/2022:06:49:49 +0000] "GET /nag/list.php HTTP/1.1" 200 9039 "https://mail.smith.russellmitchell.com/nag/task.php?actionID=add_task" "Mozilla/5.0 (X11; Ubuntu; Linux x86_64; rv:86.0) Gecko/20100101 Firefox/86.0"
10.143.3.65 - - [21/Jan/2022:06:50:39 +0000] "GET /nag/task.php?actionID=add_task HTTP/1.1" 200 9834 "https://mail.smith.russellmitchell.com/nag/list.php" "Mozilla/5.0 (X11; Ubuntu; Linux x86_64; rv:86.0) Gecko/20100101 Firefox/86.0"
10.143.3.65 - - [21/Jan/2022:06:50:49 +0000] "POST /services/ajax.php/horde/imple?token=zuyUVc5yDOHHyfwTdTT75Xa&app=nag&imple=Nag_Ajax_Imple_TagAutoCompleter&input=tags HTTP/1.1" 200 984 "https://mail.smith.russellmitchell.com/nag/task.php?actionID=add_task" "Mozilla/5.0 (X11; Ubuntu; Linux x86_64; rv:86.0) Gecko/20100101 Firefox/86.0"
10.143.3.65 - - [21/Jan/2022:06:50:58 +0000] "POST /nag/task/save.php HTTP/1.1" 302 1044 "https://mail.smith.russellmitchell.com/nag/task.php?actionID=add_task" "Mozilla/5.0 (X11; Ubuntu; Linux x86_64; rv:86.0) Gecko/20100101 Firefox/86.0"
10.143.3.65 - - [21/Jan/2022:06:50:59 +0000] "GET /nag/list.php HTTP/1.1" 200 9178 "https://mail.smith.russellmitchell.com/nag/task.php?actionID=add_task" "Mozilla/5.0 (X11; Ubuntu; Linux x86_64; rv:86.0) Gecko/20100101 Firefox/86.0"
10.143.3.65 - - [21/Jan/2022:06:51:30 +0000] "GET /nag/task.php?actionID=add_task HTTP/1.1" 200 9865 "https://mail.smith.russellmitchell.com/nag/list.php" "Mozilla/5.0 (X11; Ubuntu; Linux x86_64; rv:86.0) Gecko/20100101 Firefox/86.0"
172.19.131.174 - - [21/Jan/2022:06:51:45 +0000] "POST /services/ajax.php/horde/topbarUpdate HTTP/1.1" 200 1061 "https://mail.smith.russellmitchell.com/imp/dynamic.php?page=mailbox" "Mozilla/5.0 (X11; Linux x86_64) AppleWebKit/537.36 (KHTML, like Gecko) HeadlessChrome/97.0.4692.71 Safari/537.36"
10.143.3.65 - - [21/Jan/2022:06:51:47 +0000] "POST /nag/task/save.php HTTP/1.1" 302 1044 "https://mail.smith.russellmitchell.com/nag/task.php?actionID=add_task" "Mozilla/5.0 (X11; Ubuntu; Linux x86_64; rv:86.0) Gecko/20100101 Firefox/86.0"
10.143.3.65 - - [21/Jan/2022:06:51:47 +0000] "GET /nag/list.php HTTP/1.1" 200 9331 "https://mail.smith.russellmitchell.com/nag/task.php?actionID=add_task" "Mozilla/5.0 (X11; Ubuntu; Linux x86_64; rv:86.0) Gecko/20100101 Firefox/86.0"
10.143.3.65 - - [21/Jan/2022:06:52:11 +0000] "GET /nag/task.php?actionID=add_task HTTP/1.1" 200 9898 "https://mail.smith.russellmitchell.com/nag/list.php" "Mozilla/5.0 (X11; Ubuntu; Linux x86_64; rv:86.0) Gecko/20100101 Firefox/86.0"
172.19.131.174 - - [21/Jan/2022:06:52:19 +0000] "POST /services/ajax.php/imp/sendMessage HTTP/1.1" 200 1091 "https://mail.smith.russellmitchell.com/imp/dynamic.php?page=compose&type=new&token=uplztD1P3yVezseybDFxbtK&uniq=1642747780434" "Mozilla/5.0 (X11; Linux x86_64) AppleWebKit/537.36 (KHTML, like Gecko) HeadlessChrome/97.0.4692.71 Safari/537.36"
172.19.131.174 - - [21/Jan/2022:06:52:20 +0000] "GET /imp/dynamic.php?page=compose&type=new&token=uplztD1P3yVezseybDFxbtK&uniq=1642747940502 HTTP/1.1" 200 5678 "https://mail.smith.russellmitchell.com/imp/dynamic.php?page=mailbox" "Mozilla/5.0 (X11; Linux x86_64) AppleWebKit/537.36 (KHTML, like Gecko) HeadlessChrome/97.0.4692.71 Safari/537.36"
172.19.131.174 - - [21/Jan/2022:06:52:20 +0000] "GET /imp/themes/default/mime.css HTTP/1.1" 200 494 "https://mail.smith.russellmitchell.com/imp/dynamic.php?page=compose&type=new&token=uplztD1P3yVezseybDFxbtK&uniq=1642747940502" "Mozilla/5.0 (X11; Linux x86_64) AppleWebKit/537.36 (KHTML, like Gecko) HeadlessChrome/97.0.4692.71 Safari/537.36"
172.19.131.174 - - [21/Jan/2022:06:52:20 +0000] "GET /imp/themes/default/screen.css HTTP/1.1" 200 3354 "https://mail.smith.russellmitchell.com/imp/dynamic.php?page=compose&type=new&token=uplztD1P3yVezseybDFxbtK&uniq=1642747940502" "Mozilla/5.0 (X11; Linux x86_64) AppleWebKit/537.36 (KHTML, like Gecko) HeadlessChrome/97.0.4692.71 Safari/537.36"
172.19.131.174 - - [21/Jan/2022:06:52:20 +0000] "GET /imp/themes/default/dynamic/screen.css HTTP/1.1" 200 5383 "https://mail.smith.russellmitchell.com/imp/dynamic.php?page=compose&type=new&token=uplztD1P3yVezseybDFxbtK&uniq=1642747940502" "Mozilla/5.0 (X11; Linux x86_64) AppleWebKit/537.36 (KHTML, like Gecko) HeadlessChrome/97.0.4692.71 Safari/537.36"
10.143.3.65 - - [21/Jan/2022:06:52:27 +0000] "POST /nag/task/save.php HTTP/1.1" 302 1044 "https://mail.smith.russellmitchell.com/nag/task.php?actionID=add_task" "Mozilla/5.0 (X11; Ubuntu; Linux x86_64; rv:86.0) Gecko/20100101 Firefox/86.0"
10.143.3.65 - - [21/Jan/2022:06:52:27 +0000] "GET /nag/list.php HTTP/1.1" 200 9424 "https://mail.smith.russellmitchell.com/nag/task.php?actionID=add_task" "Mozilla/5.0 (X11; Ubuntu; Linux x86_64; rv:86.0) Gecko/20100101 Firefox/86.0"
172.19.131.174 - - [21/Jan/2022:06:54:12 +0000] "POST /services/ajax.php/imp/sendMessage HTTP/1.1" 200 1081 "https://mail.smith.russellmitchell.com/imp/dynamic.php?page=compose&type=new&token=uplztD1P3yVezseybDFxbtK&uniq=1642747940502" "Mozilla/5.0 (X11; Linux x86_64) AppleWebKit/537.36 (KHTML, like Gecko) HeadlessChrome/97.0.4692.71 Safari/537.36"
172.19.131.174 - - [21/Jan/2022:06:54:13 +0000] "POST /services/ajax.php/imp/showMessage HTTP/1.1" 200 2246 "https://mail.smith.russellmitchell.com/imp/dynamic.php?page=mailbox" "Mozilla/5.0 (X11; Linux x86_64) AppleWebKit/537.36 (KHTML, like Gecko) HeadlessChrome/97.0.4692.71 Safari/537.36"
172.19.131.174 - - [21/Jan/2022:06:54:47 +0000] "GET /imp/dynamic.php?page=message&buid=5&mailbox=SU5CT1g&token=uplztD1P3yVezseybDFxbtK&uniq=1642748087404 HTTP/1.1" 200 7993 "https://mail.smith.russellmitchell.com/imp/dynamic.php?page=mailbox" "Mozilla/5.0 (X11; Linux x86_64) AppleWebKit/537.36 (KHTML, like Gecko) HeadlessChrome/97.0.4692.71 Safari/537.36"
172.19.131.174 - - [21/Jan/2022:06:54:47 +0000] "GET /imp/themes/default/mime.css HTTP/1.1" 200 494 "https://mail.smith.russellmitchell.com/imp/dynamic.php?page=message&buid=5&mailbox=SU5CT1g&token=uplztD1P3yVezseybDFxbtK&uniq=1642748087404" "Mozilla/5.0 (X11; Linux x86_64) AppleWebKit/537.36 (KHTML, like Gecko) HeadlessChrome/97.0.4692.71 Safari/537.36"
172.19.131.174 - - [21/Jan/2022:06:54:47 +0000] "GET /imp/themes/default/dynamic/screen.css HTTP/1.1" 200 5383 "https://mail.smith.russellmitchell.com/imp/dynamic.php?page=message&buid=5&mailbox=SU5CT1g&token=uplztD1P3yVezseybDFxbtK&uniq=1642748087404" "Mozilla/5.0 (X11; Linux x86_64) AppleWebKit/537.36 (KHTML, like Gecko) HeadlessChrome/97.0.4692.71 Safari/537.36"
172.19.131.174 - - [21/Jan/2022:06:54:47 +0000] "GET /imp/themes/default/screen.css HTTP/1.1" 200 3930 "https://mail.smith.russellmitchell.com/imp/dynamic.php?page=message&buid=5&mailbox=SU5CT1g&token=uplztD1P3yVezseybDFxbtK&uniq=1642748087404" "Mozilla/5.0 (X11; Linux x86_64) AppleWebKit/537.36 (KHTML, like Gecko) HeadlessChrome/97.0.4692.71 Safari/537.36"
172.19.131.174 - - [21/Jan/2022:06:54:47 +0000] "GET /imp/themes/default/graphics/answered.png HTTP/1.1" 200 759 "https://mail.smith.russellmitchell.com/imp/themes/default/dynamic/screen.css" "Mozilla/5.0 (X11; Linux x86_64) AppleWebKit/537.36 (KHTML, like Gecko) HeadlessChrome/97.0.4692.71 Safari/537.36"
172.19.131.174 - - [21/Jan/2022:06:55:01 +0000] "POST /services/ajax.php/imp/getReplyData HTTP/1.1" 200 3921 "https://mail.smith.russellmitchell.com/imp/dynamic.php?page=message&buid=5&mailbox=SU5CT1g&token=uplztD1P3yVezseybDFxbtK&uniq=1642748087404" "Mozilla/5.0 (X11; Linux x86_64) AppleWebKit/537.36 (KHTML, like Gecko) HeadlessChrome/97.0.4692.71 Safari/537.36"
10.143.3.65 - - [21/Jan/2022:06:55:59 +0000] "GET /imp/dynamic.php?page=mailbox HTTP/1.1" 200 9475 "https://mail.smith.russellmitchell.com/nag/list.php" "Mozilla/5.0 (X11; Ubuntu; Linux x86_64; rv:86.0) Gecko/20100101 Firefox/86.0"
10.143.3.65 - - [21/Jan/2022:06:55:59 +0000] "POST /services/ajax.php/imp/dynamicInit HTTP/1.1" 200 2513 "https://mail.smith.russellmitchell.com/imp/dynamic.php?page=mailbox" "Mozilla/5.0 (X11; Ubuntu; Linux x86_64; rv:86.0) Gecko/20100101 Firefox/86.0"
10.143.3.65 - - [21/Jan/2022:06:56:26 +0000] "GET /imp/themes/default/graphics/flags/unseen-inv.png HTTP/1.1" 200 1094 "https://mail.smith.russellmitchell.com/imp/themes/default/dynamic/screen.css" "Mozilla/5.0 (X11; Ubuntu; Linux x86_64; rv:86.0) Gecko/20100101 Firefox/86.0"
10.143.3.65 - - [21/Jan/2022:06:56:26 +0000] "GET /imp/themes/default/graphics/flags/personal-inv.png HTTP/1.1" 200 1073 "https://mail.smith.russellmitchell.com/imp/themes/default/dynamic/screen.css" "Mozilla/5.0 (X11; Ubuntu; Linux x86_64; rv:86.0) Gecko/20100101 Firefox/86.0"
10.143.3.65 - - [21/Jan/2022:06:56:26 +0000] "GET /imp/themes/default/graphics/delete.png HTTP/1.1" 200 1194 "https://mail.smith.russellmitchell.com/imp/themes/default/dynamic/screen.css" "Mozilla/5.0 (X11; Ubuntu; Linux x86_64; rv:86.0) Gecko/20100101 Firefox/86.0"
10.143.3.65 - - [21/Jan/2022:06:56:26 +0000] "GET /imp/themes/default/graphics/checkbox_on.png HTTP/1.1" 200 1359 "https://mail.smith.russellmitchell.com/imp/themes/default/dynamic/screen.css" "Mozilla/5.0 (X11; Ubuntu; Linux x86_64; rv:86.0) Gecko/20100101 Firefox/86.0"
10.143.3.65 - - [21/Jan/2022:06:56:26 +0000] "GET /imp/themes/default/graphics/reply.png HTTP/1.1" 200 1129 "https://mail.smith.russellmitchell.com/imp/themes/default/dynamic/screen.css" "Mozilla/5.0 (X11; Ubuntu; Linux x86_64; rv:86.0) Gecko/20100101 Firefox/86.0"
10.143.3.65 - - [21/Jan/2022:06:56:26 +0000] "POST /services/ajax.php/imp/showMessage HTTP/1.1" 200 2875 "https://mail.smith.russellmitchell.com/imp/dynamic.php?page=mailbox" "Mozilla/5.0 (X11; Ubuntu; Linux x86_64; rv:86.0) Gecko/20100101 Firefox/86.0"
10.143.3.65 - - [21/Jan/2022:06:56:26 +0000] "GET /imp/themes/default/graphics/plus.png HTTP/1.1" 200 791 "https://mail.smith.russellmitchell.com/imp/themes/default/dynamic/screen.css" "Mozilla/5.0 (X11; Ubuntu; Linux x86_64; rv:86.0) Gecko/20100101 Firefox/86.0"
10.143.3.65 - - [21/Jan/2022:06:56:26 +0000] "GET /imp/themes/default/graphics/arrow_collapsed.png HTTP/1.1" 200 539 "https://mail.smith.russellmitchell.com/imp/themes/default/dynamic/screen.css" "Mozilla/5.0 (X11; Ubuntu; Linux x86_64; rv:86.0) Gecko/20100101 Firefox/86.0"
10.143.3.65 - - [21/Jan/2022:06:56:26 +0000] "GET /themes/default/graphics/button.png HTTP/1.1" 200 411 "https://mail.smith.russellmitchell.com/themes/default/screen.css" "Mozilla/5.0 (X11; Ubuntu; Linux x86_64; rv:86.0) Gecko/20100101 Firefox/86.0"
10.143.3.65 - - [21/Jan/2022:06:56:26 +0000] "GET /imp/themes/default/graphics/print.png HTTP/1.1" 200 655 "https://mail.smith.russellmitchell.com/imp/themes/default/screen.css" "Mozilla/5.0 (X11; Ubuntu; Linux x86_64; rv:86.0) Gecko/20100101 Firefox/86.0"
10.143.3.65 - - [21/Jan/2022:06:56:26 +0000] "GET /imp/themes/default/graphics/download.png HTTP/1.1" 200 603 "https://mail.smith.russellmitchell.com/imp/themes/default/screen.css" "Mozilla/5.0 (X11; Ubuntu; Linux x86_64; rv:86.0) Gecko/20100101 Firefox/86.0"
172.19.131.174 - - [21/Jan/2022:06:56:45 +0000] "POST /services/ajax.php/horde/topbarUpdate HTTP/1.1" 200 2813 "https://mail.smith.russellmitchell.com/imp/dynamic.php?page=mailbox" "Mozilla/5.0 (X11; Linux x86_64) AppleWebKit/537.36 (KHTML, like Gecko) HeadlessChrome/97.0.4692.71 Safari/537.36"
10.143.3.65 - - [21/Jan/2022:06:56:55 +0000] "POST /services/ajax.php/imp/showMessage HTTP/1.1" 200 2591 "https://mail.smith.russellmitchell.com/imp/dynamic.php?page=mailbox" "Mozilla/5.0 (X11; Ubuntu; Linux x86_64; rv:86.0) Gecko/20100101 Firefox/86.0"
172.19.131.174 - - [21/Jan/2022:06:57:44 +0000] "POST /services/ajax.php/imp/sendMessage HTTP/1.1" 200 1238 "https://mail.smith.russellmitchell.com/imp/dynamic.php?page=message&buid=5&mailbox=SU5CT1g&token=uplztD1P3yVezseybDFxbtK&uniq=1642748087404" "Mozilla/5.0 (X11; Linux x86_64) AppleWebKit/537.36 (KHTML, like Gecko) HeadlessChrome/97.0.4692.71 Safari/537.36"
172.19.131.174 - - [21/Jan/2022:06:57:45 +0000] "POST /services/ajax.php/imp/showMessage HTTP/1.1" 200 2532 "https://mail.smith.russellmitchell.com/imp/dynamic.php?page=mailbox" "Mozilla/5.0 (X11; Linux x86_64) AppleWebKit/537.36 (KHTML, like Gecko) HeadlessChrome/97.0.4692.71 Safari/537.36"
10.143.3.65 - - [21/Jan/2022:06:57:56 +0000] "GET /imp/themes/default/graphics/flags/deleted-inv.png HTTP/1.1" 200 1057 "https://mail.smith.russellmitchell.com/imp/themes/default/dynamic/screen.css" "Mozilla/5.0 (X11; Ubuntu; Linux x86_64; rv:86.0) Gecko/20100101 Firefox/86.0"
10.143.3.65 - - [21/Jan/2022:06:57:56 +0000] "POST /services/ajax.php/imp/deleteMessages HTTP/1.1" 200 1076 "https://mail.smith.russellmitchell.com/imp/dynamic.php?page=mailbox" "Mozilla/5.0 (X11; Ubuntu; Linux x86_64; rv:86.0) Gecko/20100101 Firefox/86.0"
172.19.131.174 - - [21/Jan/2022:06:58:20 +0000] "POST /services/ajax.php/imp/flagMessages HTTP/1.1" 200 3278 "https://mail.smith.russellmitchell.com/imp/dynamic.php?page=mailbox" "Mozilla/5.0 (X11; Linux x86_64) AppleWebKit/537.36 (KHTML, like Gecko) HeadlessChrome/97.0.4692.71 Safari/537.36"
10.143.3.65 - - [21/Jan/2022:06:58:28 +0000] "GET /imp/dynamic.php?page=compose&type=new&token=zuyUVc5yDOHHyfwTdTT75Xa&uniq=1642748308284 HTTP/1.1" 200 6260 "https://mail.smith.russellmitchell.com/imp/dynamic.php?page=mailbox" "Mozilla/5.0 (X11; Ubuntu; Linux x86_64; rv:86.0) Gecko/20100101 Firefox/86.0"
10.143.3.65 - - [21/Jan/2022:06:58:28 +0000] "GET /imp/js/compose-base.js?v=b2b582864b8fa969bd5860bc72f0d3da HTTP/1.1" 200 2250 "https://mail.smith.russellmitchell.com/imp/dynamic.php?page=compose&type=new&token=zuyUVc5yDOHHyfwTdTT75Xa&uniq=1642748308284" "Mozilla/5.0 (X11; Ubuntu; Linux x86_64; rv:86.0) Gecko/20100101 Firefox/86.0"
172.19.131.174 - - [21/Jan/2022:06:58:35 +0000] "GET /imp/dynamic.php?page=message&buid=14&mailbox=SU5CT1g&token=uplztD1P3yVezseybDFxbtK&uniq=1642748315341 HTTP/1.1" 200 7918 "https://mail.smith.russellmitchell.com/imp/dynamic.php?page=mailbox" "Mozilla/5.0 (X11; Linux x86_64) AppleWebKit/537.36 (KHTML, like Gecko) HeadlessChrome/97.0.4692.71 Safari/537.36"
172.19.131.174 - - [21/Jan/2022:06:58:35 +0000] "GET /imp/themes/default/mime.css HTTP/1.1" 200 494 "https://mail.smith.russellmitchell.com/imp/dynamic.php?page=message&buid=14&mailbox=SU5CT1g&token=uplztD1P3yVezseybDFxbtK&uniq=1642748315341" "Mozilla/5.0 (X11; Linux x86_64) AppleWebKit/537.36 (KHTML, like Gecko) HeadlessChrome/97.0.4692.71 Safari/537.36"
172.19.131.174 - - [21/Jan/2022:06:58:35 +0000] "GET /imp/themes/default/screen.css HTTP/1.1" 200 3354 "https://mail.smith.russellmitchell.com/imp/dynamic.php?page=message&buid=14&mailbox=SU5CT1g&token=uplztD1P3yVezseybDFxbtK&uniq=1642748315341" "Mozilla/5.0 (X11; Linux x86_64) AppleWebKit/537.36 (KHTML, like Gecko) HeadlessChrome/97.0.4692.71 Safari/537.36"
172.19.131.174 - - [21/Jan/2022:06:58:35 +0000] "GET /imp/themes/default/dynamic/screen.css HTTP/1.1" 200 5959 "https://mail.smith.russellmitchell.com/imp/dynamic.php?page=message&buid=14&mailbox=SU5CT1g&token=uplztD1P3yVezseybDFxbtK&uniq=1642748315341" "Mozilla/5.0 (X11; Linux x86_64) AppleWebKit/537.36 (KHTML, like Gecko) HeadlessChrome/97.0.4692.71 Safari/537.36"
172.19.131.174 - - [21/Jan/2022:06:59:07 +0000] "POST /services/ajax.php/imp/getReplyData HTTP/1.1" 200 1460 "https://mail.smith.russellmitchell.com/imp/dynamic.php?page=message&buid=14&mailbox=SU5CT1g&token=uplztD1P3yVezseybDFxbtK&uniq=1642748315341" "Mozilla/5.0 (X11; Linux x86_64) AppleWebKit/537.36 (KHTML, like Gecko) HeadlessChrome/97.0.4692.71 Safari/537.36"
172.19.131.174 - - [21/Jan/2022:06:59:57 +0000] "POST /services/ajax.php/imp/sendMessage HTTP/1.1" 200 1220 "https://mail.smith.russellmitchell.com/imp/dynamic.php?page=message&buid=14&mailbox=SU5CT1g&token=uplztD1P3yVezseybDFxbtK&uniq=1642748315341" "Mozilla/5.0 (X11; Linux x86_64) AppleWebKit/537.36 (KHTML, like Gecko) HeadlessChrome/97.0.4692.71 Safari/537.36"
172.19.131.174 - - [21/Jan/2022:06:59:58 +0000] "POST /services/ajax.php/imp/flagMessages HTTP/1.1" 200 2699 "https://mail.smith.russellmitchell.com/imp/dynamic.php?page=mailbox" "Mozilla/5.0 (X11; Linux x86_64) AppleWebKit/537.36 (KHTML, like Gecko) HeadlessChrome/97.0.4692.71 Safari/537.36"
172.19.131.174 - - [21/Jan/2022:07:00:06 +0000] "POST /services/ajax.php/imp/flagMessages HTTP/1.1" 200 1146 "https://mail.smith.russellmitchell.com/imp/dynamic.php?page=mailbox" "Mozilla/5.0 (X11; Linux x86_64) AppleWebKit/537.36 (KHTML, like Gecko) HeadlessChrome/97.0.4692.71 Safari/537.36"
172.19.131.174 - - [21/Jan/2022:07:00:21 +0000] "GET /imp/dynamic.php?page=message&buid=12&mailbox=SU5CT1g&token=uplztD1P3yVezseybDFxbtK&uniq=1642748421660 HTTP/1.1" 200 8475 "https://mail.smith.russellmitchell.com/imp/dynamic.php?page=mailbox" "Mozilla/5.0 (X11; Linux x86_64) AppleWebKit/537.36 (KHTML, like Gecko) HeadlessChrome/97.0.4692.71 Safari/537.36"
172.19.131.174 - - [21/Jan/2022:07:00:21 +0000] "GET /imp/themes/default/mime.css HTTP/1.1" 200 494 "https://mail.smith.russellmitchell.com/imp/dynamic.php?page=message&buid=12&mailbox=SU5CT1g&token=uplztD1P3yVezseybDFxbtK&uniq=1642748421660" "Mozilla/5.0 (X11; Linux x86_64) AppleWebKit/537.36 (KHTML, like Gecko) HeadlessChrome/97.0.4692.71 Safari/537.36"
172.19.131.174 - - [21/Jan/2022:07:00:21 +0000] "GET /imp/themes/default/screen.css HTTP/1.1" 200 3354 "https://mail.smith.russellmitchell.com/imp/dynamic.php?page=message&buid=12&mailbox=SU5CT1g&token=uplztD1P3yVezseybDFxbtK&uniq=1642748421660" "Mozilla/5.0 (X11; Linux x86_64) AppleWebKit/537.36 (KHTML, like Gecko) HeadlessChrome/97.0.4692.71 Safari/537.36"
172.19.131.174 - - [21/Jan/2022:07:00:21 +0000] "GET /imp/themes/default/dynamic/screen.css HTTP/1.1" 200 5959 "https://mail.smith.russellmitchell.com/imp/dynamic.php?page=message&buid=12&mailbox=SU5CT1g&token=uplztD1P3yVezseybDFxbtK&uniq=1642748421660" "Mozilla/5.0 (X11; Linux x86_64) AppleWebKit/537.36 (KHTML, like Gecko) HeadlessChrome/97.0.4692.71 Safari/537.36"
10.143.3.65 - - [21/Jan/2022:07:00:59 +0000] "POST /services/ajax.php/horde/topbarUpdate HTTP/1.1" 200 2818 "https://mail.smith.russellmitchell.com/imp/dynamic.php?page=mailbox" "Mozilla/5.0 (X11; Ubuntu; Linux x86_64; rv:86.0) Gecko/20100101 Firefox/86.0"
172.19.131.174 - - [21/Jan/2022:07:01:12 +0000] "POST /services/ajax.php/imp/getReplyData HTTP/1.1" 200 1814 "https://mail.smith.russellmitchell.com/imp/dynamic.php?page=message&buid=12&mailbox=SU5CT1g&token=uplztD1P3yVezseybDFxbtK&uniq=1642748421660" "Mozilla/5.0 (X11; Linux x86_64) AppleWebKit/537.36 (KHTML, like Gecko) HeadlessChrome/97.0.4692.71 Safari/537.36"
10.143.3.65 - - [21/Jan/2022:07:01:20 +0000] "POST /services/ajax.php/imp/sendMessage HTTP/1.1" 200 1083 "https://mail.smith.russellmitchell.com/imp/dynamic.php?page=compose&type=new&token=zuyUVc5yDOHHyfwTdTT75Xa&uniq=1642748308284" "Mozilla/5.0 (X11; Ubuntu; Linux x86_64; rv:86.0) Gecko/20100101 Firefox/86.0"
10.143.3.65 - - [21/Jan/2022:07:01:21 +0000] "POST /services/ajax.php/imp/flagMessages HTTP/1.1" 200 3078 "https://mail.smith.russellmitchell.com/imp/dynamic.php?page=mailbox" "Mozilla/5.0 (X11; Ubuntu; Linux x86_64; rv:86.0) Gecko/20100101 Firefox/86.0"
172.19.131.174 - - [21/Jan/2022:07:01:45 +0000] "POST /services/ajax.php/horde/topbarUpdate HTTP/1.1" 200 2815 "https://mail.smith.russellmitchell.com/imp/dynamic.php?page=mailbox" "Mozilla/5.0 (X11; Linux x86_64) AppleWebKit/537.36 (KHTML, like Gecko) HeadlessChrome/97.0.4692.71 Safari/537.36"
172.19.131.174 - - [21/Jan/2022:07:03:03 +0000] "POST /services/ajax.php/imp/sendMessage HTTP/1.1" 200 1219 "https://mail.smith.russellmitchell.com/imp/dynamic.php?page=message&buid=12&mailbox=SU5CT1g&token=uplztD1P3yVezseybDFxbtK&uniq=1642748421660" "Mozilla/5.0 (X11; Linux x86_64) AppleWebKit/537.36 (KHTML, like Gecko) HeadlessChrome/97.0.4692.71 Safari/537.36"
172.19.131.174 - - [21/Jan/2022:07:03:55 +0000] "GET /imp/dynamic.php?page=message&buid=12&mailbox=SU5CT1g&token=uplztD1P3yVezseybDFxbtK&uniq=1642748635445 HTTP/1.1" 200 8537 "https://mail.smith.russellmitchell.com/imp/dynamic.php?page=mailbox" "Mozilla/5.0 (X11; Linux x86_64) AppleWebKit/537.36 (KHTML, like Gecko) HeadlessChrome/97.0.4692.71 Safari/537.36"
172.19.131.174 - - [21/Jan/2022:07:03:55 +0000] "GET /imp/themes/default/mime.css HTTP/1.1" 200 494 "https://mail.smith.russellmitchell.com/imp/dynamic.php?page=message&buid=12&mailbox=SU5CT1g&token=uplztD1P3yVezseybDFxbtK&uniq=1642748635445" "Mozilla/5.0 (X11; Linux x86_64) AppleWebKit/537.36 (KHTML, like Gecko) HeadlessChrome/97.0.4692.71 Safari/537.36"
172.19.131.174 - - [21/Jan/2022:07:03:55 +0000] "GET /imp/themes/default/screen.css HTTP/1.1" 200 3354 "https://mail.smith.russellmitchell.com/imp/dynamic.php?page=message&buid=12&mailbox=SU5CT1g&token=uplztD1P3yVezseybDFxbtK&uniq=1642748635445" "Mozilla/5.0 (X11; Linux x86_64) AppleWebKit/537.36 (KHTML, like Gecko) HeadlessChrome/97.0.4692.71 Safari/537.36"
172.19.131.174 - - [21/Jan/2022:07:03:55 +0000] "GET /imp/themes/default/dynamic/screen.css HTTP/1.1" 200 5959 "https://mail.smith.russellmitchell.com/imp/dynamic.php?page=message&buid=12&mailbox=SU5CT1g&token=uplztD1P3yVezseybDFxbtK&uniq=1642748635445" "Mozilla/5.0 (X11; Linux x86_64) AppleWebKit/537.36 (KHTML, like Gecko) HeadlessChrome/97.0.4692.71 Safari/537.36"
172.19.131.174 - - [21/Jan/2022:07:04:42 +0000] "POST /services/ajax.php/imp/getReplyData HTTP/1.1" 200 1818 "https://mail.smith.russellmitchell.com/imp/dynamic.php?page=message&buid=12&mailbox=SU5CT1g&token=uplztD1P3yVezseybDFxbtK&uniq=1642748635445" "Mozilla/5.0 (X11; Linux x86_64) AppleWebKit/537.36 (KHTML, like Gecko) HeadlessChrome/97.0.4692.71 Safari/537.36"
10.143.3.65 - - [21/Jan/2022:07:05:40 +0000] "GET /imp/dynamic.php?page=message&buid=13&mailbox=SU5CT1g&token=zuyUVc5yDOHHyfwTdTT75Xa&uniq=1642748740767 HTTP/1.1" 200 7823 "https://mail.smith.russellmitchell.com/imp/dynamic.php?page=mailbox" "Mozilla/5.0 (X11; Ubuntu; Linux x86_64; rv:86.0) Gecko/20100101 Firefox/86.0"
10.143.3.65 - - [21/Jan/2022:07:05:41 +0000] "GET /imp/js/message-dimp.js?v=b2b582864b8fa969bd5860bc72f0d3da HTTP/1.1" 200 3039 "https://mail.smith.russellmitchell.com/imp/dynamic.php?page=message&buid=13&mailbox=SU5CT1g&token=zuyUVc5yDOHHyfwTdTT75Xa&uniq=1642748740767" "Mozilla/5.0 (X11; Ubuntu; Linux x86_64; rv:86.0) Gecko/20100101 Firefox/86.0"
10.143.3.65 - - [21/Jan/2022:07:05:41 +0000] "GET /js/textarearesize.js?v=d0d0749382c4cc649651134fc974b2e8 HTTP/1.1" 200 1204 "https://mail.smith.russellmitchell.com/imp/dynamic.php?page=message&buid=13&mailbox=SU5CT1g&token=zuyUVc5yDOHHyfwTdTT75Xa&uniq=1642748740767" "Mozilla/5.0 (X11; Ubuntu; Linux x86_64; rv:86.0) Gecko/20100101 Firefox/86.0"
10.143.3.65 - - [21/Jan/2022:07:05:41 +0000] "GET /imp/themes/default/graphics/message_source.png HTTP/1.1" 200 424 "https://mail.smith.russellmitchell.com/imp/themes/default/dynamic/screen.css" "Mozilla/5.0 (X11; Ubuntu; Linux x86_64; rv:86.0) Gecko/20100101 Firefox/86.0"
10.143.3.65 - - [21/Jan/2022:07:05:59 +0000] "POST /services/ajax.php/horde/topbarUpdate HTTP/1.1" 200 1061 "https://mail.smith.russellmitchell.com/imp/dynamic.php?page=mailbox" "Mozilla/5.0 (X11; Ubuntu; Linux x86_64; rv:86.0) Gecko/20100101 Firefox/86.0"
10.143.3.65 - - [21/Jan/2022:07:06:14 +0000] "POST /services/ajax.php/imp/deleteMessages HTTP/1.1" 200 1076 "https://mail.smith.russellmitchell.com/imp/dynamic.php?page=mailbox" "Mozilla/5.0 (X11; Ubuntu; Linux x86_64; rv:86.0) Gecko/20100101 Firefox/86.0"
172.19.131.174 - - [21/Jan/2022:07:06:20 +0000] "POST /services/ajax.php/imp/sendMessage HTTP/1.1" 200 1231 "https://mail.smith.russellmitchell.com/imp/dynamic.php?page=message&buid=12&mailbox=SU5CT1g&token=uplztD1P3yVezseybDFxbtK&uniq=1642748635445" "Mozilla/5.0 (X11; Linux x86_64) AppleWebKit/537.36 (KHTML, like Gecko) HeadlessChrome/97.0.4692.71 Safari/537.36"
172.19.131.174 - - [21/Jan/2022:07:06:21 +0000] "GET /imp/dynamic.php?page=compose&type=new&token=uplztD1P3yVezseybDFxbtK&uniq=1642748781332 HTTP/1.1" 200 5679 "https://mail.smith.russellmitchell.com/imp/dynamic.php?page=mailbox" "Mozilla/5.0 (X11; Linux x86_64) AppleWebKit/537.36 (KHTML, like Gecko) HeadlessChrome/97.0.4692.71 Safari/537.36"
172.19.131.174 - - [21/Jan/2022:07:06:21 +0000] "GET /imp/themes/default/mime.css HTTP/1.1" 200 494 "https://mail.smith.russellmitchell.com/imp/dynamic.php?page=compose&type=new&token=uplztD1P3yVezseybDFxbtK&uniq=1642748781332" "Mozilla/5.0 (X11; Linux x86_64) AppleWebKit/537.36 (KHTML, like Gecko) HeadlessChrome/97.0.4692.71 Safari/537.36"
172.19.131.174 - - [21/Jan/2022:07:06:21 +0000] "GET /imp/themes/default/screen.css HTTP/1.1" 200 3354 "https://mail.smith.russellmitchell.com/imp/dynamic.php?page=compose&type=new&token=uplztD1P3yVezseybDFxbtK&uniq=1642748781332" "Mozilla/5.0 (X11; Linux x86_64) AppleWebKit/537.36 (KHTML, like Gecko) HeadlessChrome/97.0.4692.71 Safari/537.36"
172.19.131.174 - - [21/Jan/2022:07:06:21 +0000] "GET /imp/themes/default/dynamic/screen.css HTTP/1.1" 200 5959 "https://mail.smith.russellmitchell.com/imp/dynamic.php?page=compose&type=new&token=uplztD1P3yVezseybDFxbtK&uniq=1642748781332" "Mozilla/5.0 (X11; Linux x86_64) AppleWebKit/537.36 (KHTML, like Gecko) HeadlessChrome/97.0.4692.71 Safari/537.36"
172.19.131.174 - - [21/Jan/2022:07:06:45 +0000] "POST /services/ajax.php/horde/topbarUpdate HTTP/1.1" 200 1061 "https://mail.smith.russellmitchell.com/imp/dynamic.php?page=mailbox" "Mozilla/5.0 (X11; Linux x86_64) AppleWebKit/537.36 (KHTML, like Gecko) HeadlessChrome/97.0.4692.71 Safari/537.36"
10.143.3.65 - - [21/Jan/2022:07:06:59 +0000] "POST /services/ajax.php/imp/poll HTTP/1.1" 200 1032 "https://mail.smith.russellmitchell.com/imp/dynamic.php?page=mailbox" "Mozilla/5.0 (X11; Ubuntu; Linux x86_64; rv:86.0) Gecko/20100101 Firefox/86.0"
10.143.3.65 - - [21/Jan/2022:07:07:30 +0000] "POST /services/ajax.php/imp/deleteMessages HTTP/1.1" 200 1076 "https://mail.smith.russellmitchell.com/imp/dynamic.php?page=mailbox" "Mozilla/5.0 (X11; Ubuntu; Linux x86_64; rv:86.0) Gecko/20100101 Firefox/86.0"
10.143.3.65 - - [21/Jan/2022:07:08:15 +0000] "POST /services/ajax.php/imp/showMessage HTTP/1.1" 200 3355 "https://mail.smith.russellmitchell.com/imp/dynamic.php?page=mailbox" "Mozilla/5.0 (X11; Ubuntu; Linux x86_64; rv:86.0) Gecko/20100101 Firefox/86.0"
10.143.3.65 - - [21/Jan/2022:07:08:35 +0000] "GET /imp/dynamic.php?page=message&buid=7&mailbox=SU5CT1g&token=zuyUVc5yDOHHyfwTdTT75Xa&uniq=1642748915425 HTTP/1.1" 200 8034 "https://mail.smith.russellmitchell.com/imp/dynamic.php?page=mailbox" "Mozilla/5.0 (X11; Ubuntu; Linux x86_64; rv:86.0) Gecko/20100101 Firefox/86.0"
172.19.131.174 - - [21/Jan/2022:07:08:41 +0000] "POST /services/ajax.php/imp/sendMessage HTTP/1.1" 200 1085 "https://mail.smith.russellmitchell.com/imp/dynamic.php?page=compose&type=new&token=uplztD1P3yVezseybDFxbtK&uniq=1642748781332" "Mozilla/5.0 (X11; Linux x86_64) AppleWebKit/537.36 (KHTML, like Gecko) HeadlessChrome/97.0.4692.71 Safari/537.36"
10.143.3.65 - - [21/Jan/2022:07:09:07 +0000] "POST /services/ajax.php/imp/getReplyData HTTP/1.1" 200 1576 "https://mail.smith.russellmitchell.com/imp/dynamic.php?page=message&buid=7&mailbox=SU5CT1g&token=zuyUVc5yDOHHyfwTdTT75Xa&uniq=1642748915425" "Mozilla/5.0 (X11; Ubuntu; Linux x86_64; rv:86.0) Gecko/20100101 Firefox/86.0"
10.143.3.65 - - [21/Jan/2022:07:09:39 +0000] "POST /services/ajax.php/imp/sendMessage HTTP/1.1" 200 1226 "https://mail.smith.russellmitchell.com/imp/dynamic.php?page=message&buid=7&mailbox=SU5CT1g&token=zuyUVc5yDOHHyfwTdTT75Xa&uniq=1642748915425" "Mozilla/5.0 (X11; Ubuntu; Linux x86_64; rv:86.0) Gecko/20100101 Firefox/86.0"
10.143.3.65 - - [21/Jan/2022:07:09:40 +0000] "GET /imp/themes/default/graphics/flags/answered-inv.png HTTP/1.1" 200 443 "https://mail.smith.russellmitchell.com/imp/themes/default/dynamic/screen.css" "Mozilla/5.0 (X11; Ubuntu; Linux x86_64; rv:86.0) Gecko/20100101 Firefox/86.0"
10.143.3.65 - - [21/Jan/2022:07:10:59 +0000] "POST /services/ajax.php/horde/topbarUpdate HTTP/1.1" 200 2818 "https://mail.smith.russellmitchell.com/imp/dynamic.php?page=mailbox" "Mozilla/5.0 (X11; Ubuntu; Linux x86_64; rv:86.0) Gecko/20100101 Firefox/86.0"
172.19.131.174 - - [21/Jan/2022:07:11:45 +0000] "POST /services/ajax.php/horde/topbarUpdate HTTP/1.1" 200 1061 "https://mail.smith.russellmitchell.com/imp/dynamic.php?page=mailbox" "Mozilla/5.0 (X11; Linux x86_64) AppleWebKit/537.36 (KHTML, like Gecko) HeadlessChrome/97.0.4692.71 Safari/537.36"
172.19.131.174 - - [21/Jan/2022:07:12:24 +0000] "GET /mnemo/ HTTP/1.1" 200 6638 "https://mail.smith.russellmitchell.com/imp/dynamic.php?page=mailbox" "Mozilla/5.0 (X11; Linux x86_64) AppleWebKit/537.36 (KHTML, like Gecko) HeadlessChrome/97.0.4692.71 Safari/537.36"
172.19.131.174 - - [21/Jan/2022:07:12:25 +0000] "GET /mnemo/themes/default/screen.css HTTP/1.1" 200 1061 "https://mail.smith.russellmitchell.com/mnemo/" "Mozilla/5.0 (X11; Linux x86_64) AppleWebKit/537.36 (KHTML, like Gecko) HeadlessChrome/97.0.4692.71 Safari/537.36"
172.19.131.174 - - [21/Jan/2022:07:12:25 +0000] "GET /js/tooltips.js?v=d0d0749382c4cc649651134fc974b2e8 HTTP/1.1" 200 1318 "https://mail.smith.russellmitchell.com/mnemo/" "Mozilla/5.0 (X11; Linux x86_64) AppleWebKit/537.36 (KHTML, like Gecko) HeadlessChrome/97.0.4692.71 Safari/537.36"
172.19.131.174 - - [21/Jan/2022:07:12:25 +0000] "GET /js/quickfinder.js?v=d0d0749382c4cc649651134fc974b2e8 HTTP/1.1" 200 1531 "https://mail.smith.russellmitchell.com/mnemo/" "Mozilla/5.0 (X11; Linux x86_64) AppleWebKit/537.36 (KHTML, like Gecko) HeadlessChrome/97.0.4692.71 Safari/537.36"
172.19.131.174 - - [21/Jan/2022:07:12:25 +0000] "GET /mnemo/themes/default/graphics/mnemo.png HTTP/1.1" 200 703 "https://mail.smith.russellmitchell.com/mnemo/themes/default/screen.css" "Mozilla/5.0 (X11; Linux x86_64) AppleWebKit/537.36 (KHTML, like Gecko) HeadlessChrome/97.0.4692.71 Safari/537.36"
172.19.131.174 - - [21/Jan/2022:07:12:25 +0000] "GET /js/tables.js?v=d0d0749382c4cc649651134fc974b2e8 HTTP/1.1" 200 3112 "https://mail.smith.russellmitchell.com/mnemo/" "Mozilla/5.0 (X11; Linux x86_64) AppleWebKit/537.36 (KHTML, like Gecko) HeadlessChrome/97.0.4692.71 Safari/537.36"
172.19.131.174 - - [21/Jan/2022:07:12:25 +0000] "GET /mnemo/js/list.js?v=0fdb5db59031a398d8e995b4ce9765c9 HTTP/1.1" 200 1558 "https://mail.smith.russellmitchell.com/mnemo/" "Mozilla/5.0 (X11; Linux x86_64) AppleWebKit/537.36 (KHTML, like Gecko) HeadlessChrome/97.0.4692.71 Safari/537.36"
172.19.131.174 - - [21/Jan/2022:07:12:25 +0000] "GET /mnemo/themes/default/graphics/search.png HTTP/1.1" 200 3779 "https://mail.smith.russellmitchell.com/mnemo/themes/default/screen.css" "Mozilla/5.0 (X11; Linux x86_64) AppleWebKit/537.36 (KHTML, like Gecko) HeadlessChrome/97.0.4692.71 Safari/537.36"
172.19.131.174 - - [21/Jan/2022:07:16:15 +0000] "GET /imp/dynamic.php?page=mailbox HTTP/1.1" 200 9475 "https://mail.smith.russellmitchell.com/mnemo/" "Mozilla/5.0 (X11; Linux x86_64) AppleWebKit/537.36 (KHTML, like Gecko) HeadlessChrome/97.0.4692.71 Safari/537.36"
172.19.131.174 - - [21/Jan/2022:07:16:15 +0000] "GET /imp/themes/default/mime.css HTTP/1.1" 200 494 "https://mail.smith.russellmitchell.com/imp/dynamic.php?page=mailbox" "Mozilla/5.0 (X11; Linux x86_64) AppleWebKit/537.36 (KHTML, like Gecko) HeadlessChrome/97.0.4692.71 Safari/537.36"
172.19.131.174 - - [21/Jan/2022:07:16:15 +0000] "GET /imp/themes/default/screen.css HTTP/1.1" 200 3354 "https://mail.smith.russellmitchell.com/imp/dynamic.php?page=mailbox" "Mozilla/5.0 (X11; Linux x86_64) AppleWebKit/537.36 (KHTML, like Gecko) HeadlessChrome/97.0.4692.71 Safari/537.36"
172.19.131.174 - - [21/Jan/2022:07:16:15 +0000] "GET /imp/themes/default/dynamic/screen.css HTTP/1.1" 200 5959 "https://mail.smith.russellmitchell.com/imp/dynamic.php?page=mailbox" "Mozilla/5.0 (X11; Linux x86_64) AppleWebKit/537.36 (KHTML, like Gecko) HeadlessChrome/97.0.4692.71 Safari/537.36"
172.19.131.174 - - [21/Jan/2022:07:16:15 +0000] "GET /imp/js/dimpcore.js?v=b2b582864b8fa969bd5860bc72f0d3da HTTP/1.1" 200 4298 "https://mail.smith.russellmitchell.com/imp/dynamic.php?page=mailbox" "Mozilla/5.0 (X11; Linux x86_64) AppleWebKit/537.36 (KHTML, like Gecko) HeadlessChrome/97.0.4692.71 Safari/537.36"
172.19.131.174 - - [21/Jan/2022:07:16:15 +0000] "GET /imp/js/viewport_utils.js?v=b2b582864b8fa969bd5860bc72f0d3da HTTP/1.1" 200 1104 "https://mail.smith.russellmitchell.com/imp/dynamic.php?page=mailbox" "Mozilla/5.0 (X11; Linux x86_64) AppleWebKit/537.36 (KHTML, like Gecko) HeadlessChrome/97.0.4692.71 Safari/537.36"
172.19.131.174 - - [21/Jan/2022:07:16:15 +0000] "GET /js/imple.js?v=d0d0749382c4cc649651134fc974b2e8 HTTP/1.1" 200 985 "https://mail.smith.russellmitchell.com/imp/dynamic.php?page=mailbox" "Mozilla/5.0 (X11; Linux x86_64) AppleWebKit/537.36 (KHTML, like Gecko) HeadlessChrome/97.0.4692.71 Safari/537.36"
172.19.131.174 - - [21/Jan/2022:07:16:15 +0000] "GET /imp/js/external/tinycon.js?v=b2b582864b8fa969bd5860bc72f0d3da HTTP/1.1" 200 3525 "https://mail.smith.russellmitchell.com/imp/dynamic.php?page=mailbox" "Mozilla/5.0 (X11; Linux x86_64) AppleWebKit/537.36 (KHTML, like Gecko) HeadlessChrome/97.0.4692.71 Safari/537.36"
172.19.131.174 - - [21/Jan/2022:07:16:15 +0000] "GET /js/form_ghost.js?v=d0d0749382c4cc649651134fc974b2e8 HTTP/1.1" 200 1939 "https://mail.smith.russellmitchell.com/imp/dynamic.php?page=mailbox" "Mozilla/5.0 (X11; Linux x86_64) AppleWebKit/537.36 (KHTML, like Gecko) HeadlessChrome/97.0.4692.71 Safari/537.36"
172.19.131.174 - - [21/Jan/2022:07:16:15 +0000] "GET /js/jstorage.js?v=d0d0749382c4cc649651134fc974b2e8 HTTP/1.1" 200 4612 "https://mail.smith.russellmitchell.com/imp/dynamic.php?page=mailbox" "Mozilla/5.0 (X11; Linux x86_64) AppleWebKit/537.36 (KHTML, like Gecko) HeadlessChrome/97.0.4692.71 Safari/537.36"
172.19.131.174 - - [21/Jan/2022:07:16:15 +0000] "GET /js/slider2.js?v=d0d0749382c4cc649651134fc974b2e8 HTTP/1.1" 200 2825 "https://mail.smith.russellmitchell.com/imp/dynamic.php?page=mailbox" "Mozilla/5.0 (X11; Linux x86_64) AppleWebKit/537.36 (KHTML, like Gecko) HeadlessChrome/97.0.4692.71 Safari/537.36"
172.19.131.174 - - [21/Jan/2022:07:16:15 +0000] "GET /themes/default/graphics/search-topbar.png HTTP/1.1" 200 669 "https://mail.smith.russellmitchell.com/imp/dynamic.php?page=mailbox" "Mozilla/5.0 (X11; Linux x86_64) AppleWebKit/537.36 (KHTML, like Gecko) HeadlessChrome/97.0.4692.71 Safari/537.36"
172.19.131.174 - - [21/Jan/2022:07:16:15 +0000] "GET /js/toggle_quotes.js?v=d0d0749382c4cc649651134fc974b2e8 HTTP/1.1" 200 873 "https://mail.smith.russellmitchell.com/imp/dynamic.php?page=mailbox" "Mozilla/5.0 (X11; Linux x86_64) AppleWebKit/537.36 (KHTML, like Gecko) HeadlessChrome/97.0.4692.71 Safari/537.36"
172.19.131.174 - - [21/Jan/2022:07:16:15 +0000] "GET /js/contextsensitive.js?v=d0d0749382c4cc649651134fc974b2e8 HTTP/1.1" 200 4848 "https://mail.smith.russellmitchell.com/imp/dynamic.php?page=mailbox" "Mozilla/5.0 (X11; Linux x86_64) AppleWebKit/537.36 (KHTML, like Gecko) HeadlessChrome/97.0.4692.71 Safari/537.36"
172.19.131.174 - - [21/Jan/2022:07:16:15 +0000] "GET /js/dialog.js?v=d0d0749382c4cc649651134fc974b2e8 HTTP/1.1" 200 1688 "https://mail.smith.russellmitchell.com/imp/dynamic.php?page=mailbox" "Mozilla/5.0 (X11; Linux x86_64) AppleWebKit/537.36 (KHTML, like Gecko) HeadlessChrome/97.0.4692.71 Safari/537.36"
172.19.131.174 - - [21/Jan/2022:07:16:15 +0000] "GET /js/redbox.js?v=d0d0749382c4cc649651134fc974b2e8 HTTP/1.1" 200 1648 "https://mail.smith.russellmitchell.com/imp/dynamic.php?page=mailbox" "Mozilla/5.0 (X11; Linux x86_64) AppleWebKit/537.36 (KHTML, like Gecko) HeadlessChrome/97.0.4692.71 Safari/537.36"
172.19.131.174 - - [21/Jan/2022:07:16:15 +0000] "GET /imp/js/imp.js?v=b2b582864b8fa969bd5860bc72f0d3da HTTP/1.1" 200 2180 "https://mail.smith.russellmitchell.com/imp/dynamic.php?page=mailbox" "Mozilla/5.0 (X11; Linux x86_64) AppleWebKit/537.36 (KHTML, like Gecko) HeadlessChrome/97.0.4692.71 Safari/537.36"
172.19.131.174 - - [21/Jan/2022:07:16:15 +0000] "GET /imp/js/dimpbase.js?v=b2b582864b8fa969bd5860bc72f0d3da HTTP/1.1" 200 30470 "https://mail.smith.russellmitchell.com/imp/dynamic.php?page=mailbox" "Mozilla/5.0 (X11; Linux x86_64) AppleWebKit/537.36 (KHTML, like Gecko) HeadlessChrome/97.0.4692.71 Safari/537.36"
172.19.131.174 - - [21/Jan/2022:07:16:15 +0000] "GET /imp/js/passphrase.js?v=b2b582864b8fa969bd5860bc72f0d3da HTTP/1.1" 200 1437 "https://mail.smith.russellmitchell.com/imp/dynamic.php?page=mailbox" "Mozilla/5.0 (X11; Linux x86_64) AppleWebKit/537.36 (KHTML, like Gecko) HeadlessChrome/97.0.4692.71 Safari/537.36"
172.19.131.174 - - [21/Jan/2022:07:16:15 +0000] "GET /imp/js/external/base64.js?v=b2b582864b8fa969bd5860bc72f0d3da HTTP/1.1" 200 2379 "https://mail.smith.russellmitchell.com/imp/dynamic.php?page=mailbox" "Mozilla/5.0 (X11; Linux x86_64) AppleWebKit/537.36 (KHTML, like Gecko) HeadlessChrome/97.0.4692.71 Safari/537.36"
172.19.131.174 - - [21/Jan/2022:07:16:15 +0000] "GET /js/colorpicker.js?v=d0d0749382c4cc649651134fc974b2e8 HTTP/1.1" 200 3818 "https://mail.smith.russellmitchell.com/imp/dynamic.php?page=mailbox" "Mozilla/5.0 (X11; Linux x86_64) AppleWebKit/537.36 (KHTML, like Gecko) HeadlessChrome/97.0.4692.71 Safari/537.36"
172.19.131.174 - - [21/Jan/2022:07:16:15 +0000] "GET /imp/js/viewport.js?v=b2b582864b8fa969bd5860bc72f0d3da HTTP/1.1" 200 14584 "https://mail.smith.russellmitchell.com/imp/dynamic.php?page=mailbox" "Mozilla/5.0 (X11; Linux x86_64) AppleWebKit/537.36 (KHTML, like Gecko) HeadlessChrome/97.0.4692.71 Safari/537.36"
172.19.131.174 - - [21/Jan/2022:07:16:15 +0000] "GET /js/dragdrop2.js?v=d0d0749382c4cc649651134fc974b2e8 HTTP/1.1" 200 6920 "https://mail.smith.russellmitchell.com/imp/dynamic.php?page=mailbox" "Mozilla/5.0 (X11; Linux x86_64) AppleWebKit/537.36 (KHTML, like Gecko) HeadlessChrome/97.0.4692.71 Safari/537.36"
172.19.131.174 - - [21/Jan/2022:07:16:15 +0000] "GET /imp/themes/default/graphics/reload.png HTTP/1.1" 200 784 "https://mail.smith.russellmitchell.com/imp/themes/default/dynamic/screen.css" "Mozilla/5.0 (X11; Linux x86_64) AppleWebKit/537.36 (KHTML, like Gecko) HeadlessChrome/97.0.4692.71 Safari/537.36"
172.19.131.174 - - [21/Jan/2022:07:16:15 +0000] "GET /imp/themes/default/graphics/checkbox_off.png HTTP/1.1" 200 646 "https://mail.smith.russellmitchell.com/imp/themes/default/dynamic/screen.css" "Mozilla/5.0 (X11; Linux x86_64) AppleWebKit/537.36 (KHTML, like Gecko) HeadlessChrome/97.0.4692.71 Safari/537.36"
172.19.131.174 - - [21/Jan/2022:07:16:15 +0000] "GET /imp/themes/default/graphics/ico_message_off.png HTTP/1.1" 200 774 "https://mail.smith.russellmitchell.com/imp/themes/default/dynamic/screen.css" "Mozilla/5.0 (X11; Linux x86_64) AppleWebKit/537.36 (KHTML, like Gecko) HeadlessChrome/97.0.4692.71 Safari/537.36"
172.19.131.174 - - [21/Jan/2022:07:16:15 +0000] "GET /imp/themes/default/graphics/reload.gif HTTP/1.1" 200 13946 "https://mail.smith.russellmitchell.com/imp/themes/default/dynamic/screen.css" "Mozilla/5.0 (X11; Linux x86_64) AppleWebKit/537.36 (KHTML, like Gecko) HeadlessChrome/97.0.4692.71 Safari/537.36"
