10.143.2.25 - - [24/Jan/2022:08:37:26 +0000] "GET /turba/themes/default/screen.css HTTP/1.1" 200 1335 "https://mail.smith.russellmitchell.com/turba/search.php" "Mozilla/5.0 (X11; Linux x86_64) AppleWebKit/537.36 (KHTML, like Gecko) HeadlessChrome/97.0.4692.71 Safari/537.36"
10.143.2.25 - - [24/Jan/2022:08:37:26 +0000] "GET /turba/js/search.js?v=eda5828c1e506c15900222f7df71d86f HTTP/1.1" 200 1053 "https://mail.smith.russellmitchell.com/turba/search.php" "Mozilla/5.0 (X11; Linux x86_64) AppleWebKit/537.36 (KHTML, like Gecko) HeadlessChrome/97.0.4692.71 Safari/537.36"
10.143.2.25 - - [24/Jan/2022:08:37:26 +0000] "GET /js/quickfinder.js?v=d0d0749382c4cc649651134fc974b2e8 HTTP/1.1" 200 1531 "https://mail.smith.russellmitchell.com/turba/search.php" "Mozilla/5.0 (X11; Linux x86_64) AppleWebKit/537.36 (KHTML, like Gecko) HeadlessChrome/97.0.4692.71 Safari/537.36"
10.143.2.25 - - [24/Jan/2022:08:37:26 +0000] "GET /js/redbox.js?v=d0d0749382c4cc649651134fc974b2e8 HTTP/1.1" 200 2224 "https://mail.smith.russellmitchell.com/turba/search.php" "Mozilla/5.0 (X11; Linux x86_64) AppleWebKit/537.36 (KHTML, like Gecko) HeadlessChrome/97.0.4692.71 Safari/537.36"
172.19.131.174 - - [24/Jan/2022:08:38:15 +0000] "POST /services/ajax.php/kronolith/poll HTTP/1.1" 200 1000 "https://mail.smith.russellmitchell.com/kronolith/" "Mozilla/5.0 (X11; Linux x86_64) AppleWebKit/537.36 (KHTML, like Gecko) HeadlessChrome/97.0.4692.71 Safari/537.36"
172.19.131.174 - - [24/Jan/2022:08:38:50 +0000] "GET /themes/default/graphics/navi-subnavi.png HTTP/1.1" 200 1088 "https://mail.smith.russellmitchell.com/themes/default/screen.css" "Mozilla/5.0 (X11; Linux x86_64) AppleWebKit/537.36 (KHTML, like Gecko) HeadlessChrome/97.0.4692.71 Safari/537.36"
172.19.131.174 - - [24/Jan/2022:08:38:50 +0000] "GET /mnemo/ HTTP/1.1" 200 10852 "https://mail.smith.russellmitchell.com/kronolith/" "Mozilla/5.0 (X11; Linux x86_64) AppleWebKit/537.36 (KHTML, like Gecko) HeadlessChrome/97.0.4692.71 Safari/537.36"
172.19.131.174 - - [24/Jan/2022:08:38:50 +0000] "GET /mnemo/themes/default/screen.css HTTP/1.1" 200 1061 "https://mail.smith.russellmitchell.com/mnemo/" "Mozilla/5.0 (X11; Linux x86_64) AppleWebKit/537.36 (KHTML, like Gecko) HeadlessChrome/97.0.4692.71 Safari/537.36"
172.19.131.174 - - [24/Jan/2022:08:38:50 +0000] "GET /js/tables.js?v=d0d0749382c4cc649651134fc974b2e8 HTTP/1.1" 200 2536 "https://mail.smith.russellmitchell.com/mnemo/" "Mozilla/5.0 (X11; Linux x86_64) AppleWebKit/537.36 (KHTML, like Gecko) HeadlessChrome/97.0.4692.71 Safari/537.36"
172.19.131.174 - - [24/Jan/2022:08:38:50 +0000] "GET /js/quickfinder.js?v=d0d0749382c4cc649651134fc974b2e8 HTTP/1.1" 200 1531 "https://mail.smith.russellmitchell.com/mnemo/" "Mozilla/5.0 (X11; Linux x86_64) AppleWebKit/537.36 (KHTML, like Gecko) HeadlessChrome/97.0.4692.71 Safari/537.36"
172.19.131.174 - - [24/Jan/2022:08:38:50 +0000] "GET /mnemo/js/list.js?v=0fdb5db59031a398d8e995b4ce9765c9 HTTP/1.1" 200 982 "https://mail.smith.russellmitchell.com/mnemo/" "Mozilla/5.0 (X11; Linux x86_64) AppleWebKit/537.36 (KHTML, like Gecko) HeadlessChrome/97.0.4692.71 Safari/537.36"
172.19.131.174 - - [24/Jan/2022:08:38:50 +0000] "GET /themes/default/graphics/tabset.png HTTP/1.1" 200 410 "https://mail.smith.russellmitchell.com/themes/default/screen.css" "Mozilla/5.0 (X11; Linux x86_64) AppleWebKit/537.36 (KHTML, like Gecko) HeadlessChrome/97.0.4692.71 Safari/537.36"
172.19.131.174 - - [24/Jan/2022:08:38:50 +0000] "GET /themes/default/graphics/az.png HTTP/1.1" 200 570 "https://mail.smith.russellmitchell.com/themes/default/screen.css" "Mozilla/5.0 (X11; Linux x86_64) AppleWebKit/537.36 (KHTML, like Gecko) HeadlessChrome/97.0.4692.71 Safari/537.36"
172.19.131.174 - - [24/Jan/2022:08:38:50 +0000] "GET /mnemo/themes/default/graphics/mnemo.png HTTP/1.1" 200 703 "https://mail.smith.russellmitchell.com/mnemo/themes/default/screen.css" "Mozilla/5.0 (X11; Linux x86_64) AppleWebKit/537.36 (KHTML, like Gecko) HeadlessChrome/97.0.4692.71 Safari/537.36"
172.19.131.174 - - [24/Jan/2022:08:38:50 +0000] "GET /mnemo/themes/default/graphics/search.png HTTP/1.1" 200 766 "https://mail.smith.russellmitchell.com/mnemo/themes/default/screen.css" "Mozilla/5.0 (X11; Linux x86_64) AppleWebKit/537.36 (KHTML, like Gecko) HeadlessChrome/97.0.4692.71 Safari/537.36"
172.19.131.174 - - [24/Jan/2022:08:38:50 +0000] "GET /themes/default/graphics/edit-sidebar-000.png HTTP/1.1" 200 545 "https://mail.smith.russellmitchell.com/themes/default/screen.css" "Mozilla/5.0 (X11; Linux x86_64) AppleWebKit/537.36 (KHTML, like Gecko) HeadlessChrome/97.0.4692.71 Safari/537.36"
172.19.131.174 - - [24/Jan/2022:08:38:50 +0000] "GET /themes/default/graphics/data.png HTTP/1.1" 200 1268 "https://mail.smith.russellmitchell.com/themes/default/screen.css" "Mozilla/5.0 (X11; Linux x86_64) AppleWebKit/537.36 (KHTML, like Gecko) HeadlessChrome/97.0.4692.71 Safari/537.36"
172.19.131.174 - - [24/Jan/2022:08:39:22 +0000] "GET /mnemo/memo.php?actionID=add_memo HTTP/1.1" 200 6659 "https://mail.smith.russellmitchell.com/mnemo/" "Mozilla/5.0 (X11; Linux x86_64) AppleWebKit/537.36 (KHTML, like Gecko) HeadlessChrome/97.0.4692.71 Safari/537.36"
172.19.131.174 - - [24/Jan/2022:08:39:22 +0000] "GET /mnemo/themes/default/screen.css HTTP/1.1" 200 1061 "https://mail.smith.russellmitchell.com/mnemo/memo.php?actionID=add_memo" "Mozilla/5.0 (X11; Linux x86_64) AppleWebKit/537.36 (KHTML, like Gecko) HeadlessChrome/97.0.4692.71 Safari/537.36"
172.19.131.174 - - [24/Jan/2022:08:39:22 +0000] "GET /js/keynavlist.js?v=d0d0749382c4cc649651134fc974b2e8 HTTP/1.1" 200 2916 "https://mail.smith.russellmitchell.com/mnemo/memo.php?actionID=add_memo" "Mozilla/5.0 (X11; Linux x86_64) AppleWebKit/537.36 (KHTML, like Gecko) HeadlessChrome/97.0.4692.71 Safari/537.36"
172.19.131.174 - - [24/Jan/2022:08:39:22 +0000] "GET /mnemo/js/memo.js?v=0fdb5db59031a398d8e995b4ce9765c9 HTTP/1.1" 200 952 "https://mail.smith.russellmitchell.com/mnemo/memo.php?actionID=add_memo" "Mozilla/5.0 (X11; Linux x86_64) AppleWebKit/537.36 (KHTML, like Gecko) HeadlessChrome/97.0.4692.71 Safari/537.36"
172.19.131.174 - - [24/Jan/2022:08:39:22 +0000] "GET /js/autocomplete.js?v=d0d0749382c4cc649651134fc974b2e8 HTTP/1.1" 200 3771 "https://mail.smith.russellmitchell.com/mnemo/memo.php?actionID=add_memo" "Mozilla/5.0 (X11; Linux x86_64) AppleWebKit/537.36 (KHTML, like Gecko) HeadlessChrome/97.0.4692.71 Safari/537.36"
172.19.131.174 - - [24/Jan/2022:08:39:22 +0000] "GET /js/liquidmetal.js?v=d0d0749382c4cc649651134fc974b2e8 HTTP/1.1" 200 2351 "https://mail.smith.russellmitchell.com/mnemo/memo.php?actionID=add_memo" "Mozilla/5.0 (X11; Linux x86_64) AppleWebKit/537.36 (KHTML, like Gecko) HeadlessChrome/97.0.4692.71 Safari/537.36"
172.19.131.174 - - [24/Jan/2022:08:39:22 +0000] "GET /js/imple.js?v=d0d0749382c4cc649651134fc974b2e8 HTTP/1.1" 200 3998 "https://mail.smith.russellmitchell.com/mnemo/memo.php?actionID=add_memo" "Mozilla/5.0 (X11; Linux x86_64) AppleWebKit/537.36 (KHTML, like Gecko) HeadlessChrome/97.0.4692.71 Safari/537.36"
10.143.2.25 - - [24/Jan/2022:08:40:25 +0000] "GET /kronolith/ HTTP/1.1" 200 25561 "https://mail.smith.russellmitchell.com/turba/search.php" "Mozilla/5.0 (X11; Linux x86_64) AppleWebKit/537.36 (KHTML, like Gecko) HeadlessChrome/97.0.4692.71 Safari/537.36"
10.143.2.25 - - [24/Jan/2022:08:40:26 +0000] "GET /kronolith/themes/default/screen.css HTTP/1.1" 200 2854 "https://mail.smith.russellmitchell.com/kronolith/" "Mozilla/5.0 (X11; Linux x86_64) AppleWebKit/537.36 (KHTML, like Gecko) HeadlessChrome/97.0.4692.71 Safari/537.36"
10.143.2.25 - - [24/Jan/2022:08:40:26 +0000] "GET /themes/default/graphics/search-topbar.png HTTP/1.1" 200 669 "https://mail.smith.russellmitchell.com/kronolith/" "Mozilla/5.0 (X11; Linux x86_64) AppleWebKit/537.36 (KHTML, like Gecko) HeadlessChrome/97.0.4692.71 Safari/537.36"
10.143.2.25 - - [24/Jan/2022:08:40:26 +0000] "GET /js/autocomplete.js?v=d0d0749382c4cc649651134fc974b2e8 HTTP/1.1" 200 3195 "https://mail.smith.russellmitchell.com/kronolith/" "Mozilla/5.0 (X11; Linux x86_64) AppleWebKit/537.36 (KHTML, like Gecko) HeadlessChrome/97.0.4692.71 Safari/537.36"
10.143.2.25 - - [24/Jan/2022:08:40:26 +0000] "GET /js/imple.js?v=d0d0749382c4cc649651134fc974b2e8 HTTP/1.1" 200 985 "https://mail.smith.russellmitchell.com/kronolith/" "Mozilla/5.0 (X11; Linux x86_64) AppleWebKit/537.36 (KHTML, like Gecko) HeadlessChrome/97.0.4692.71 Safari/537.36"
10.143.2.25 - - [24/Jan/2022:08:40:26 +0000] "GET /kronolith/js/dragdrop2.js?v=839a6380454bbd865d6aa6063c84bc2b HTTP/1.1" 200 6793 "https://mail.smith.russellmitchell.com/kronolith/" "Mozilla/5.0 (X11; Linux x86_64) AppleWebKit/537.36 (KHTML, like Gecko) HeadlessChrome/97.0.4692.71 Safari/537.36"
10.143.2.25 - - [24/Jan/2022:08:40:26 +0000] "GET /js/tooltips.js?v=d0d0749382c4cc649651134fc974b2e8 HTTP/1.1" 200 1318 "https://mail.smith.russellmitchell.com/kronolith/" "Mozilla/5.0 (X11; Linux x86_64) AppleWebKit/537.36 (KHTML, like Gecko) HeadlessChrome/97.0.4692.71 Safari/537.36"
10.143.2.25 - - [24/Jan/2022:08:40:26 +0000] "GET /kronolith/themes/default/dynamic/screen.css HTTP/1.1" 200 4449 "https://mail.smith.russellmitchell.com/kronolith/" "Mozilla/5.0 (X11; Linux x86_64) AppleWebKit/537.36 (KHTML, like Gecko) HeadlessChrome/97.0.4692.71 Safari/537.36"
10.143.2.25 - - [24/Jan/2022:08:40:26 +0000] "GET /js/colorpicker.js?v=d0d0749382c4cc649651134fc974b2e8 HTTP/1.1" 200 3818 "https://mail.smith.russellmitchell.com/kronolith/" "Mozilla/5.0 (X11; Linux x86_64) AppleWebKit/537.36 (KHTML, like Gecko) HeadlessChrome/97.0.4692.71 Safari/537.36"
10.143.2.25 - - [24/Jan/2022:08:40:26 +0000] "GET /js/calendar.js?v=d0d0749382c4cc649651134fc974b2e8 HTTP/1.1" 200 2934 "https://mail.smith.russellmitchell.com/kronolith/" "Mozilla/5.0 (X11; Linux x86_64) AppleWebKit/537.36 (KHTML, like Gecko) HeadlessChrome/97.0.4692.71 Safari/537.36"
10.143.2.25 - - [24/Jan/2022:08:40:26 +0000] "GET /js/form_ghost.js?v=d0d0749382c4cc649651134fc974b2e8 HTTP/1.1" 200 1939 "https://mail.smith.russellmitchell.com/kronolith/" "Mozilla/5.0 (X11; Linux x86_64) AppleWebKit/537.36 (KHTML, like Gecko) HeadlessChrome/97.0.4692.71 Safari/537.36"
10.143.2.25 - - [24/Jan/2022:08:40:26 +0000] "GET /kronolith/themes/default/webkit.css HTTP/1.1" 200 1029 "https://mail.smith.russellmitchell.com/kronolith/" "Mozilla/5.0 (X11; Linux x86_64) AppleWebKit/537.36 (KHTML, like Gecko) HeadlessChrome/97.0.4692.71 Safari/537.36"
10.143.2.25 - - [24/Jan/2022:08:40:26 +0000] "GET /kronolith/themes/default/graphics/left.png HTTP/1.1" 200 598 "https://mail.smith.russellmitchell.com/kronolith/themes/default/screen.css" "Mozilla/5.0 (X11; Linux x86_64) AppleWebKit/537.36 (KHTML, like Gecko) HeadlessChrome/97.0.4692.71 Safari/537.36"
10.143.2.25 - - [24/Jan/2022:08:40:26 +0000] "GET /kronolith/themes/default/graphics/right.png HTTP/1.1" 200 588 "https://mail.smith.russellmitchell.com/kronolith/themes/default/screen.css" "Mozilla/5.0 (X11; Linux x86_64) AppleWebKit/537.36 (KHTML, like Gecko) HeadlessChrome/97.0.4692.71 Safari/537.36"
10.143.2.25 - - [24/Jan/2022:08:40:26 +0000] "GET /js/keynavlist.js?v=d0d0749382c4cc649651134fc974b2e8 HTTP/1.1" 200 3492 "https://mail.smith.russellmitchell.com/kronolith/" "Mozilla/5.0 (X11; Linux x86_64) AppleWebKit/537.36 (KHTML, like Gecko) HeadlessChrome/97.0.4692.71 Safari/537.36"
10.143.2.25 - - [24/Jan/2022:08:40:26 +0000] "GET /js/prettyautocomplete.js?v=d0d0749382c4cc649651134fc974b2e8 HTTP/1.1" 200 4039 "https://mail.smith.russellmitchell.com/kronolith/" "Mozilla/5.0 (X11; Linux x86_64) AppleWebKit/537.36 (KHTML, like Gecko) HeadlessChrome/97.0.4692.71 Safari/537.36"
10.143.2.25 - - [24/Jan/2022:08:40:26 +0000] "GET /js/liquidmetal.js?v=d0d0749382c4cc649651134fc974b2e8 HTTP/1.1" 200 2351 "https://mail.smith.russellmitchell.com/kronolith/" "Mozilla/5.0 (X11; Linux x86_64) AppleWebKit/537.36 (KHTML, like Gecko) HeadlessChrome/97.0.4692.71 Safari/537.36"
10.143.2.25 - - [24/Jan/2022:08:40:26 +0000] "GET /kronolith/themes/default/graphics/dayview.png HTTP/1.1" 200 655 "https://mail.smith.russellmitchell.com/kronolith/themes/default/screen.css" "Mozilla/5.0 (X11; Linux x86_64) AppleWebKit/537.36 (KHTML, like Gecko) HeadlessChrome/97.0.4692.71 Safari/537.36"
10.143.2.25 - - [24/Jan/2022:08:40:26 +0000] "GET /kronolith/js/kronolith.js?v=839a6380454bbd865d6aa6063c84bc2b HTTP/1.1" 200 51116 "https://mail.smith.russellmitchell.com/kronolith/" "Mozilla/5.0 (X11; Linux x86_64) AppleWebKit/537.36 (KHTML, like Gecko) HeadlessChrome/97.0.4692.71 Safari/537.36"
10.143.2.25 - - [24/Jan/2022:08:40:26 +0000] "GET /kronolith/themes/default/graphics/workweekview.png HTTP/1.1" 200 609 "https://mail.smith.russellmitchell.com/kronolith/themes/default/screen.css" "Mozilla/5.0 (X11; Linux x86_64) AppleWebKit/537.36 (KHTML, like Gecko) HeadlessChrome/97.0.4692.71 Safari/537.36"
10.143.2.25 - - [24/Jan/2022:08:40:26 +0000] "GET /kronolith/themes/default/graphics/weekview.png HTTP/1.1" 200 609 "https://mail.smith.russellmitchell.com/kronolith/themes/default/screen.css" "Mozilla/5.0 (X11; Linux x86_64) AppleWebKit/537.36 (KHTML, like Gecko) HeadlessChrome/97.0.4692.71 Safari/537.36"
10.143.2.25 - - [24/Jan/2022:08:40:26 +0000] "GET /kronolith/themes/default/graphics/monthview.png HTTP/1.1" 200 664 "https://mail.smith.russellmitchell.com/kronolith/themes/default/screen.css" "Mozilla/5.0 (X11; Linux x86_64) AppleWebKit/537.36 (KHTML, like Gecko) HeadlessChrome/97.0.4692.71 Safari/537.36"
10.143.2.25 - - [24/Jan/2022:08:40:26 +0000] "GET /kronolith/themes/default/graphics/yearview.png HTTP/1.1" 200 607 "https://mail.smith.russellmitchell.com/kronolith/themes/default/screen.css" "Mozilla/5.0 (X11; Linux x86_64) AppleWebKit/537.36 (KHTML, like Gecko) HeadlessChrome/97.0.4692.71 Safari/537.36"
10.143.2.25 - - [24/Jan/2022:08:40:26 +0000] "GET /kronolith/themes/default/graphics/tasks.png HTTP/1.1" 200 920 "https://mail.smith.russellmitchell.com/kronolith/themes/default/screen.css" "Mozilla/5.0 (X11; Linux x86_64) AppleWebKit/537.36 (KHTML, like Gecko) HeadlessChrome/97.0.4692.71 Safari/537.36"
10.143.2.25 - - [24/Jan/2022:08:40:26 +0000] "GET /kronolith/themes/default/graphics/new.png HTTP/1.1" 200 866 "https://mail.smith.russellmitchell.com/kronolith/themes/default/dynamic/screen.css" "Mozilla/5.0 (X11; Linux x86_64) AppleWebKit/537.36 (KHTML, like Gecko) HeadlessChrome/97.0.4692.71 Safari/537.36"
10.143.2.25 - - [24/Jan/2022:08:40:26 +0000] "GET /themes/default/graphics/sidebar-split.png HTTP/1.1" 200 391 "https://mail.smith.russellmitchell.com/themes/default/screen.css" "Mozilla/5.0 (X11; Linux x86_64) AppleWebKit/537.36 (KHTML, like Gecko) HeadlessChrome/97.0.4692.71 Safari/537.36"
10.143.2.25 - - [24/Jan/2022:08:40:26 +0000] "POST /services/ajax.php/kronolith/listCalendars HTTP/1.1" 200 1036 "https://mail.smith.russellmitchell.com/kronolith/" "Mozilla/5.0 (X11; Linux x86_64) AppleWebKit/537.36 (KHTML, like Gecko) HeadlessChrome/97.0.4692.71 Safari/537.36"
10.143.2.25 - - [24/Jan/2022:08:40:26 +0000] "GET /kronolith/themes/default/graphics/loading.gif HTTP/1.1" 200 2823 "https://mail.smith.russellmitchell.com/kronolith/themes/default/dynamic/screen.css" "Mozilla/5.0 (X11; Linux x86_64) AppleWebKit/537.36 (KHTML, like Gecko) HeadlessChrome/97.0.4692.71 Safari/537.36"
10.143.2.25 - - [24/Jan/2022:08:40:26 +0000] "GET /themes/default/graphics/edit-sidebar-fff.png HTTP/1.1" 200 525 "https://mail.smith.russellmitchell.com/themes/default/screen.css" "Mozilla/5.0 (X11; Linux x86_64) AppleWebKit/537.36 (KHTML, like Gecko) HeadlessChrome/97.0.4692.71 Safari/537.36"
10.143.2.25 - - [24/Jan/2022:08:40:26 +0000] "GET /themes/default/graphics/checkbox_on.png HTTP/1.1" 200 783 "https://mail.smith.russellmitchell.com/themes/default/screen.css" "Mozilla/5.0 (X11; Linux x86_64) AppleWebKit/537.36 (KHTML, like Gecko) HeadlessChrome/97.0.4692.71 Safari/537.36"
10.143.2.25 - - [24/Jan/2022:08:40:26 +0000] "POST /services/ajax.php/kronolith/listEvents HTTP/1.1" 200 2811 "https://mail.smith.russellmitchell.com/kronolith/" "Mozilla/5.0 (X11; Linux x86_64) AppleWebKit/537.36 (KHTML, like Gecko) HeadlessChrome/97.0.4692.71 Safari/537.36"
10.143.2.25 - - [24/Jan/2022:08:40:26 +0000] "POST /services/ajax.php/kronolith/listEvents HTTP/1.1" 200 604 "https://mail.smith.russellmitchell.com/kronolith/" "Mozilla/5.0 (X11; Linux x86_64) AppleWebKit/537.36 (KHTML, like Gecko) HeadlessChrome/97.0.4692.71 Safari/537.36"
172.19.131.174 - - [24/Jan/2022:08:40:47 +0000] "GET /imp/dynamic.php?page=mailbox HTTP/1.1" 200 9471 "https://mail.smith.russellmitchell.com/mnemo/" "Mozilla/5.0 (X11; Ubuntu; Linux x86_64; rv:86.0) Gecko/20100101 Firefox/86.0"
172.19.131.174 - - [24/Jan/2022:08:40:47 +0000] "GET /imp/js/passphrase.js?v=b2b582864b8fa969bd5860bc72f0d3da HTTP/1.1" 200 861 "https://mail.smith.russellmitchell.com/imp/dynamic.php?page=mailbox" "Mozilla/5.0 (X11; Ubuntu; Linux x86_64; rv:86.0) Gecko/20100101 Firefox/86.0"
172.19.131.174 - - [24/Jan/2022:08:40:47 +0000] "POST /services/ajax.php/imp/dynamicInit HTTP/1.1" 200 3628 "https://mail.smith.russellmitchell.com/imp/dynamic.php?page=mailbox" "Mozilla/5.0 (X11; Ubuntu; Linux x86_64; rv:86.0) Gecko/20100101 Firefox/86.0"
172.19.131.174 - - [24/Jan/2022:08:41:04 +0000] "POST /mnemo/memo.php HTTP/1.1" 302 1046 "https://mail.smith.russellmitchell.com/mnemo/memo.php?actionID=add_memo" "Mozilla/5.0 (X11; Linux x86_64) AppleWebKit/537.36 (KHTML, like Gecko) HeadlessChrome/97.0.4692.71 Safari/537.36"
172.19.131.174 - - [24/Jan/2022:08:41:04 +0000] "GET /mnemo/list.php HTTP/1.1" 200 10729 "https://mail.smith.russellmitchell.com/mnemo/memo.php?actionID=add_memo" "Mozilla/5.0 (X11; Linux x86_64) AppleWebKit/537.36 (KHTML, like Gecko) HeadlessChrome/97.0.4692.71 Safari/537.36"
172.19.131.174 - - [24/Jan/2022:08:41:05 +0000] "GET /mnemo/themes/default/screen.css HTTP/1.1" 200 1061 "https://mail.smith.russellmitchell.com/mnemo/list.php" "Mozilla/5.0 (X11; Linux x86_64) AppleWebKit/537.36 (KHTML, like Gecko) HeadlessChrome/97.0.4692.71 Safari/537.36"
172.19.131.174 - - [24/Jan/2022:08:41:05 +0000] "GET /js/tooltips.js?v=d0d0749382c4cc649651134fc974b2e8 HTTP/1.1" 200 1318 "https://mail.smith.russellmitchell.com/mnemo/list.php" "Mozilla/5.0 (X11; Linux x86_64) AppleWebKit/537.36 (KHTML, like Gecko) HeadlessChrome/97.0.4692.71 Safari/537.36"
172.19.131.174 - - [24/Jan/2022:08:41:05 +0000] "GET /js/tables.js?v=d0d0749382c4cc649651134fc974b2e8 HTTP/1.1" 200 2536 "https://mail.smith.russellmitchell.com/mnemo/list.php" "Mozilla/5.0 (X11; Linux x86_64) AppleWebKit/537.36 (KHTML, like Gecko) HeadlessChrome/97.0.4692.71 Safari/537.36"
172.19.131.174 - - [24/Jan/2022:08:41:05 +0000] "GET /js/quickfinder.js?v=d0d0749382c4cc649651134fc974b2e8 HTTP/1.1" 200 2107 "https://mail.smith.russellmitchell.com/mnemo/list.php" "Mozilla/5.0 (X11; Linux x86_64) AppleWebKit/537.36 (KHTML, like Gecko) HeadlessChrome/97.0.4692.71 Safari/537.36"
172.19.131.174 - - [24/Jan/2022:08:41:05 +0000] "GET /mnemo/js/list.js?v=0fdb5db59031a398d8e995b4ce9765c9 HTTP/1.1" 200 1558 "https://mail.smith.russellmitchell.com/mnemo/list.php" "Mozilla/5.0 (X11; Linux x86_64) AppleWebKit/537.36 (KHTML, like Gecko) HeadlessChrome/97.0.4692.71 Safari/537.36"
172.19.131.174 - - [24/Jan/2022:08:41:05 +0000] "GET /themes/default/graphics/alerts/success.png HTTP/1.1" 200 775 "https://mail.smith.russellmitchell.com/themes/default/screen.css" "Mozilla/5.0 (X11; Linux x86_64) AppleWebKit/537.36 (KHTML, like Gecko) HeadlessChrome/97.0.4692.71 Safari/537.36"
172.19.131.174 - - [24/Jan/2022:08:41:05 +0000] "GET /themes/default/graphics/close.png HTTP/1.1" 200 795 "https://mail.smith.russellmitchell.com/themes/default/screen.css" "Mozilla/5.0 (X11; Linux x86_64) AppleWebKit/537.36 (KHTML, like Gecko) HeadlessChrome/97.0.4692.71 Safari/537.36"
10.143.2.25 - - [24/Jan/2022:08:41:05 +0000] "POST /services/ajax.php/kronolith/listTopTags HTTP/1.1" 200 1077 "https://mail.smith.russellmitchell.com/kronolith/" "Mozilla/5.0 (X11; Linux x86_64) AppleWebKit/537.36 (KHTML, like Gecko) HeadlessChrome/97.0.4692.71 Safari/537.36"
172.19.131.174 - - [24/Jan/2022:08:41:09 +0000] "POST /services/ajax.php/imp/showMessage HTTP/1.1" 200 2886 "https://mail.smith.russellmitchell.com/imp/dynamic.php?page=mailbox" "Mozilla/5.0 (X11; Ubuntu; Linux x86_64; rv:86.0) Gecko/20100101 Firefox/86.0"
172.19.131.174 - - [24/Jan/2022:08:41:25 +0000] "POST /services/ajax.php/imp/deleteMessages HTTP/1.1" 200 1076 "https://mail.smith.russellmitchell.com/imp/dynamic.php?page=mailbox" "Mozilla/5.0 (X11; Ubuntu; Linux x86_64; rv:86.0) Gecko/20100101 Firefox/86.0"
10.143.2.25 - - [24/Jan/2022:08:41:26 +0000] "POST /services/ajax.php/kronolith/poll HTTP/1.1" 200 1000 "https://mail.smith.russellmitchell.com/kronolith/" "Mozilla/5.0 (X11; Linux x86_64) AppleWebKit/537.36 (KHTML, like Gecko) HeadlessChrome/97.0.4692.71 Safari/537.36"
172.19.131.174 - - [24/Jan/2022:08:41:41 +0000] "GET /mnemo/memo.php?memo=1P1JwaNDahVBCsSStJsqnt1&memolist=1o4AslOmPwgnPMTx0Cdbhwx&actionID=modify_memo HTTP/1.1" 200 6817 "https://mail.smith.russellmitchell.com/mnemo/list.php" "Mozilla/5.0 (X11; Linux x86_64) AppleWebKit/537.36 (KHTML, like Gecko) HeadlessChrome/97.0.4692.71 Safari/537.36"
172.19.131.174 - - [24/Jan/2022:08:41:41 +0000] "GET /mnemo/themes/default/screen.css HTTP/1.1" 200 1061 "https://mail.smith.russellmitchell.com/mnemo/memo.php?memo=1P1JwaNDahVBCsSStJsqnt1&memolist=1o4AslOmPwgnPMTx0Cdbhwx&actionID=modify_memo" "Mozilla/5.0 (X11; Linux x86_64) AppleWebKit/537.36 (KHTML, like Gecko) HeadlessChrome/97.0.4692.71 Safari/537.36"
172.19.131.174 - - [24/Jan/2022:08:41:41 +0000] "GET /js/keynavlist.js?v=d0d0749382c4cc649651134fc974b2e8 HTTP/1.1" 200 2916 "https://mail.smith.russellmitchell.com/mnemo/memo.php?memo=1P1JwaNDahVBCsSStJsqnt1&memolist=1o4AslOmPwgnPMTx0Cdbhwx&actionID=modify_memo" "Mozilla/5.0 (X11; Linux x86_64) AppleWebKit/537.36 (KHTML, like Gecko) HeadlessChrome/97.0.4692.71 Safari/537.36"
172.19.131.174 - - [24/Jan/2022:08:41:41 +0000] "GET /js/autocomplete.js?v=d0d0749382c4cc649651134fc974b2e8 HTTP/1.1" 200 3195 "https://mail.smith.russellmitchell.com/mnemo/memo.php?memo=1P1JwaNDahVBCsSStJsqnt1&memolist=1o4AslOmPwgnPMTx0Cdbhwx&actionID=modify_memo" "Mozilla/5.0 (X11; Linux x86_64) AppleWebKit/537.36 (KHTML, like Gecko) HeadlessChrome/97.0.4692.71 Safari/537.36"
172.19.131.174 - - [24/Jan/2022:08:41:41 +0000] "GET /js/liquidmetal.js?v=d0d0749382c4cc649651134fc974b2e8 HTTP/1.1" 200 1775 "https://mail.smith.russellmitchell.com/mnemo/memo.php?memo=1P1JwaNDahVBCsSStJsqnt1&memolist=1o4AslOmPwgnPMTx0Cdbhwx&actionID=modify_memo" "Mozilla/5.0 (X11; Linux x86_64) AppleWebKit/537.36 (KHTML, like Gecko) HeadlessChrome/97.0.4692.71 Safari/537.36"
172.19.131.174 - - [24/Jan/2022:08:41:41 +0000] "GET /js/imple.js?v=d0d0749382c4cc649651134fc974b2e8 HTTP/1.1" 200 1561 "https://mail.smith.russellmitchell.com/mnemo/memo.php?memo=1P1JwaNDahVBCsSStJsqnt1&memolist=1o4AslOmPwgnPMTx0Cdbhwx&actionID=modify_memo" "Mozilla/5.0 (X11; Linux x86_64) AppleWebKit/537.36 (KHTML, like Gecko) HeadlessChrome/97.0.4692.71 Safari/537.36"
172.19.131.174 - - [24/Jan/2022:08:41:41 +0000] "GET /mnemo/js/memo.js?v=0fdb5db59031a398d8e995b4ce9765c9 HTTP/1.1" 200 1528 "https://mail.smith.russellmitchell.com/mnemo/memo.php?memo=1P1JwaNDahVBCsSStJsqnt1&memolist=1o4AslOmPwgnPMTx0Cdbhwx&actionID=modify_memo" "Mozilla/5.0 (X11; Linux x86_64) AppleWebKit/537.36 (KHTML, like Gecko) HeadlessChrome/97.0.4692.71 Safari/537.36"
172.19.131.174 - - [24/Jan/2022:08:41:42 +0000] "POST /services/ajax.php/imp/showMessage HTTP/1.1" 200 3960 "https://mail.smith.russellmitchell.com/imp/dynamic.php?page=mailbox" "Mozilla/5.0 (X11; Ubuntu; Linux x86_64; rv:86.0) Gecko/20100101 Firefox/86.0"
10.143.2.25 - - [24/Jan/2022:08:41:46 +0000] "POST /services/ajax.php/kronolith/saveEvent HTTP/1.1" 200 1301 "https://mail.smith.russellmitchell.com/kronolith/" "Mozilla/5.0 (X11; Linux x86_64) AppleWebKit/537.36 (KHTML, like Gecko) HeadlessChrome/97.0.4692.71 Safari/537.36"
172.19.131.174 - - [24/Jan/2022:08:41:52 +0000] "GET /mnemo/memo.php?memo=1P1JwaNDahVBCsSStJsqnt1&memolist=1o4AslOmPwgnPMTx0Cdbhwx&actionID=delete_memos HTTP/1.1" 302 1046 "https://mail.smith.russellmitchell.com/mnemo/memo.php?memo=1P1JwaNDahVBCsSStJsqnt1&memolist=1o4AslOmPwgnPMTx0Cdbhwx&actionID=modify_memo" "Mozilla/5.0 (X11; Linux x86_64) AppleWebKit/537.36 (KHTML, like Gecko) HeadlessChrome/97.0.4692.71 Safari/537.36"
172.19.131.174 - - [24/Jan/2022:08:41:52 +0000] "GET /mnemo/list.php HTTP/1.1" 200 10555 "https://mail.smith.russellmitchell.com/mnemo/memo.php?memo=1P1JwaNDahVBCsSStJsqnt1&memolist=1o4AslOmPwgnPMTx0Cdbhwx&actionID=modify_memo" "Mozilla/5.0 (X11; Linux x86_64) AppleWebKit/537.36 (KHTML, like Gecko) HeadlessChrome/97.0.4692.71 Safari/537.36"
172.19.131.174 - - [24/Jan/2022:08:41:53 +0000] "GET /mnemo/themes/default/screen.css HTTP/1.1" 200 1061 "https://mail.smith.russellmitchell.com/mnemo/list.php" "Mozilla/5.0 (X11; Linux x86_64) AppleWebKit/537.36 (KHTML, like Gecko) HeadlessChrome/97.0.4692.71 Safari/537.36"
172.19.131.174 - - [24/Jan/2022:08:41:53 +0000] "GET /js/tooltips.js?v=d0d0749382c4cc649651134fc974b2e8 HTTP/1.1" 200 1318 "https://mail.smith.russellmitchell.com/mnemo/list.php" "Mozilla/5.0 (X11; Linux x86_64) AppleWebKit/537.36 (KHTML, like Gecko) HeadlessChrome/97.0.4692.71 Safari/537.36"
172.19.131.174 - - [24/Jan/2022:08:41:53 +0000] "GET /js/tables.js?v=d0d0749382c4cc649651134fc974b2e8 HTTP/1.1" 200 2536 "https://mail.smith.russellmitchell.com/mnemo/list.php" "Mozilla/5.0 (X11; Linux x86_64) AppleWebKit/537.36 (KHTML, like Gecko) HeadlessChrome/97.0.4692.71 Safari/537.36"
172.19.131.174 - - [24/Jan/2022:08:41:53 +0000] "GET /mnemo/js/list.js?v=0fdb5db59031a398d8e995b4ce9765c9 HTTP/1.1" 200 1558 "https://mail.smith.russellmitchell.com/mnemo/list.php" "Mozilla/5.0 (X11; Linux x86_64) AppleWebKit/537.36 (KHTML, like Gecko) HeadlessChrome/97.0.4692.71 Safari/537.36"
172.19.131.174 - - [24/Jan/2022:08:41:53 +0000] "GET /js/quickfinder.js?v=d0d0749382c4cc649651134fc974b2e8 HTTP/1.1" 200 2107 "https://mail.smith.russellmitchell.com/mnemo/list.php" "Mozilla/5.0 (X11; Linux x86_64) AppleWebKit/537.36 (KHTML, like Gecko) HeadlessChrome/97.0.4692.71 Safari/537.36"
172.19.131.174 - - [24/Jan/2022:08:41:58 +0000] "GET /imp/dynamic.php?page=compose&type=new&token=bJ5lRi_FRthIN7Sh-LiMgas&uniq=1643013717922 HTTP/1.1" 200 6264 "https://mail.smith.russellmitchell.com/imp/dynamic.php?page=mailbox" "Mozilla/5.0 (X11; Ubuntu; Linux x86_64; rv:86.0) Gecko/20100101 Firefox/86.0"
10.143.2.25 - - [24/Jan/2022:08:42:23 +0000] "GET /themes/default/graphics/redbox_spinner.gif HTTP/1.1" 200 7726 "https://mail.smith.russellmitchell.com/themes/default/screen.css" "Mozilla/5.0 (X11; Linux x86_64) AppleWebKit/537.36 (KHTML, like Gecko) HeadlessChrome/97.0.4692.71 Safari/537.36"
10.143.2.25 - - [24/Jan/2022:08:42:23 +0000] "POST /services/ajax.php/kronolith/getEvent HTTP/1.1" 200 1482 "https://mail.smith.russellmitchell.com/kronolith/" "Mozilla/5.0 (X11; Linux x86_64) AppleWebKit/537.36 (KHTML, like Gecko) HeadlessChrome/97.0.4692.71 Safari/537.36"
10.143.2.25 - - [24/Jan/2022:08:42:23 +0000] "POST /services/ajax.php/kronolith/listTopTags HTTP/1.1" 200 501 "https://mail.smith.russellmitchell.com/kronolith/" "Mozilla/5.0 (X11; Linux x86_64) AppleWebKit/537.36 (KHTML, like Gecko) HeadlessChrome/97.0.4692.71 Safari/537.36"
10.143.2.25 - - [24/Jan/2022:08:42:26 +0000] "POST /services/ajax.php/kronolith/poll HTTP/1.1" 200 424 "https://mail.smith.russellmitchell.com/kronolith/" "Mozilla/5.0 (X11; Linux x86_64) AppleWebKit/537.36 (KHTML, like Gecko) HeadlessChrome/97.0.4692.71 Safari/537.36"
10.143.2.25 - - [24/Jan/2022:08:42:44 +0000] "POST /services/ajax.php/kronolith/deleteEvent HTTP/1.1" 200 1165 "https://mail.smith.russellmitchell.com/kronolith/" "Mozilla/5.0 (X11; Linux x86_64) AppleWebKit/537.36 (KHTML, like Gecko) HeadlessChrome/97.0.4692.71 Safari/537.36"
10.143.2.25 - - [24/Jan/2022:08:43:10 +0000] "POST /services/ajax.php/kronolith/listTopTags HTTP/1.1" 200 1077 "https://mail.smith.russellmitchell.com/kronolith/" "Mozilla/5.0 (X11; Linux x86_64) AppleWebKit/537.36 (KHTML, like Gecko) HeadlessChrome/97.0.4692.71 Safari/537.36"
172.19.131.174 - - [24/Jan/2022:08:43:13 +0000] "POST /services/ajax.php/imp/sendMessage HTTP/1.1" 200 1081 "https://mail.smith.russellmitchell.com/imp/dynamic.php?page=compose&type=new&token=bJ5lRi_FRthIN7Sh-LiMgas&uniq=1643013717922" "Mozilla/5.0 (X11; Ubuntu; Linux x86_64; rv:86.0) Gecko/20100101 Firefox/86.0"
172.19.131.174 - - [24/Jan/2022:08:43:14 +0000] "POST /services/ajax.php/imp/poll HTTP/1.1" 200 456 "https://mail.smith.russellmitchell.com/imp/dynamic.php?page=mailbox" "Mozilla/5.0 (X11; Ubuntu; Linux x86_64; rv:86.0) Gecko/20100101 Firefox/86.0"
172.19.131.174 - - [24/Jan/2022:08:43:15 +0000] "GET /imp/dynamic.php?page=compose&type=new&token=bJ5lRi_FRthIN7Sh-LiMgas&uniq=1643013794919 HTTP/1.1" 200 5682 "https://mail.smith.russellmitchell.com/imp/dynamic.php?page=mailbox" "Mozilla/5.0 (X11; Ubuntu; Linux x86_64; rv:86.0) Gecko/20100101 Firefox/86.0"
10.143.2.25 - - [24/Jan/2022:08:43:26 +0000] "POST /services/ajax.php/kronolith/poll HTTP/1.1" 200 1000 "https://mail.smith.russellmitchell.com/kronolith/" "Mozilla/5.0 (X11; Linux x86_64) AppleWebKit/537.36 (KHTML, like Gecko) HeadlessChrome/97.0.4692.71 Safari/537.36"
10.143.2.25 - - [24/Jan/2022:08:43:33 +0000] "POST /services/ajax.php/kronolith/saveEvent HTTP/1.1" 200 1300 "https://mail.smith.russellmitchell.com/kronolith/" "Mozilla/5.0 (X11; Linux x86_64) AppleWebKit/537.36 (KHTML, like Gecko) HeadlessChrome/97.0.4692.71 Safari/537.36"
172.19.131.174 - - [24/Jan/2022:08:44:19 +0000] "POST /services/ajax.php/imp/sendMessage HTTP/1.1" 200 1082 "https://mail.smith.russellmitchell.com/imp/dynamic.php?page=compose&type=new&token=bJ5lRi_FRthIN7Sh-LiMgas&uniq=1643013794919" "Mozilla/5.0 (X11; Ubuntu; Linux x86_64; rv:86.0) Gecko/20100101 Firefox/86.0"
172.19.131.174 - - [24/Jan/2022:08:44:19 +0000] "POST /services/ajax.php/imp/showMessage HTTP/1.1" 200 2359 "https://mail.smith.russellmitchell.com/imp/dynamic.php?page=mailbox" "Mozilla/5.0 (X11; Ubuntu; Linux x86_64; rv:86.0) Gecko/20100101 Firefox/86.0"
10.143.2.25 - - [24/Jan/2022:08:44:26 +0000] "POST /services/ajax.php/kronolith/poll HTTP/1.1" 200 1000 "https://mail.smith.russellmitchell.com/kronolith/" "Mozilla/5.0 (X11; Linux x86_64) AppleWebKit/537.36 (KHTML, like Gecko) HeadlessChrome/97.0.4692.71 Safari/537.36"
172.19.131.174 - - [24/Jan/2022:08:44:38 +0000] "POST /services/ajax.php/imp/deleteMessages HTTP/1.1" 200 1076 "https://mail.smith.russellmitchell.com/imp/dynamic.php?page=mailbox" "Mozilla/5.0 (X11; Ubuntu; Linux x86_64; rv:86.0) Gecko/20100101 Firefox/86.0"
172.19.131.174 - - [24/Jan/2022:08:44:49 +0000] "POST /services/ajax.php/imp/flagMessages HTTP/1.1" 200 2836 "https://mail.smith.russellmitchell.com/imp/dynamic.php?page=mailbox" "Mozilla/5.0 (X11; Ubuntu; Linux x86_64; rv:86.0) Gecko/20100101 Firefox/86.0"
172.19.131.174 - - [24/Jan/2022:08:45:03 +0000] "GET /imp/dynamic.php?page=message&buid=45&mailbox=SU5CT1g&token=bJ5lRi_FRthIN7Sh-LiMgas&uniq=1643013903074 HTTP/1.1" 200 7940 "https://mail.smith.russellmitchell.com/imp/dynamic.php?page=mailbox" "Mozilla/5.0 (X11; Ubuntu; Linux x86_64; rv:86.0) Gecko/20100101 Firefox/86.0"
172.19.131.174 - - [24/Jan/2022:08:45:03 +0000] "GET /imp/js/message-dimp.js?v=b2b582864b8fa969bd5860bc72f0d3da HTTP/1.1" 200 3039 "https://mail.smith.russellmitchell.com/imp/dynamic.php?page=message&buid=45&mailbox=SU5CT1g&token=bJ5lRi_FRthIN7Sh-LiMgas&uniq=1643013903074" "Mozilla/5.0 (X11; Ubuntu; Linux x86_64; rv:86.0) Gecko/20100101 Firefox/86.0"
172.19.131.174 - - [24/Jan/2022:08:45:03 +0000] "GET /js/textarearesize.js?v=d0d0749382c4cc649651134fc974b2e8 HTTP/1.1" 200 1204 "https://mail.smith.russellmitchell.com/imp/dynamic.php?page=message&buid=45&mailbox=SU5CT1g&token=bJ5lRi_FRthIN7Sh-LiMgas&uniq=1643013903074" "Mozilla/5.0 (X11; Ubuntu; Linux x86_64; rv:86.0) Gecko/20100101 Firefox/86.0"
172.19.131.174 - - [24/Jan/2022:08:45:03 +0000] "GET /imp/themes/default/graphics/message_source.png HTTP/1.1" 200 424 "https://mail.smith.russellmitchell.com/imp/themes/default/dynamic/screen.css" "Mozilla/5.0 (X11; Ubuntu; Linux x86_64; rv:86.0) Gecko/20100101 Firefox/86.0"
172.19.131.174 - - [24/Jan/2022:08:45:21 +0000] "POST /services/ajax.php/imp/getReplyData HTTP/1.1" 200 1302 "https://mail.smith.russellmitchell.com/imp/dynamic.php?page=message&buid=45&mailbox=SU5CT1g&token=bJ5lRi_FRthIN7Sh-LiMgas&uniq=1643013903074" "Mozilla/5.0 (X11; Ubuntu; Linux x86_64; rv:86.0) Gecko/20100101 Firefox/86.0"
10.143.2.25 - - [24/Jan/2022:08:45:26 +0000] "POST /services/ajax.php/horde/topbarUpdate HTTP/1.1" 200 2785 "https://mail.smith.russellmitchell.com/kronolith/" "Mozilla/5.0 (X11; Linux x86_64) AppleWebKit/537.36 (KHTML, like Gecko) HeadlessChrome/97.0.4692.71 Safari/537.36"
10.143.2.25 - - [24/Jan/2022:08:45:26 +0000] "POST /services/ajax.php/kronolith/poll HTTP/1.1" 200 1000 "https://mail.smith.russellmitchell.com/kronolith/" "Mozilla/5.0 (X11; Linux x86_64) AppleWebKit/537.36 (KHTML, like Gecko) HeadlessChrome/97.0.4692.71 Safari/537.36"
172.19.131.174 - - [24/Jan/2022:08:45:47 +0000] "POST /services/ajax.php/horde/topbarUpdate HTTP/1.1" 200 2810 "https://mail.smith.russellmitchell.com/imp/dynamic.php?page=mailbox" "Mozilla/5.0 (X11; Ubuntu; Linux x86_64; rv:86.0) Gecko/20100101 Firefox/86.0"
10.143.2.25 - - [24/Jan/2022:08:46:22 +0000] "GET /mnemo/ HTTP/1.1" 200 13165 "https://mail.smith.russellmitchell.com/kronolith/" "Mozilla/5.0 (X11; Linux x86_64) AppleWebKit/537.36 (KHTML, like Gecko) HeadlessChrome/97.0.4692.71 Safari/537.36"
10.143.2.25 - - [24/Jan/2022:08:46:23 +0000] "GET /mnemo/themes/default/screen.css HTTP/1.1" 200 1061 "https://mail.smith.russellmitchell.com/mnemo/" "Mozilla/5.0 (X11; Linux x86_64) AppleWebKit/537.36 (KHTML, like Gecko) HeadlessChrome/97.0.4692.71 Safari/537.36"
10.143.2.25 - - [24/Jan/2022:08:46:23 +0000] "GET /js/tables.js?v=d0d0749382c4cc649651134fc974b2e8 HTTP/1.1" 200 2536 "https://mail.smith.russellmitchell.com/mnemo/" "Mozilla/5.0 (X11; Linux x86_64) AppleWebKit/537.36 (KHTML, like Gecko) HeadlessChrome/97.0.4692.71 Safari/537.36"
10.143.2.25 - - [24/Jan/2022:08:46:23 +0000] "GET /js/quickfinder.js?v=d0d0749382c4cc649651134fc974b2e8 HTTP/1.1" 200 1531 "https://mail.smith.russellmitchell.com/mnemo/" "Mozilla/5.0 (X11; Linux x86_64) AppleWebKit/537.36 (KHTML, like Gecko) HeadlessChrome/97.0.4692.71 Safari/537.36"
10.143.2.25 - - [24/Jan/2022:08:46:23 +0000] "GET /mnemo/js/list.js?v=0fdb5db59031a398d8e995b4ce9765c9 HTTP/1.1" 200 1558 "https://mail.smith.russellmitchell.com/mnemo/" "Mozilla/5.0 (X11; Linux x86_64) AppleWebKit/537.36 (KHTML, like Gecko) HeadlessChrome/97.0.4692.71 Safari/537.36"
10.143.2.25 - - [24/Jan/2022:08:46:23 +0000] "GET /themes/default/graphics/az.png HTTP/1.1" 200 570 "https://mail.smith.russellmitchell.com/themes/default/screen.css" "Mozilla/5.0 (X11; Linux x86_64) AppleWebKit/537.36 (KHTML, like Gecko) HeadlessChrome/97.0.4692.71 Safari/537.36"
10.143.2.25 - - [24/Jan/2022:08:46:23 +0000] "GET /mnemo/themes/default/graphics/mnemo.png HTTP/1.1" 200 703 "https://mail.smith.russellmitchell.com/mnemo/themes/default/screen.css" "Mozilla/5.0 (X11; Linux x86_64) AppleWebKit/537.36 (KHTML, like Gecko) HeadlessChrome/97.0.4692.71 Safari/537.36"
10.143.2.25 - - [24/Jan/2022:08:46:23 +0000] "GET /mnemo/themes/default/graphics/search.png HTTP/1.1" 200 766 "https://mail.smith.russellmitchell.com/mnemo/themes/default/screen.css" "Mozilla/5.0 (X11; Linux x86_64) AppleWebKit/537.36 (KHTML, like Gecko) HeadlessChrome/97.0.4692.71 Safari/537.36"
10.143.2.25 - - [24/Jan/2022:08:46:41 +0000] "GET /mnemo/memo.php?actionID=add_memo HTTP/1.1" 200 6659 "https://mail.smith.russellmitchell.com/mnemo/" "Mozilla/5.0 (X11; Linux x86_64) AppleWebKit/537.36 (KHTML, like Gecko) HeadlessChrome/97.0.4692.71 Safari/537.36"
172.19.131.174 - - [24/Jan/2022:08:46:41 +0000] "GET /nag/ HTTP/1.1" 200 9718 "https://mail.smith.russellmitchell.com/mnemo/list.php" "Mozilla/5.0 (X11; Linux x86_64) AppleWebKit/537.36 (KHTML, like Gecko) HeadlessChrome/97.0.4692.71 Safari/537.36"
10.143.2.25 - - [24/Jan/2022:08:46:41 +0000] "GET /mnemo/themes/default/screen.css HTTP/1.1" 200 1061 "https://mail.smith.russellmitchell.com/mnemo/memo.php?actionID=add_memo" "Mozilla/5.0 (X11; Linux x86_64) AppleWebKit/537.36 (KHTML, like Gecko) HeadlessChrome/97.0.4692.71 Safari/537.36"
10.143.2.25 - - [24/Jan/2022:08:46:41 +0000] "GET /js/keynavlist.js?v=d0d0749382c4cc649651134fc974b2e8 HTTP/1.1" 200 2916 "https://mail.smith.russellmitchell.com/mnemo/memo.php?actionID=add_memo" "Mozilla/5.0 (X11; Linux x86_64) AppleWebKit/537.36 (KHTML, like Gecko) HeadlessChrome/97.0.4692.71 Safari/537.36"
172.19.131.174 - - [24/Jan/2022:08:46:41 +0000] "GET /nag/themes/default/screen.css HTTP/1.1" 200 1170 "https://mail.smith.russellmitchell.com/nag/" "Mozilla/5.0 (X11; Linux x86_64) AppleWebKit/537.36 (KHTML, like Gecko) HeadlessChrome/97.0.4692.71 Safari/537.36"
172.19.131.174 - - [24/Jan/2022:08:46:41 +0000] "GET /js/redbox.js?v=d0d0749382c4cc649651134fc974b2e8 HTTP/1.1" 200 1648 "https://mail.smith.russellmitchell.com/nag/" "Mozilla/5.0 (X11; Linux x86_64) AppleWebKit/537.36 (KHTML, like Gecko) HeadlessChrome/97.0.4692.71 Safari/537.36"
10.143.2.25 - - [24/Jan/2022:08:46:41 +0000] "GET /js/autocomplete.js?v=d0d0749382c4cc649651134fc974b2e8 HTTP/1.1" 200 3195 "https://mail.smith.russellmitchell.com/mnemo/memo.php?actionID=add_memo" "Mozilla/5.0 (X11; Linux x86_64) AppleWebKit/537.36 (KHTML, like Gecko) HeadlessChrome/97.0.4692.71 Safari/537.36"
10.143.2.25 - - [24/Jan/2022:08:46:41 +0000] "GET /js/imple.js?v=d0d0749382c4cc649651134fc974b2e8 HTTP/1.1" 200 985 "https://mail.smith.russellmitchell.com/mnemo/memo.php?actionID=add_memo" "Mozilla/5.0 (X11; Linux x86_64) AppleWebKit/537.36 (KHTML, like Gecko) HeadlessChrome/97.0.4692.71 Safari/537.36"
10.143.2.25 - - [24/Jan/2022:08:46:41 +0000] "GET /mnemo/js/memo.js?v=0fdb5db59031a398d8e995b4ce9765c9 HTTP/1.1" 200 952 "https://mail.smith.russellmitchell.com/mnemo/memo.php?actionID=add_memo" "Mozilla/5.0 (X11; Linux x86_64) AppleWebKit/537.36 (KHTML, like Gecko) HeadlessChrome/97.0.4692.71 Safari/537.36"
10.143.2.25 - - [24/Jan/2022:08:46:41 +0000] "GET /js/liquidmetal.js?v=d0d0749382c4cc649651134fc974b2e8 HTTP/1.1" 200 2351 "https://mail.smith.russellmitchell.com/mnemo/memo.php?actionID=add_memo" "Mozilla/5.0 (X11; Linux x86_64) AppleWebKit/537.36 (KHTML, like Gecko) HeadlessChrome/97.0.4692.71 Safari/537.36"
172.19.131.174 - - [24/Jan/2022:08:46:41 +0000] "GET /nag/themes/default/graphics/add.png HTTP/1.1" 200 818 "https://mail.smith.russellmitchell.com/nag/themes/default/screen.css" "Mozilla/5.0 (X11; Linux x86_64) AppleWebKit/537.36 (KHTML, like Gecko) HeadlessChrome/97.0.4692.71 Safari/537.36"
172.19.131.174 - - [24/Jan/2022:08:46:41 +0000] "GET /nag/themes/default/graphics/nag.png HTTP/1.1" 200 771 "https://mail.smith.russellmitchell.com/nag/themes/default/screen.css" "Mozilla/5.0 (X11; Linux x86_64) AppleWebKit/537.36 (KHTML, like Gecko) HeadlessChrome/97.0.4692.71 Safari/537.36"
172.19.131.174 - - [24/Jan/2022:08:46:41 +0000] "GET /nag/themes/default/graphics/search.png HTTP/1.1" 200 1342 "https://mail.smith.russellmitchell.com/nag/themes/default/screen.css" "Mozilla/5.0 (X11; Linux x86_64) AppleWebKit/537.36 (KHTML, like Gecko) HeadlessChrome/97.0.4692.71 Safari/537.36"
172.19.131.174 - - [24/Jan/2022:08:47:04 +0000] "POST /services/ajax.php/imp/sendMessage HTTP/1.1" 200 1226 "https://mail.smith.russellmitchell.com/imp/dynamic.php?page=message&buid=45&mailbox=SU5CT1g&token=bJ5lRi_FRthIN7Sh-LiMgas&uniq=1643013903074" "Mozilla/5.0 (X11; Ubuntu; Linux x86_64; rv:86.0) Gecko/20100101 Firefox/86.0"
172.19.131.174 - - [24/Jan/2022:08:47:05 +0000] "GET /imp/themes/default/graphics/flags/answered-inv.png HTTP/1.1" 200 443 "https://mail.smith.russellmitchell.com/imp/themes/default/dynamic/screen.css" "Mozilla/5.0 (X11; Ubuntu; Linux x86_64; rv:86.0) Gecko/20100101 Firefox/86.0"
10.143.2.25 - - [24/Jan/2022:08:47:22 +0000] "POST /mnemo/memo.php HTTP/1.1" 302 1046 "https://mail.smith.russellmitchell.com/mnemo/memo.php?actionID=add_memo" "Mozilla/5.0 (X11; Linux x86_64) AppleWebKit/537.36 (KHTML, like Gecko) HeadlessChrome/97.0.4692.71 Safari/537.36"
10.143.2.25 - - [24/Jan/2022:08:47:22 +0000] "GET /mnemo/list.php HTTP/1.1" 200 12876 "https://mail.smith.russellmitchell.com/mnemo/memo.php?actionID=add_memo" "Mozilla/5.0 (X11; Linux x86_64) AppleWebKit/537.36 (KHTML, like Gecko) HeadlessChrome/97.0.4692.71 Safari/537.36"
10.143.2.25 - - [24/Jan/2022:08:47:23 +0000] "GET /mnemo/themes/default/screen.css HTTP/1.1" 200 1061 "https://mail.smith.russellmitchell.com/mnemo/list.php" "Mozilla/5.0 (X11; Linux x86_64) AppleWebKit/537.36 (KHTML, like Gecko) HeadlessChrome/97.0.4692.71 Safari/537.36"
10.143.2.25 - - [24/Jan/2022:08:47:23 +0000] "GET /js/tooltips.js?v=d0d0749382c4cc649651134fc974b2e8 HTTP/1.1" 200 1318 "https://mail.smith.russellmitchell.com/mnemo/list.php" "Mozilla/5.0 (X11; Linux x86_64) AppleWebKit/537.36 (KHTML, like Gecko) HeadlessChrome/97.0.4692.71 Safari/537.36"
10.143.2.25 - - [24/Jan/2022:08:47:23 +0000] "GET /js/tables.js?v=d0d0749382c4cc649651134fc974b2e8 HTTP/1.1" 200 2536 "https://mail.smith.russellmitchell.com/mnemo/list.php" "Mozilla/5.0 (X11; Linux x86_64) AppleWebKit/537.36 (KHTML, like Gecko) HeadlessChrome/97.0.4692.71 Safari/537.36"
10.143.2.25 - - [24/Jan/2022:08:47:23 +0000] "GET /mnemo/js/list.js?v=0fdb5db59031a398d8e995b4ce9765c9 HTTP/1.1" 200 1558 "https://mail.smith.russellmitchell.com/mnemo/list.php" "Mozilla/5.0 (X11; Linux x86_64) AppleWebKit/537.36 (KHTML, like Gecko) HeadlessChrome/97.0.4692.71 Safari/537.36"
10.143.2.25 - - [24/Jan/2022:08:47:23 +0000] "GET /js/quickfinder.js?v=d0d0749382c4cc649651134fc974b2e8 HTTP/1.1" 200 2107 "https://mail.smith.russellmitchell.com/mnemo/list.php" "Mozilla/5.0 (X11; Linux x86_64) AppleWebKit/537.36 (KHTML, like Gecko) HeadlessChrome/97.0.4692.71 Safari/537.36"
172.19.131.174 - - [24/Jan/2022:08:47:28 +0000] "GET /nag/task.php?actionID=add_task HTTP/1.1" 200 9850 "https://mail.smith.russellmitchell.com/nag/" "Mozilla/5.0 (X11; Linux x86_64) AppleWebKit/537.36 (KHTML, like Gecko) HeadlessChrome/97.0.4692.71 Safari/537.36"
172.19.131.174 - - [24/Jan/2022:08:47:28 +0000] "GET /nag/themes/default/screen.css HTTP/1.1" 200 1170 "https://mail.smith.russellmitchell.com/nag/task.php?actionID=add_task" "Mozilla/5.0 (X11; Linux x86_64) AppleWebKit/537.36 (KHTML, like Gecko) HeadlessChrome/97.0.4692.71 Safari/537.36"
172.19.131.174 - - [24/Jan/2022:08:47:28 +0000] "GET /js/form_sections.js?v=d0d0749382c4cc649651134fc974b2e8 HTTP/1.1" 200 985 "https://mail.smith.russellmitchell.com/nag/task.php?actionID=add_task" "Mozilla/5.0 (X11; Linux x86_64) AppleWebKit/537.36 (KHTML, like Gecko) HeadlessChrome/97.0.4692.71 Safari/537.36"
172.19.131.174 - - [24/Jan/2022:08:47:28 +0000] "GET /js/keynavlist.js?v=d0d0749382c4cc649651134fc974b2e8 HTTP/1.1" 200 2916 "https://mail.smith.russellmitchell.com/nag/task.php?actionID=add_task" "Mozilla/5.0 (X11; Linux x86_64) AppleWebKit/537.36 (KHTML, like Gecko) HeadlessChrome/97.0.4692.71 Safari/537.36"
172.19.131.174 - - [24/Jan/2022:08:47:28 +0000] "GET /js/imple.js?v=d0d0749382c4cc649651134fc974b2e8 HTTP/1.1" 200 985 "https://mail.smith.russellmitchell.com/nag/task.php?actionID=add_task" "Mozilla/5.0 (X11; Linux x86_64) AppleWebKit/537.36 (KHTML, like Gecko) HeadlessChrome/97.0.4692.71 Safari/537.36"
172.19.131.174 - - [24/Jan/2022:08:47:28 +0000] "GET /js/autocomplete.js?v=d0d0749382c4cc649651134fc974b2e8 HTTP/1.1" 200 3771 "https://mail.smith.russellmitchell.com/nag/task.php?actionID=add_task" "Mozilla/5.0 (X11; Linux x86_64) AppleWebKit/537.36 (KHTML, like Gecko) HeadlessChrome/97.0.4692.71 Safari/537.36"
172.19.131.174 - - [24/Jan/2022:08:47:28 +0000] "GET /nag/js/task.js?v=1c1ea9cb7680a625043f90fc61ea7261 HTTP/1.1" 200 1086 "https://mail.smith.russellmitchell.com/nag/task.php?actionID=add_task" "Mozilla/5.0 (X11; Linux x86_64) AppleWebKit/537.36 (KHTML, like Gecko) HeadlessChrome/97.0.4692.71 Safari/537.36"
172.19.131.174 - - [24/Jan/2022:08:47:28 +0000] "GET /nag/js/calendar.js?v=1c1ea9cb7680a625043f90fc61ea7261 HTTP/1.1" 200 1920 "https://mail.smith.russellmitchell.com/nag/task.php?actionID=add_task" "Mozilla/5.0 (X11; Linux x86_64) AppleWebKit/537.36 (KHTML, like Gecko) HeadlessChrome/97.0.4692.71 Safari/537.36"
172.19.131.174 - - [24/Jan/2022:08:47:28 +0000] "GET /js/calendar.js?v=d0d0749382c4cc649651134fc974b2e8 HTTP/1.1" 200 3510 "https://mail.smith.russellmitchell.com/nag/task.php?actionID=add_task" "Mozilla/5.0 (X11; Linux x86_64) AppleWebKit/537.36 (KHTML, like Gecko) HeadlessChrome/97.0.4692.71 Safari/537.36"
172.19.131.174 - - [24/Jan/2022:08:47:28 +0000] "GET /js/liquidmetal.js?v=d0d0749382c4cc649651134fc974b2e8 HTTP/1.1" 200 4788 "https://mail.smith.russellmitchell.com/nag/task.php?actionID=add_task" "Mozilla/5.0 (X11; Linux x86_64) AppleWebKit/537.36 (KHTML, like Gecko) HeadlessChrome/97.0.4692.71 Safari/537.36"
10.143.2.25 - - [24/Jan/2022:08:47:36 +0000] "GET /mnemo/memo.php?actionID=add_memo HTTP/1.1" 200 9096 "https://mail.smith.russellmitchell.com/mnemo/list.php" "Mozilla/5.0 (X11; Linux x86_64) AppleWebKit/537.36 (KHTML, like Gecko) HeadlessChrome/97.0.4692.71 Safari/537.36"
10.143.2.25 - - [24/Jan/2022:08:47:36 +0000] "GET /mnemo/themes/default/screen.css HTTP/1.1" 200 1061 "https://mail.smith.russellmitchell.com/mnemo/memo.php?actionID=add_memo" "Mozilla/5.0 (X11; Linux x86_64) AppleWebKit/537.36 (KHTML, like Gecko) HeadlessChrome/97.0.4692.71 Safari/537.36"
10.143.2.25 - - [24/Jan/2022:08:47:36 +0000] "GET /js/keynavlist.js?v=d0d0749382c4cc649651134fc974b2e8 HTTP/1.1" 200 2916 "https://mail.smith.russellmitchell.com/mnemo/memo.php?actionID=add_memo" "Mozilla/5.0 (X11; Linux x86_64) AppleWebKit/537.36 (KHTML, like Gecko) HeadlessChrome/97.0.4692.71 Safari/537.36"
10.143.2.25 - - [24/Jan/2022:08:47:36 +0000] "GET /js/autocomplete.js?v=d0d0749382c4cc649651134fc974b2e8 HTTP/1.1" 200 3195 "https://mail.smith.russellmitchell.com/mnemo/memo.php?actionID=add_memo" "Mozilla/5.0 (X11; Linux x86_64) AppleWebKit/537.36 (KHTML, like Gecko) HeadlessChrome/97.0.4692.71 Safari/537.36"
10.143.2.25 - - [24/Jan/2022:08:47:36 +0000] "GET /js/imple.js?v=d0d0749382c4cc649651134fc974b2e8 HTTP/1.1" 200 1561 "https://mail.smith.russellmitchell.com/mnemo/memo.php?actionID=add_memo" "Mozilla/5.0 (X11; Linux x86_64) AppleWebKit/537.36 (KHTML, like Gecko) HeadlessChrome/97.0.4692.71 Safari/537.36"
10.143.2.25 - - [24/Jan/2022:08:47:36 +0000] "GET /mnemo/js/memo.js?v=0fdb5db59031a398d8e995b4ce9765c9 HTTP/1.1" 200 1528 "https://mail.smith.russellmitchell.com/mnemo/memo.php?actionID=add_memo" "Mozilla/5.0 (X11; Linux x86_64) AppleWebKit/537.36 (KHTML, like Gecko) HeadlessChrome/97.0.4692.71 Safari/537.36"
10.143.2.25 - - [24/Jan/2022:08:47:36 +0000] "GET /js/liquidmetal.js?v=d0d0749382c4cc649651134fc974b2e8 HTTP/1.1" 200 2351 "https://mail.smith.russellmitchell.com/mnemo/memo.php?actionID=add_memo" "Mozilla/5.0 (X11; Linux x86_64) AppleWebKit/537.36 (KHTML, like Gecko) HeadlessChrome/97.0.4692.71 Safari/537.36"
172.19.131.174 - - [24/Jan/2022:08:47:40 +0000] "POST /nag/task/save.php HTTP/1.1" 302 3481 "https://mail.smith.russellmitchell.com/nag/task.php?actionID=add_task" "Mozilla/5.0 (X11; Linux x86_64) AppleWebKit/537.36 (KHTML, like Gecko) HeadlessChrome/97.0.4692.71 Safari/537.36"
172.19.131.174 - - [24/Jan/2022:08:47:41 +0000] "GET /nag/list.php HTTP/1.1" 200 9401 "https://mail.smith.russellmitchell.com/nag/task.php?actionID=add_task" "Mozilla/5.0 (X11; Linux x86_64) AppleWebKit/537.36 (KHTML, like Gecko) HeadlessChrome/97.0.4692.71 Safari/537.36"
172.19.131.174 - - [24/Jan/2022:08:47:41 +0000] "GET /nag/themes/default/screen.css HTTP/1.1" 200 1170 "https://mail.smith.russellmitchell.com/nag/list.php" "Mozilla/5.0 (X11; Linux x86_64) AppleWebKit/537.36 (KHTML, like Gecko) HeadlessChrome/97.0.4692.71 Safari/537.36"
172.19.131.174 - - [24/Jan/2022:08:47:41 +0000] "GET /js/tooltips.js?v=d0d0749382c4cc649651134fc974b2e8 HTTP/1.1" 200 1318 "https://mail.smith.russellmitchell.com/nag/list.php" "Mozilla/5.0 (X11; Linux x86_64) AppleWebKit/537.36 (KHTML, like Gecko) HeadlessChrome/97.0.4692.71 Safari/537.36"
172.19.131.174 - - [24/Jan/2022:08:47:41 +0000] "GET /js/quickfinder.js?v=d0d0749382c4cc649651134fc974b2e8 HTTP/1.1" 200 1531 "https://mail.smith.russellmitchell.com/nag/list.php" "Mozilla/5.0 (X11; Linux x86_64) AppleWebKit/537.36 (KHTML, like Gecko) HeadlessChrome/97.0.4692.71 Safari/537.36"
172.19.131.174 - - [24/Jan/2022:08:47:41 +0000] "GET /js/tables.js?v=d0d0749382c4cc649651134fc974b2e8 HTTP/1.1" 200 2536 "https://mail.smith.russellmitchell.com/nag/list.php" "Mozilla/5.0 (X11; Linux x86_64) AppleWebKit/537.36 (KHTML, like Gecko) HeadlessChrome/97.0.4692.71 Safari/537.36"
10.143.2.25 - - [24/Jan/2022:08:48:04 +0000] "POST /mnemo/memo.php HTTP/1.1" 302 1046 "https://mail.smith.russellmitchell.com/mnemo/memo.php?actionID=add_memo" "Mozilla/5.0 (X11; Linux x86_64) AppleWebKit/537.36 (KHTML, like Gecko) HeadlessChrome/97.0.4692.71 Safari/537.36"
10.143.2.25 - - [24/Jan/2022:08:48:04 +0000] "GET /mnemo/list.php HTTP/1.1" 200 13020 "https://mail.smith.russellmitchell.com/mnemo/memo.php?actionID=add_memo" "Mozilla/5.0 (X11; Linux x86_64) AppleWebKit/537.36 (KHTML, like Gecko) HeadlessChrome/97.0.4692.71 Safari/537.36"
10.143.2.25 - - [24/Jan/2022:08:48:05 +0000] "GET /mnemo/themes/default/screen.css HTTP/1.1" 200 1061 "https://mail.smith.russellmitchell.com/mnemo/list.php" "Mozilla/5.0 (X11; Linux x86_64) AppleWebKit/537.36 (KHTML, like Gecko) HeadlessChrome/97.0.4692.71 Safari/537.36"
10.143.2.25 - - [24/Jan/2022:08:48:05 +0000] "GET /js/tooltips.js?v=d0d0749382c4cc649651134fc974b2e8 HTTP/1.1" 200 1318 "https://mail.smith.russellmitchell.com/mnemo/list.php" "Mozilla/5.0 (X11; Linux x86_64) AppleWebKit/537.36 (KHTML, like Gecko) HeadlessChrome/97.0.4692.71 Safari/537.36"
